ARM GAS  C:\Users\Admin\AppData\Local\Temp\ccbbsptH.s 			page 1


   1              		.syntax unified
   2              		.cpu cortex-m0plus
   3              		.fpu softvfp
   4              		.eabi_attribute 20, 1
   5              		.eabi_attribute 21, 1
   6              		.eabi_attribute 23, 3
   7              		.eabi_attribute 24, 1
   8              		.eabi_attribute 25, 1
   9              		.eabi_attribute 26, 1
  10              		.eabi_attribute 30, 1
  11              		.eabi_attribute 34, 0
  12              		.eabi_attribute 18, 4
  13              		.thumb
  14              		.syntax unified
  15              		.file	"cyfitter_cfg.c"
  16              		.text
  17              	.Ltext0:
  18              		.cfi_sections	.debug_frame
  19              		.section	.psocinit,"ax",%progbits
  20              		.align	2
  21              		.code	16
  22              		.thumb_func
  23              		.type	ClockSetup, %function
  24              	ClockSetup:
  25              	.LFB4:
  26              		.file 1 "Generated_Source\\PSoC4\\cyfitter_cfg.c"
   1:Generated_Source\PSoC4/cyfitter_cfg.c **** 
   2:Generated_Source\PSoC4/cyfitter_cfg.c **** /*******************************************************************************
   3:Generated_Source\PSoC4/cyfitter_cfg.c **** * File Name: cyfitter_cfg.c
   4:Generated_Source\PSoC4/cyfitter_cfg.c **** * 
   5:Generated_Source\PSoC4/cyfitter_cfg.c **** * PSoC Creator  4.2
   6:Generated_Source\PSoC4/cyfitter_cfg.c **** *
   7:Generated_Source\PSoC4/cyfitter_cfg.c **** * Description:
   8:Generated_Source\PSoC4/cyfitter_cfg.c **** * This file contains device initialization code.
   9:Generated_Source\PSoC4/cyfitter_cfg.c **** * Except for the user defined sections in CyClockStartupError(), this file should not be modified.
  10:Generated_Source\PSoC4/cyfitter_cfg.c **** * This file is automatically generated by PSoC Creator.
  11:Generated_Source\PSoC4/cyfitter_cfg.c **** *
  12:Generated_Source\PSoC4/cyfitter_cfg.c **** ********************************************************************************
  13:Generated_Source\PSoC4/cyfitter_cfg.c **** * Copyright (c) 2007-2018 Cypress Semiconductor.  All rights reserved.
  14:Generated_Source\PSoC4/cyfitter_cfg.c **** * You may use this file only in accordance with the license, terms, conditions, 
  15:Generated_Source\PSoC4/cyfitter_cfg.c **** * disclaimers, and limitations in the end user license agreement accompanying 
  16:Generated_Source\PSoC4/cyfitter_cfg.c **** * the software package with which this file was provided.
  17:Generated_Source\PSoC4/cyfitter_cfg.c **** ********************************************************************************/
  18:Generated_Source\PSoC4/cyfitter_cfg.c **** 
  19:Generated_Source\PSoC4/cyfitter_cfg.c **** #include <string.h>
  20:Generated_Source\PSoC4/cyfitter_cfg.c **** #include "cytypes.h"
  21:Generated_Source\PSoC4/cyfitter_cfg.c **** #include "cydevice_trm.h"
  22:Generated_Source\PSoC4/cyfitter_cfg.c **** #include "cyfitter.h"
  23:Generated_Source\PSoC4/cyfitter_cfg.c **** #include "CyLib.h"
  24:Generated_Source\PSoC4/cyfitter_cfg.c **** #include "cyfitter_cfg.h"
  25:Generated_Source\PSoC4/cyfitter_cfg.c **** #include "cyapicallbacks.h"
  26:Generated_Source\PSoC4/cyfitter_cfg.c **** 
  27:Generated_Source\PSoC4/cyfitter_cfg.c **** 
  28:Generated_Source\PSoC4/cyfitter_cfg.c **** #if defined(__GNUC__) || defined(__ARMCC_VERSION)
  29:Generated_Source\PSoC4/cyfitter_cfg.c ****     #define CYPACKED 
  30:Generated_Source\PSoC4/cyfitter_cfg.c ****     #define CYPACKED_ATTR __attribute__ ((packed))
  31:Generated_Source\PSoC4/cyfitter_cfg.c ****     #define CYALIGNED __attribute__ ((aligned))
ARM GAS  C:\Users\Admin\AppData\Local\Temp\ccbbsptH.s 			page 2


  32:Generated_Source\PSoC4/cyfitter_cfg.c ****     #define CY_CFG_UNUSED __attribute__ ((unused))
  33:Generated_Source\PSoC4/cyfitter_cfg.c ****     #ifndef CY_CFG_SECTION
  34:Generated_Source\PSoC4/cyfitter_cfg.c ****         #define CY_CFG_SECTION __attribute__ ((section(".psocinit")))
  35:Generated_Source\PSoC4/cyfitter_cfg.c ****     #endif
  36:Generated_Source\PSoC4/cyfitter_cfg.c ****     
  37:Generated_Source\PSoC4/cyfitter_cfg.c ****     #if defined(__ARMCC_VERSION)
  38:Generated_Source\PSoC4/cyfitter_cfg.c ****         #define CY_CFG_MEMORY_BARRIER() __memory_changed()
  39:Generated_Source\PSoC4/cyfitter_cfg.c ****     #else
  40:Generated_Source\PSoC4/cyfitter_cfg.c ****         #define CY_CFG_MEMORY_BARRIER() __sync_synchronize()
  41:Generated_Source\PSoC4/cyfitter_cfg.c ****     #endif
  42:Generated_Source\PSoC4/cyfitter_cfg.c ****     
  43:Generated_Source\PSoC4/cyfitter_cfg.c **** #elif defined(__ICCARM__)
  44:Generated_Source\PSoC4/cyfitter_cfg.c ****     #include <intrinsics.h>
  45:Generated_Source\PSoC4/cyfitter_cfg.c **** 
  46:Generated_Source\PSoC4/cyfitter_cfg.c ****     #define CYPACKED __packed
  47:Generated_Source\PSoC4/cyfitter_cfg.c ****     #define CYPACKED_ATTR 
  48:Generated_Source\PSoC4/cyfitter_cfg.c ****     #define CYALIGNED _Pragma("data_alignment=4")
  49:Generated_Source\PSoC4/cyfitter_cfg.c ****     #define CY_CFG_UNUSED _Pragma("diag_suppress=Pe177")
  50:Generated_Source\PSoC4/cyfitter_cfg.c ****     #define CY_CFG_SECTION _Pragma("location=\".psocinit\"")
  51:Generated_Source\PSoC4/cyfitter_cfg.c ****     
  52:Generated_Source\PSoC4/cyfitter_cfg.c ****     #define CY_CFG_MEMORY_BARRIER() __DMB()
  53:Generated_Source\PSoC4/cyfitter_cfg.c ****     
  54:Generated_Source\PSoC4/cyfitter_cfg.c **** #else
  55:Generated_Source\PSoC4/cyfitter_cfg.c ****     #error Unsupported toolchain
  56:Generated_Source\PSoC4/cyfitter_cfg.c **** #endif
  57:Generated_Source\PSoC4/cyfitter_cfg.c **** 
  58:Generated_Source\PSoC4/cyfitter_cfg.c **** #ifndef CYCODE
  59:Generated_Source\PSoC4/cyfitter_cfg.c ****     #define CYCODE
  60:Generated_Source\PSoC4/cyfitter_cfg.c **** #endif
  61:Generated_Source\PSoC4/cyfitter_cfg.c **** #ifndef CYDATA
  62:Generated_Source\PSoC4/cyfitter_cfg.c ****     #define CYDATA
  63:Generated_Source\PSoC4/cyfitter_cfg.c **** #endif
  64:Generated_Source\PSoC4/cyfitter_cfg.c **** #ifndef CYFAR
  65:Generated_Source\PSoC4/cyfitter_cfg.c ****     #define CYFAR
  66:Generated_Source\PSoC4/cyfitter_cfg.c **** #endif
  67:Generated_Source\PSoC4/cyfitter_cfg.c **** #ifndef CYXDATA
  68:Generated_Source\PSoC4/cyfitter_cfg.c ****     #define CYXDATA
  69:Generated_Source\PSoC4/cyfitter_cfg.c **** #endif
  70:Generated_Source\PSoC4/cyfitter_cfg.c **** 
  71:Generated_Source\PSoC4/cyfitter_cfg.c **** 
  72:Generated_Source\PSoC4/cyfitter_cfg.c **** CY_CFG_UNUSED
  73:Generated_Source\PSoC4/cyfitter_cfg.c **** static void CYMEMZERO(void *s, size_t n);
  74:Generated_Source\PSoC4/cyfitter_cfg.c **** CY_CFG_UNUSED
  75:Generated_Source\PSoC4/cyfitter_cfg.c **** static void CYMEMZERO(void *s, size_t n)
  76:Generated_Source\PSoC4/cyfitter_cfg.c **** {
  77:Generated_Source\PSoC4/cyfitter_cfg.c **** 	(void)memset(s, 0, n);
  78:Generated_Source\PSoC4/cyfitter_cfg.c **** }
  79:Generated_Source\PSoC4/cyfitter_cfg.c **** CY_CFG_UNUSED
  80:Generated_Source\PSoC4/cyfitter_cfg.c **** static void CYCONFIGCPY(void *dest, const void *src, size_t n);
  81:Generated_Source\PSoC4/cyfitter_cfg.c **** CY_CFG_UNUSED
  82:Generated_Source\PSoC4/cyfitter_cfg.c **** static void CYCONFIGCPY(void *dest, const void *src, size_t n)
  83:Generated_Source\PSoC4/cyfitter_cfg.c **** {
  84:Generated_Source\PSoC4/cyfitter_cfg.c **** 	(void)memcpy(dest, src, n);
  85:Generated_Source\PSoC4/cyfitter_cfg.c **** }
  86:Generated_Source\PSoC4/cyfitter_cfg.c **** CY_CFG_UNUSED
  87:Generated_Source\PSoC4/cyfitter_cfg.c **** static void CYCONFIGCPYCODE(void *dest, const void *src, size_t n);
  88:Generated_Source\PSoC4/cyfitter_cfg.c **** CY_CFG_UNUSED
ARM GAS  C:\Users\Admin\AppData\Local\Temp\ccbbsptH.s 			page 3


  89:Generated_Source\PSoC4/cyfitter_cfg.c **** static void CYCONFIGCPYCODE(void *dest, const void *src, size_t n)
  90:Generated_Source\PSoC4/cyfitter_cfg.c **** {
  91:Generated_Source\PSoC4/cyfitter_cfg.c **** 	(void)memcpy(dest, src, n);
  92:Generated_Source\PSoC4/cyfitter_cfg.c **** }
  93:Generated_Source\PSoC4/cyfitter_cfg.c **** 
  94:Generated_Source\PSoC4/cyfitter_cfg.c **** 
  95:Generated_Source\PSoC4/cyfitter_cfg.c **** 
  96:Generated_Source\PSoC4/cyfitter_cfg.c **** 
  97:Generated_Source\PSoC4/cyfitter_cfg.c **** /* Clock startup error codes                                                   */
  98:Generated_Source\PSoC4/cyfitter_cfg.c **** #define CYCLOCKSTART_NO_ERROR    0u
  99:Generated_Source\PSoC4/cyfitter_cfg.c **** #define CYCLOCKSTART_XTAL_ERROR  1u
 100:Generated_Source\PSoC4/cyfitter_cfg.c **** #define CYCLOCKSTART_32KHZ_ERROR 2u
 101:Generated_Source\PSoC4/cyfitter_cfg.c **** #define CYCLOCKSTART_PLL_ERROR   3u
 102:Generated_Source\PSoC4/cyfitter_cfg.c **** #define CYCLOCKSTART_FLL_ERROR   4u
 103:Generated_Source\PSoC4/cyfitter_cfg.c **** #define CYCLOCKSTART_WCO_ERROR   5u
 104:Generated_Source\PSoC4/cyfitter_cfg.c **** 
 105:Generated_Source\PSoC4/cyfitter_cfg.c **** 
 106:Generated_Source\PSoC4/cyfitter_cfg.c **** #ifdef CY_NEED_CYCLOCKSTARTUPERROR
 107:Generated_Source\PSoC4/cyfitter_cfg.c **** /*******************************************************************************
 108:Generated_Source\PSoC4/cyfitter_cfg.c **** * Function Name: CyClockStartupError
 109:Generated_Source\PSoC4/cyfitter_cfg.c **** ********************************************************************************
 110:Generated_Source\PSoC4/cyfitter_cfg.c **** * Summary:
 111:Generated_Source\PSoC4/cyfitter_cfg.c **** *  If an error is encountered during clock configuration (crystal startup error,
 112:Generated_Source\PSoC4/cyfitter_cfg.c **** *  PLL lock error, etc.), the system will end up here.  Unless reimplemented by
 113:Generated_Source\PSoC4/cyfitter_cfg.c **** *  the customer, this function will stop in an infinite loop.
 114:Generated_Source\PSoC4/cyfitter_cfg.c **** *
 115:Generated_Source\PSoC4/cyfitter_cfg.c **** * Parameters:
 116:Generated_Source\PSoC4/cyfitter_cfg.c **** *   void
 117:Generated_Source\PSoC4/cyfitter_cfg.c **** *
 118:Generated_Source\PSoC4/cyfitter_cfg.c **** * Return:
 119:Generated_Source\PSoC4/cyfitter_cfg.c **** *   void
 120:Generated_Source\PSoC4/cyfitter_cfg.c **** *
 121:Generated_Source\PSoC4/cyfitter_cfg.c **** *******************************************************************************/
 122:Generated_Source\PSoC4/cyfitter_cfg.c **** CY_CFG_UNUSED
 123:Generated_Source\PSoC4/cyfitter_cfg.c **** static void CyClockStartupError(uint8 errorCode);
 124:Generated_Source\PSoC4/cyfitter_cfg.c **** CY_CFG_UNUSED
 125:Generated_Source\PSoC4/cyfitter_cfg.c **** static void CyClockStartupError(uint8 errorCode)
 126:Generated_Source\PSoC4/cyfitter_cfg.c **** {
 127:Generated_Source\PSoC4/cyfitter_cfg.c ****     /* To remove the compiler warning if errorCode not used.                */
 128:Generated_Source\PSoC4/cyfitter_cfg.c ****     errorCode = errorCode;
 129:Generated_Source\PSoC4/cyfitter_cfg.c **** 
 130:Generated_Source\PSoC4/cyfitter_cfg.c ****     /* If we have a clock startup error (bad MHz crystal, PLL lock, etc.),  */
 131:Generated_Source\PSoC4/cyfitter_cfg.c ****     /* we will end up here to allow the customer to implement something to  */
 132:Generated_Source\PSoC4/cyfitter_cfg.c ****     /* deal with the clock condition.                                       */
 133:Generated_Source\PSoC4/cyfitter_cfg.c **** 
 134:Generated_Source\PSoC4/cyfitter_cfg.c **** #ifdef CY_CFG_CLOCK_STARTUP_ERROR_CALLBACK
 135:Generated_Source\PSoC4/cyfitter_cfg.c ****     CY_CFG_Clock_Startup_ErrorCallback();
 136:Generated_Source\PSoC4/cyfitter_cfg.c **** #else
 137:Generated_Source\PSoC4/cyfitter_cfg.c ****     /*  If not using CY_CFG_CLOCK_STARTUP_ERROR_CALLBACK, place your clock startup code here. */
 138:Generated_Source\PSoC4/cyfitter_cfg.c ****     /* `#START CyClockStartupError` */
 139:Generated_Source\PSoC4/cyfitter_cfg.c **** 
 140:Generated_Source\PSoC4/cyfitter_cfg.c **** 
 141:Generated_Source\PSoC4/cyfitter_cfg.c **** 
 142:Generated_Source\PSoC4/cyfitter_cfg.c ****     /* `#END` */
 143:Generated_Source\PSoC4/cyfitter_cfg.c **** 
 144:Generated_Source\PSoC4/cyfitter_cfg.c ****     while(1) {}
 145:Generated_Source\PSoC4/cyfitter_cfg.c **** #endif /* CY_CFG_CLOCK_STARTUP_ERROR_CALLBACK */
ARM GAS  C:\Users\Admin\AppData\Local\Temp\ccbbsptH.s 			page 4


 146:Generated_Source\PSoC4/cyfitter_cfg.c **** }
 147:Generated_Source\PSoC4/cyfitter_cfg.c **** #endif
 148:Generated_Source\PSoC4/cyfitter_cfg.c **** 
 149:Generated_Source\PSoC4/cyfitter_cfg.c **** 
 150:Generated_Source\PSoC4/cyfitter_cfg.c **** 
 151:Generated_Source\PSoC4/cyfitter_cfg.c **** /*******************************************************************************
 152:Generated_Source\PSoC4/cyfitter_cfg.c **** * Function Name: ClockSetup
 153:Generated_Source\PSoC4/cyfitter_cfg.c **** ********************************************************************************
 154:Generated_Source\PSoC4/cyfitter_cfg.c **** *
 155:Generated_Source\PSoC4/cyfitter_cfg.c **** * Summary:
 156:Generated_Source\PSoC4/cyfitter_cfg.c **** *   Performs the initialization of all of the clocks in the device based on the
 157:Generated_Source\PSoC4/cyfitter_cfg.c **** *   settings in the Clock tab of the DWR.  This includes enabling the requested
 158:Generated_Source\PSoC4/cyfitter_cfg.c **** *   clocks and setting the necessary dividers to produce the desired frequency. 
 159:Generated_Source\PSoC4/cyfitter_cfg.c **** *
 160:Generated_Source\PSoC4/cyfitter_cfg.c **** * Parameters:
 161:Generated_Source\PSoC4/cyfitter_cfg.c **** *   void
 162:Generated_Source\PSoC4/cyfitter_cfg.c **** *
 163:Generated_Source\PSoC4/cyfitter_cfg.c **** * Return:
 164:Generated_Source\PSoC4/cyfitter_cfg.c **** *   void
 165:Generated_Source\PSoC4/cyfitter_cfg.c **** *
 166:Generated_Source\PSoC4/cyfitter_cfg.c **** *******************************************************************************/
 167:Generated_Source\PSoC4/cyfitter_cfg.c **** static void ClockSetup(void);
 168:Generated_Source\PSoC4/cyfitter_cfg.c **** CY_CFG_SECTION
 169:Generated_Source\PSoC4/cyfitter_cfg.c **** static void ClockSetup(void)
 170:Generated_Source\PSoC4/cyfitter_cfg.c **** {
  27              		.loc 1 170 0
  28              		.cfi_startproc
  29              		@ args = 0, pretend = 0, frame = 0
  30              		@ frame_needed = 0, uses_anonymous_args = 0
  31 0000 10B5     		push	{r4, lr}
  32              		.cfi_def_cfa_offset 8
  33              		.cfi_offset 4, -8
  34              		.cfi_offset 14, -4
 171:Generated_Source\PSoC4/cyfitter_cfg.c **** 
 172:Generated_Source\PSoC4/cyfitter_cfg.c **** 	/* Set Flash Cycles based on max possible frequency in case a glitch occurs during ClockSetup(). *
 173:Generated_Source\PSoC4/cyfitter_cfg.c **** 	CY_SET_REG32((void CYXDATA *)(CYREG_CPUSS_FLASH_CTL), (0x0012u));
  35              		.loc 1 173 0
  36 0002 0F4C     		ldr	r4, .L2
  37 0004 1223     		movs	r3, #18
  38 0006 2360     		str	r3, [r4]
 174:Generated_Source\PSoC4/cyfitter_cfg.c **** 	/* Update IMO to new clock speed. */
 175:Generated_Source\PSoC4/cyfitter_cfg.c **** 	CySysClkWriteImoFreq(24u);
  39              		.loc 1 175 0
  40 0008 1820     		movs	r0, #24
  41 000a FFF7FEFF 		bl	CySysClkWriteImoFreq
  42              	.LVL0:
 176:Generated_Source\PSoC4/cyfitter_cfg.c **** 
 177:Generated_Source\PSoC4/cyfitter_cfg.c **** 	/* Setup phase aligned clocks */
 178:Generated_Source\PSoC4/cyfitter_cfg.c **** 	CY_SET_REG32((void *)CYREG_PERI_DIV_16_CTL0, 0x0000FE00u);
  43              		.loc 1 178 0
  44 000e FE22     		movs	r2, #254
  45 0010 1202     		lsls	r2, r2, #8
  46 0012 0C4B     		ldr	r3, .L2+4
  47 0014 1A60     		str	r2, [r3]
 179:Generated_Source\PSoC4/cyfitter_cfg.c **** 	CY_SET_REG32((void *)CYREG_PERI_DIV_CMD, 0x8000FF40u);
  48              		.loc 1 179 0
  49 0016 0C4B     		ldr	r3, .L2+8
ARM GAS  C:\Users\Admin\AppData\Local\Temp\ccbbsptH.s 			page 5


  50 0018 0C4A     		ldr	r2, .L2+12
  51 001a 1A60     		str	r2, [r3]
 180:Generated_Source\PSoC4/cyfitter_cfg.c **** 	CY_SET_REG32((void *)CYREG_PERI_DIV_16_CTL1, 0x00000200u);
  52              		.loc 1 180 0
  53 001c 8021     		movs	r1, #128
  54 001e 8900     		lsls	r1, r1, #2
  55 0020 0B4A     		ldr	r2, .L2+16
  56 0022 1160     		str	r1, [r2]
 181:Generated_Source\PSoC4/cyfitter_cfg.c **** 	CY_SET_REG32((void *)CYREG_PERI_DIV_CMD, 0x8000FF41u);
  57              		.loc 1 181 0
  58 0024 0B4A     		ldr	r2, .L2+20
  59 0026 1A60     		str	r2, [r3]
 182:Generated_Source\PSoC4/cyfitter_cfg.c **** 
 183:Generated_Source\PSoC4/cyfitter_cfg.c **** 	/* CYDEV_CLK_SELECT Starting address: CYDEV_CLK_SELECT */
 184:Generated_Source\PSoC4/cyfitter_cfg.c **** 	CY_SET_REG32((void *)(CYREG_CLK_SELECT), 0x00000000u);
  60              		.loc 1 184 0
  61 0028 0022     		movs	r2, #0
  62 002a 0B4B     		ldr	r3, .L2+24
  63 002c 1A60     		str	r2, [r3]
 185:Generated_Source\PSoC4/cyfitter_cfg.c **** 
 186:Generated_Source\PSoC4/cyfitter_cfg.c **** 	/* CYDEV_PERI_PCLK_CTL2 Starting address: CYDEV_PERI_PCLK_CTL2 */
 187:Generated_Source\PSoC4/cyfitter_cfg.c **** 	CY_SET_REG32((void *)(CYREG_PERI_PCLK_CTL2), 0x00000040u);
  64              		.loc 1 187 0
  65 002e 4032     		adds	r2, r2, #64
  66 0030 0A4B     		ldr	r3, .L2+28
  67 0032 1A60     		str	r2, [r3]
 188:Generated_Source\PSoC4/cyfitter_cfg.c **** 
 189:Generated_Source\PSoC4/cyfitter_cfg.c **** 	/* CYDEV_PERI_PCLK_CTL0 Starting address: CYDEV_PERI_PCLK_CTL0 */
 190:Generated_Source\PSoC4/cyfitter_cfg.c **** 	CY_SET_REG32((void *)(CYREG_PERI_PCLK_CTL0), 0x00000041u);
  68              		.loc 1 190 0
  69 0034 0132     		adds	r2, r2, #1
  70 0036 0A4B     		ldr	r3, .L2+32
  71 0038 1A60     		str	r2, [r3]
 191:Generated_Source\PSoC4/cyfitter_cfg.c **** 
 192:Generated_Source\PSoC4/cyfitter_cfg.c **** 	/* Set Flash Cycles based on newly configured 24.00MHz HFCLK. */
 193:Generated_Source\PSoC4/cyfitter_cfg.c **** 	CY_SET_REG32((void CYXDATA *)(CYREG_CPUSS_FLASH_CTL), (0x0011u));
  72              		.loc 1 193 0
  73 003a 1123     		movs	r3, #17
  74 003c 2360     		str	r3, [r4]
 194:Generated_Source\PSoC4/cyfitter_cfg.c **** }
  75              		.loc 1 194 0
  76              		@ sp needed
  77 003e 10BD     		pop	{r4, pc}
  78              	.L3:
  79              		.align	2
  80              	.L2:
  81 0040 30001040 		.word	1074790448
  82 0044 00030140 		.word	1073808128
  83 0048 00000140 		.word	1073807360
  84 004c 40FF0080 		.word	-2147418304
  85 0050 04030140 		.word	1073808132
  86 0054 41FF0080 		.word	-2147418303
  87 0058 28000340 		.word	1073938472
  88 005c 08010140 		.word	1073807624
  89 0060 00010140 		.word	1073807616
  90              		.cfi_endproc
  91              	.LFE4:
ARM GAS  C:\Users\Admin\AppData\Local\Temp\ccbbsptH.s 			page 6


  92              		.size	ClockSetup, .-ClockSetup
  93              		.section	.text.SetAnalogRoutingPumps,"ax",%progbits
  94              		.align	2
  95              		.global	SetAnalogRoutingPumps
  96              		.code	16
  97              		.thumb_func
  98              		.type	SetAnalogRoutingPumps, %function
  99              	SetAnalogRoutingPumps:
 100              	.LFB6:
 195:Generated_Source\PSoC4/cyfitter_cfg.c **** 
 196:Generated_Source\PSoC4/cyfitter_cfg.c **** 
 197:Generated_Source\PSoC4/cyfitter_cfg.c **** /* Analog API Functions */
 198:Generated_Source\PSoC4/cyfitter_cfg.c **** 
 199:Generated_Source\PSoC4/cyfitter_cfg.c **** 
 200:Generated_Source\PSoC4/cyfitter_cfg.c **** /*******************************************************************************
 201:Generated_Source\PSoC4/cyfitter_cfg.c **** * Function Name: AnalogSetDefault
 202:Generated_Source\PSoC4/cyfitter_cfg.c **** ********************************************************************************
 203:Generated_Source\PSoC4/cyfitter_cfg.c **** *
 204:Generated_Source\PSoC4/cyfitter_cfg.c **** * Summary:
 205:Generated_Source\PSoC4/cyfitter_cfg.c **** *  Sets up the analog portions of the chip to default values based on chip
 206:Generated_Source\PSoC4/cyfitter_cfg.c **** *  configuration options from the project.
 207:Generated_Source\PSoC4/cyfitter_cfg.c **** *
 208:Generated_Source\PSoC4/cyfitter_cfg.c **** * Parameters:
 209:Generated_Source\PSoC4/cyfitter_cfg.c **** *  void
 210:Generated_Source\PSoC4/cyfitter_cfg.c **** *
 211:Generated_Source\PSoC4/cyfitter_cfg.c **** * Return:
 212:Generated_Source\PSoC4/cyfitter_cfg.c **** *  void
 213:Generated_Source\PSoC4/cyfitter_cfg.c **** *
 214:Generated_Source\PSoC4/cyfitter_cfg.c **** *******************************************************************************/
 215:Generated_Source\PSoC4/cyfitter_cfg.c **** static void AnalogSetDefault(void);
 216:Generated_Source\PSoC4/cyfitter_cfg.c **** static void AnalogSetDefault(void)
 217:Generated_Source\PSoC4/cyfitter_cfg.c **** {
 218:Generated_Source\PSoC4/cyfitter_cfg.c **** 	SetAnalogRoutingPumps(1);
 219:Generated_Source\PSoC4/cyfitter_cfg.c **** }
 220:Generated_Source\PSoC4/cyfitter_cfg.c **** 
 221:Generated_Source\PSoC4/cyfitter_cfg.c **** 
 222:Generated_Source\PSoC4/cyfitter_cfg.c **** /*******************************************************************************
 223:Generated_Source\PSoC4/cyfitter_cfg.c **** * Function Name: SetAnalogRoutingPumps
 224:Generated_Source\PSoC4/cyfitter_cfg.c **** ********************************************************************************
 225:Generated_Source\PSoC4/cyfitter_cfg.c **** *
 226:Generated_Source\PSoC4/cyfitter_cfg.c **** * Summary:
 227:Generated_Source\PSoC4/cyfitter_cfg.c **** * Enables or disables the analog pumps feeding analog routing switches.
 228:Generated_Source\PSoC4/cyfitter_cfg.c **** * Intended to be called at startup, based on the Vdda system configuration;
 229:Generated_Source\PSoC4/cyfitter_cfg.c **** * may be called during operation when the user informs us that the Vdda voltage crossed the pump th
 230:Generated_Source\PSoC4/cyfitter_cfg.c **** *
 231:Generated_Source\PSoC4/cyfitter_cfg.c **** * Parameters:
 232:Generated_Source\PSoC4/cyfitter_cfg.c **** *  enabled - 1 to enable the pumps, 0 to disable the pumps
 233:Generated_Source\PSoC4/cyfitter_cfg.c **** *
 234:Generated_Source\PSoC4/cyfitter_cfg.c **** * Return:
 235:Generated_Source\PSoC4/cyfitter_cfg.c **** *  void
 236:Generated_Source\PSoC4/cyfitter_cfg.c **** *
 237:Generated_Source\PSoC4/cyfitter_cfg.c **** *******************************************************************************/
 238:Generated_Source\PSoC4/cyfitter_cfg.c **** void SetAnalogRoutingPumps(uint8 enabled)
 239:Generated_Source\PSoC4/cyfitter_cfg.c **** {
 101              		.loc 1 239 0
 102              		.cfi_startproc
 103              		@ args = 0, pretend = 0, frame = 0
ARM GAS  C:\Users\Admin\AppData\Local\Temp\ccbbsptH.s 			page 7


 104              		@ frame_needed = 0, uses_anonymous_args = 0
 105              		@ link register save eliminated.
 106              	.LVL1:
 240:Generated_Source\PSoC4/cyfitter_cfg.c **** 	uint32 regValue = CY_GET_XTND_REG32((void *)(CYREG_HSIOM_PUMP_CTL));
 107              		.loc 1 240 0
 108 0000 0B4B     		ldr	r3, .L9
 109 0002 1B68     		ldr	r3, [r3]
 110              	.LVL2:
 241:Generated_Source\PSoC4/cyfitter_cfg.c **** 	if (enabled != 0u)
 111              		.loc 1 241 0
 112 0004 0028     		cmp	r0, #0
 113 0006 03D0     		beq	.L5
 242:Generated_Source\PSoC4/cyfitter_cfg.c **** 	{
 243:Generated_Source\PSoC4/cyfitter_cfg.c **** 		regValue |= 0x80000000u;
 114              		.loc 1 243 0
 115 0008 8022     		movs	r2, #128
 116 000a 1206     		lsls	r2, r2, #24
 117 000c 1343     		orrs	r3, r2
 118              	.LVL3:
 119 000e 01E0     		b	.L6
 120              	.L5:
 244:Generated_Source\PSoC4/cyfitter_cfg.c **** 	}
 245:Generated_Source\PSoC4/cyfitter_cfg.c **** 	else
 246:Generated_Source\PSoC4/cyfitter_cfg.c **** 	{
 247:Generated_Source\PSoC4/cyfitter_cfg.c **** 		regValue &= ~0x80000000u;
 121              		.loc 1 247 0
 122 0010 5B00     		lsls	r3, r3, #1
 123              	.LVL4:
 124 0012 5B08     		lsrs	r3, r3, #1
 125              	.LVL5:
 126              	.L6:
 248:Generated_Source\PSoC4/cyfitter_cfg.c **** 	}
 249:Generated_Source\PSoC4/cyfitter_cfg.c **** 	CY_SET_XTND_REG32((void *)(CYREG_HSIOM_PUMP_CTL), regValue);
 127              		.loc 1 249 0
 128 0014 064A     		ldr	r2, .L9
 129 0016 1360     		str	r3, [r2]
 250:Generated_Source\PSoC4/cyfitter_cfg.c **** 	regValue = CY_GET_XTND_REG32((void *)(CYREG_CLK_SELECT));
 130              		.loc 1 250 0
 131 0018 064B     		ldr	r3, .L9+4
 132              	.LVL6:
 133 001a 1B68     		ldr	r3, [r3]
 134              	.LVL7:
 251:Generated_Source\PSoC4/cyfitter_cfg.c **** 	if (enabled != 0u)
 135              		.loc 1 251 0
 136 001c 0028     		cmp	r0, #0
 137 001e 02D0     		beq	.L7
 252:Generated_Source\PSoC4/cyfitter_cfg.c **** 	{
 253:Generated_Source\PSoC4/cyfitter_cfg.c **** 		regValue |= 0x00000020u;
 138              		.loc 1 253 0
 139 0020 2022     		movs	r2, #32
 140 0022 1343     		orrs	r3, r2
 141              	.LVL8:
 142 0024 01E0     		b	.L8
 143              	.L7:
 254:Generated_Source\PSoC4/cyfitter_cfg.c **** 	}
 255:Generated_Source\PSoC4/cyfitter_cfg.c **** 	else
 256:Generated_Source\PSoC4/cyfitter_cfg.c **** 	{
ARM GAS  C:\Users\Admin\AppData\Local\Temp\ccbbsptH.s 			page 8


 257:Generated_Source\PSoC4/cyfitter_cfg.c **** 		regValue &= ~0x00000020u;
 144              		.loc 1 257 0
 145 0026 2022     		movs	r2, #32
 146 0028 9343     		bics	r3, r2
 147              	.LVL9:
 148              	.L8:
 258:Generated_Source\PSoC4/cyfitter_cfg.c **** 	}
 259:Generated_Source\PSoC4/cyfitter_cfg.c **** 	CY_SET_XTND_REG32((void *)(CYREG_CLK_SELECT), regValue);
 149              		.loc 1 259 0
 150 002a 024A     		ldr	r2, .L9+4
 151 002c 1360     		str	r3, [r2]
 260:Generated_Source\PSoC4/cyfitter_cfg.c **** }
 152              		.loc 1 260 0
 153              		@ sp needed
 154 002e 7047     		bx	lr
 155              	.L10:
 156              		.align	2
 157              	.L9:
 158 0030 00200240 		.word	1073881088
 159 0034 28000340 		.word	1073938472
 160              		.cfi_endproc
 161              	.LFE6:
 162              		.size	SetAnalogRoutingPumps, .-SetAnalogRoutingPumps
 163              		.section	.text.AnalogSetDefault,"ax",%progbits
 164              		.align	2
 165              		.code	16
 166              		.thumb_func
 167              		.type	AnalogSetDefault, %function
 168              	AnalogSetDefault:
 169              	.LFB5:
 217:Generated_Source\PSoC4/cyfitter_cfg.c **** 	SetAnalogRoutingPumps(1);
 170              		.loc 1 217 0
 171              		.cfi_startproc
 172              		@ args = 0, pretend = 0, frame = 0
 173              		@ frame_needed = 0, uses_anonymous_args = 0
 174 0000 10B5     		push	{r4, lr}
 175              		.cfi_def_cfa_offset 8
 176              		.cfi_offset 4, -8
 177              		.cfi_offset 14, -4
 218:Generated_Source\PSoC4/cyfitter_cfg.c **** }
 178              		.loc 1 218 0
 179 0002 0120     		movs	r0, #1
 180 0004 FFF7FEFF 		bl	SetAnalogRoutingPumps
 181              	.LVL10:
 219:Generated_Source\PSoC4/cyfitter_cfg.c **** 
 182              		.loc 1 219 0
 183              		@ sp needed
 184 0008 10BD     		pop	{r4, pc}
 185              		.cfi_endproc
 186              	.LFE5:
 187              		.size	AnalogSetDefault, .-AnalogSetDefault
 188              		.section	.psocinit
 189              		.align	2
 190              		.global	cyfitter_cfg
 191              		.code	16
 192              		.thumb_func
 193              		.type	cyfitter_cfg, %function
ARM GAS  C:\Users\Admin\AppData\Local\Temp\ccbbsptH.s 			page 9


 194              	cyfitter_cfg:
 195              	.LFB7:
 261:Generated_Source\PSoC4/cyfitter_cfg.c **** 
 262:Generated_Source\PSoC4/cyfitter_cfg.c **** 
 263:Generated_Source\PSoC4/cyfitter_cfg.c **** 
 264:Generated_Source\PSoC4/cyfitter_cfg.c **** 
 265:Generated_Source\PSoC4/cyfitter_cfg.c **** /*******************************************************************************
 266:Generated_Source\PSoC4/cyfitter_cfg.c **** * Function Name: cyfitter_cfg
 267:Generated_Source\PSoC4/cyfitter_cfg.c **** ********************************************************************************
 268:Generated_Source\PSoC4/cyfitter_cfg.c **** * Summary:
 269:Generated_Source\PSoC4/cyfitter_cfg.c **** *  This function is called by the start-up code for the selected device. It
 270:Generated_Source\PSoC4/cyfitter_cfg.c **** *  performs all of the necessary device configuration based on the design
 271:Generated_Source\PSoC4/cyfitter_cfg.c **** *  settings.  This includes settings from the Design Wide Resources (DWR) such
 272:Generated_Source\PSoC4/cyfitter_cfg.c **** *  as Clocks and Pins as well as any component configuration that is necessary.
 273:Generated_Source\PSoC4/cyfitter_cfg.c **** *
 274:Generated_Source\PSoC4/cyfitter_cfg.c **** * Parameters:
 275:Generated_Source\PSoC4/cyfitter_cfg.c **** *   void
 276:Generated_Source\PSoC4/cyfitter_cfg.c **** *
 277:Generated_Source\PSoC4/cyfitter_cfg.c **** * Return:
 278:Generated_Source\PSoC4/cyfitter_cfg.c **** *   void
 279:Generated_Source\PSoC4/cyfitter_cfg.c **** *
 280:Generated_Source\PSoC4/cyfitter_cfg.c **** *******************************************************************************/
 281:Generated_Source\PSoC4/cyfitter_cfg.c **** CY_CFG_SECTION
 282:Generated_Source\PSoC4/cyfitter_cfg.c **** void cyfitter_cfg(void)
 283:Generated_Source\PSoC4/cyfitter_cfg.c **** {
 196              		.loc 1 283 0
 197              		.cfi_startproc
 198              		@ args = 0, pretend = 0, frame = 0
 199              		@ frame_needed = 0, uses_anonymous_args = 0
 200 0064 10B5     		push	{r4, lr}
 201              		.cfi_def_cfa_offset 8
 202              		.cfi_offset 4, -8
 203              		.cfi_offset 14, -4
 284:Generated_Source\PSoC4/cyfitter_cfg.c **** 	/* Disable interrupts by default. Let user enable if/when they want. */
 285:Generated_Source\PSoC4/cyfitter_cfg.c **** 	CyGlobalIntDisable;
 204              		.loc 1 285 0
 205              		.syntax divided
 206              	@ 285 "Generated_Source\PSoC4\cyfitter_cfg.c" 1
 207 0066 72B6     		CPSID   i
 208              	@ 0 "" 2
 286:Generated_Source\PSoC4/cyfitter_cfg.c **** 
 287:Generated_Source\PSoC4/cyfitter_cfg.c **** 	{
 288:Generated_Source\PSoC4/cyfitter_cfg.c **** 		/* HSIOM Starting address: CYDEV_HSIOM_BASE */
 289:Generated_Source\PSoC4/cyfitter_cfg.c **** 		CY_SET_REG32((void *)(CYREG_HSIOM_PORT_SEL1), 0x000000EEu);
 209              		.loc 1 289 0
 210              		.thumb
 211              		.syntax unified
 212 0068 EE22     		movs	r2, #238
 213 006a 124B     		ldr	r3, .L13
 214 006c 1A60     		str	r2, [r3]
 290:Generated_Source\PSoC4/cyfitter_cfg.c **** 		CY_SET_REG32((void *)(CYREG_HSIOM_PORT_SEL3), 0x0000EE00u);
 215              		.loc 1 290 0
 216 006e EE22     		movs	r2, #238
 217 0070 1202     		lsls	r2, r2, #8
 218 0072 114B     		ldr	r3, .L13+4
 219 0074 1A60     		str	r2, [r3]
 291:Generated_Source\PSoC4/cyfitter_cfg.c **** 
ARM GAS  C:\Users\Admin\AppData\Local\Temp\ccbbsptH.s 			page 10


 292:Generated_Source\PSoC4/cyfitter_cfg.c **** 	}
 293:Generated_Source\PSoC4/cyfitter_cfg.c **** 
 294:Generated_Source\PSoC4/cyfitter_cfg.c **** 	/* Perform second pass device configuration. These items must be configured in specific order afte
 295:Generated_Source\PSoC4/cyfitter_cfg.c **** 	/* IOPINS0_0 Starting address: CYDEV_GPIO_PRT0_BASE */
 296:Generated_Source\PSoC4/cyfitter_cfg.c **** 	CY_SET_REG32((void *)(CYDEV_GPIO_PRT0_BASE), 0x000000FFu);
 220              		.loc 1 296 0
 221 0076 FF23     		movs	r3, #255
 222 0078 104A     		ldr	r2, .L13+8
 223 007a 1360     		str	r3, [r2]
 297:Generated_Source\PSoC4/cyfitter_cfg.c **** 	CY_SET_REG32((void *)(CYREG_GPIO_PRT0_PC2), 0x000000FFu);
 224              		.loc 1 297 0
 225 007c 104A     		ldr	r2, .L13+12
 226 007e 1360     		str	r3, [r2]
 298:Generated_Source\PSoC4/cyfitter_cfg.c **** 
 299:Generated_Source\PSoC4/cyfitter_cfg.c **** 	/* IOPINS0_1 Starting address: CYDEV_GPIO_PRT1_BASE */
 300:Generated_Source\PSoC4/cyfitter_cfg.c **** 	CY_SET_REG32((void *)(CYDEV_GPIO_PRT1_BASE), 0x000000FBu);
 227              		.loc 1 300 0
 228 0080 FB22     		movs	r2, #251
 229 0082 104B     		ldr	r3, .L13+16
 230 0084 1A60     		str	r2, [r3]
 301:Generated_Source\PSoC4/cyfitter_cfg.c **** 	CY_SET_REG32((void *)(CYREG_GPIO_PRT1_PC), 0x00000024u);
 231              		.loc 1 301 0
 232 0086 D73A     		subs	r2, r2, #215
 233 0088 0F4B     		ldr	r3, .L13+20
 234 008a 1A60     		str	r2, [r3]
 302:Generated_Source\PSoC4/cyfitter_cfg.c **** 	CY_SET_REG32((void *)(CYREG_GPIO_PRT1_PC2), 0x000000FCu);
 235              		.loc 1 302 0
 236 008c D832     		adds	r2, r2, #216
 237 008e 0F4B     		ldr	r3, .L13+24
 238 0090 1A60     		str	r2, [r3]
 303:Generated_Source\PSoC4/cyfitter_cfg.c **** 
 304:Generated_Source\PSoC4/cyfitter_cfg.c **** 	/* IOPINS0_3 Starting address: CYDEV_GPIO_PRT3_BASE */
 305:Generated_Source\PSoC4/cyfitter_cfg.c **** 	CY_SET_REG32((void *)(CYDEV_GPIO_PRT3_BASE), 0x00000080u);
 239              		.loc 1 305 0
 240 0092 8023     		movs	r3, #128
 241 0094 0E4A     		ldr	r2, .L13+28
 242 0096 1360     		str	r3, [r2]
 306:Generated_Source\PSoC4/cyfitter_cfg.c **** 	CY_SET_REG32((void *)(CYREG_GPIO_PRT3_PC), 0x00006D80u);
 243              		.loc 1 306 0
 244 0098 DB21     		movs	r1, #219
 245 009a C901     		lsls	r1, r1, #7
 246 009c 0D4A     		ldr	r2, .L13+32
 247 009e 1160     		str	r1, [r2]
 307:Generated_Source\PSoC4/cyfitter_cfg.c **** 	CY_SET_REG32((void *)(CYREG_GPIO_PRT3_PC2), 0x00000080u);
 248              		.loc 1 307 0
 249 00a0 0D4A     		ldr	r2, .L13+36
 250 00a2 1360     		str	r3, [r2]
 308:Generated_Source\PSoC4/cyfitter_cfg.c **** 
 309:Generated_Source\PSoC4/cyfitter_cfg.c **** 	/* IOPINS0_4 Starting address: CYDEV_GPIO_PRT4_BASE */
 310:Generated_Source\PSoC4/cyfitter_cfg.c **** 	CY_SET_REG32((void *)(CYREG_GPIO_PRT4_PC2), 0x00000002u);
 251              		.loc 1 310 0
 252 00a4 0222     		movs	r2, #2
 253 00a6 0D4B     		ldr	r3, .L13+40
 254 00a8 1A60     		str	r2, [r3]
 311:Generated_Source\PSoC4/cyfitter_cfg.c **** 
 312:Generated_Source\PSoC4/cyfitter_cfg.c **** 
 313:Generated_Source\PSoC4/cyfitter_cfg.c **** 	/* Setup clocks based on selections from Clock DWR */
ARM GAS  C:\Users\Admin\AppData\Local\Temp\ccbbsptH.s 			page 11


 314:Generated_Source\PSoC4/cyfitter_cfg.c **** 	ClockSetup();
 255              		.loc 1 314 0
 256 00aa FFF7A9FF 		bl	ClockSetup
 257              	.LVL11:
 315:Generated_Source\PSoC4/cyfitter_cfg.c **** 
 316:Generated_Source\PSoC4/cyfitter_cfg.c **** 	/* Perform basic analog initialization to defaults */
 317:Generated_Source\PSoC4/cyfitter_cfg.c **** 	AnalogSetDefault();
 258              		.loc 1 317 0
 259 00ae FFF7FEFF 		bl	AnalogSetDefault
 260              	.LVL12:
 318:Generated_Source\PSoC4/cyfitter_cfg.c **** 
 319:Generated_Source\PSoC4/cyfitter_cfg.c **** }
 261              		.loc 1 319 0
 262              		@ sp needed
 263 00b2 10BD     		pop	{r4, pc}
 264              	.L14:
 265              		.align	2
 266              	.L13:
 267 00b4 00010240 		.word	1073873152
 268 00b8 00030240 		.word	1073873664
 269 00bc 00000440 		.word	1074003968
 270 00c0 18000440 		.word	1074003992
 271 00c4 00010440 		.word	1074004224
 272 00c8 08010440 		.word	1074004232
 273 00cc 18010440 		.word	1074004248
 274 00d0 00030440 		.word	1074004736
 275 00d4 08030440 		.word	1074004744
 276 00d8 18030440 		.word	1074004760
 277 00dc 18040440 		.word	1074005016
 278              		.cfi_endproc
 279              	.LFE7:
 280              		.size	cyfitter_cfg, .-cyfitter_cfg
 281              		.text
 282              	.Letext0:
 283              		.file 2 "Generated_Source\\PSoC4\\cytypes.h"
 284              		.file 3 "Generated_Source\\PSoC4\\CyLib.h"
 285              		.section	.debug_info,"",%progbits
 286              	.Ldebug_info0:
 287 0000 64010000 		.4byte	0x164
 288 0004 0400     		.2byte	0x4
 289 0006 00000000 		.4byte	.Ldebug_abbrev0
 290 000a 04       		.byte	0x4
 291 000b 01       		.uleb128 0x1
 292 000c 40010000 		.4byte	.LASF21
 293 0010 0C       		.byte	0xc
 294 0011 15000000 		.4byte	.LASF22
 295 0015 D2010000 		.4byte	.LASF23
 296 0019 00000000 		.4byte	.Ldebug_ranges0+0
 297 001d 00000000 		.4byte	0
 298 0021 00000000 		.4byte	.Ldebug_line0
 299 0025 02       		.uleb128 0x2
 300 0026 04       		.byte	0x4
 301 0027 05       		.byte	0x5
 302 0028 696E7400 		.ascii	"int\000"
 303 002c 03       		.uleb128 0x3
 304 002d 04       		.byte	0x4
 305 002e 07       		.byte	0x7
ARM GAS  C:\Users\Admin\AppData\Local\Temp\ccbbsptH.s 			page 12


 306 002f 3B000000 		.4byte	.LASF0
 307 0033 03       		.uleb128 0x3
 308 0034 08       		.byte	0x8
 309 0035 05       		.byte	0x5
 310 0036 00000000 		.4byte	.LASF1
 311 003a 03       		.uleb128 0x3
 312 003b 08       		.byte	0x8
 313 003c 04       		.byte	0x4
 314 003d 19010000 		.4byte	.LASF2
 315 0041 03       		.uleb128 0x3
 316 0042 01       		.byte	0x1
 317 0043 06       		.byte	0x6
 318 0044 0D010000 		.4byte	.LASF3
 319 0048 03       		.uleb128 0x3
 320 0049 01       		.byte	0x1
 321 004a 08       		.byte	0x8
 322 004b B5000000 		.4byte	.LASF4
 323 004f 03       		.uleb128 0x3
 324 0050 02       		.byte	0x2
 325 0051 05       		.byte	0x5
 326 0052 36010000 		.4byte	.LASF5
 327 0056 03       		.uleb128 0x3
 328 0057 02       		.byte	0x2
 329 0058 07       		.byte	0x7
 330 0059 FA000000 		.4byte	.LASF6
 331 005d 03       		.uleb128 0x3
 332 005e 04       		.byte	0x4
 333 005f 05       		.byte	0x5
 334 0060 C8000000 		.4byte	.LASF7
 335 0064 03       		.uleb128 0x3
 336 0065 04       		.byte	0x4
 337 0066 07       		.byte	0x7
 338 0067 4E000000 		.4byte	.LASF8
 339 006b 03       		.uleb128 0x3
 340 006c 08       		.byte	0x8
 341 006d 07       		.byte	0x7
 342 006e 6D000000 		.4byte	.LASF9
 343 0072 03       		.uleb128 0x3
 344 0073 04       		.byte	0x4
 345 0074 07       		.byte	0x7
 346 0075 3B020000 		.4byte	.LASF10
 347 0079 03       		.uleb128 0x3
 348 007a 01       		.byte	0x1
 349 007b 08       		.byte	0x8
 350 007c C3000000 		.4byte	.LASF11
 351 0080 04       		.uleb128 0x4
 352 0081 48000000 		.4byte	.LASF12
 353 0085 02       		.byte	0x2
 354 0086 E401     		.2byte	0x1e4
 355 0088 48000000 		.4byte	0x48
 356 008c 04       		.uleb128 0x4
 357 008d 0E000000 		.4byte	.LASF13
 358 0091 02       		.byte	0x2
 359 0092 E601     		.2byte	0x1e6
 360 0094 64000000 		.4byte	0x64
 361 0098 03       		.uleb128 0x3
 362 0099 04       		.byte	0x4
ARM GAS  C:\Users\Admin\AppData\Local\Temp\ccbbsptH.s 			page 13


 363 009a 04       		.byte	0x4
 364 009b 84000000 		.4byte	.LASF14
 365 009f 03       		.uleb128 0x3
 366 00a0 08       		.byte	0x8
 367 00a1 04       		.byte	0x4
 368 00a2 ED000000 		.4byte	.LASF15
 369 00a6 04       		.uleb128 0x4
 370 00a7 F4000000 		.4byte	.LASF16
 371 00ab 02       		.byte	0x2
 372 00ac 9002     		.2byte	0x290
 373 00ae B2000000 		.4byte	0xb2
 374 00b2 05       		.uleb128 0x5
 375 00b3 8C000000 		.4byte	0x8c
 376 00b7 06       		.uleb128 0x6
 377 00b8 E2000000 		.4byte	.LASF17
 378 00bc 01       		.byte	0x1
 379 00bd A9       		.byte	0xa9
 380 00be 00000000 		.4byte	.LFB4
 381 00c2 64000000 		.4byte	.LFE4-.LFB4
 382 00c6 01       		.uleb128 0x1
 383 00c7 9C       		.byte	0x9c
 384 00c8 DC000000 		.4byte	0xdc
 385 00cc 07       		.uleb128 0x7
 386 00cd 0E000000 		.4byte	.LVL0
 387 00d1 5C010000 		.4byte	0x15c
 388 00d5 08       		.uleb128 0x8
 389 00d6 01       		.uleb128 0x1
 390 00d7 50       		.byte	0x50
 391 00d8 01       		.uleb128 0x1
 392 00d9 48       		.byte	0x48
 393 00da 00       		.byte	0
 394 00db 00       		.byte	0
 395 00dc 09       		.uleb128 0x9
 396 00dd 8A000000 		.4byte	.LASF19
 397 00e1 01       		.byte	0x1
 398 00e2 EE       		.byte	0xee
 399 00e3 00000000 		.4byte	.LFB6
 400 00e7 38000000 		.4byte	.LFE6-.LFB6
 401 00eb 01       		.uleb128 0x1
 402 00ec 9C       		.byte	0x9c
 403 00ed 0E010000 		.4byte	0x10e
 404 00f1 0A       		.uleb128 0xa
 405 00f2 25010000 		.4byte	.LASF24
 406 00f6 01       		.byte	0x1
 407 00f7 EE       		.byte	0xee
 408 00f8 80000000 		.4byte	0x80
 409 00fc 01       		.uleb128 0x1
 410 00fd 50       		.byte	0x50
 411 00fe 0B       		.uleb128 0xb
 412 00ff 2D010000 		.4byte	.LASF25
 413 0103 01       		.byte	0x1
 414 0104 F0       		.byte	0xf0
 415 0105 8C000000 		.4byte	0x8c
 416 0109 00000000 		.4byte	.LLST0
 417 010d 00       		.byte	0
 418 010e 06       		.uleb128 0x6
 419 010f D1000000 		.4byte	.LASF18
ARM GAS  C:\Users\Admin\AppData\Local\Temp\ccbbsptH.s 			page 14


 420 0113 01       		.byte	0x1
 421 0114 D8       		.byte	0xd8
 422 0115 00000000 		.4byte	.LFB5
 423 0119 0A000000 		.4byte	.LFE5-.LFB5
 424 011d 01       		.uleb128 0x1
 425 011e 9C       		.byte	0x9c
 426 011f 33010000 		.4byte	0x133
 427 0123 07       		.uleb128 0x7
 428 0124 08000000 		.4byte	.LVL10
 429 0128 DC000000 		.4byte	0xdc
 430 012c 08       		.uleb128 0x8
 431 012d 01       		.uleb128 0x1
 432 012e 50       		.byte	0x50
 433 012f 01       		.uleb128 0x1
 434 0130 31       		.byte	0x31
 435 0131 00       		.byte	0
 436 0132 00       		.byte	0
 437 0133 0C       		.uleb128 0xc
 438 0134 60000000 		.4byte	.LASF20
 439 0138 01       		.byte	0x1
 440 0139 1A01     		.2byte	0x11a
 441 013b 64000000 		.4byte	.LFB7
 442 013f 7C000000 		.4byte	.LFE7-.LFB7
 443 0143 01       		.uleb128 0x1
 444 0144 9C       		.byte	0x9c
 445 0145 5C010000 		.4byte	0x15c
 446 0149 0D       		.uleb128 0xd
 447 014a AE000000 		.4byte	.LVL11
 448 014e B7000000 		.4byte	0xb7
 449 0152 0D       		.uleb128 0xd
 450 0153 B2000000 		.4byte	.LVL12
 451 0157 0E010000 		.4byte	0x10e
 452 015b 00       		.byte	0
 453 015c 0E       		.uleb128 0xe
 454 015d A0000000 		.4byte	.LASF26
 455 0161 A0000000 		.4byte	.LASF26
 456 0165 03       		.byte	0x3
 457 0166 6C       		.byte	0x6c
 458 0167 00       		.byte	0
 459              		.section	.debug_abbrev,"",%progbits
 460              	.Ldebug_abbrev0:
 461 0000 01       		.uleb128 0x1
 462 0001 11       		.uleb128 0x11
 463 0002 01       		.byte	0x1
 464 0003 25       		.uleb128 0x25
 465 0004 0E       		.uleb128 0xe
 466 0005 13       		.uleb128 0x13
 467 0006 0B       		.uleb128 0xb
 468 0007 03       		.uleb128 0x3
 469 0008 0E       		.uleb128 0xe
 470 0009 1B       		.uleb128 0x1b
 471 000a 0E       		.uleb128 0xe
 472 000b 55       		.uleb128 0x55
 473 000c 17       		.uleb128 0x17
 474 000d 11       		.uleb128 0x11
 475 000e 01       		.uleb128 0x1
 476 000f 10       		.uleb128 0x10
ARM GAS  C:\Users\Admin\AppData\Local\Temp\ccbbsptH.s 			page 15


 477 0010 17       		.uleb128 0x17
 478 0011 00       		.byte	0
 479 0012 00       		.byte	0
 480 0013 02       		.uleb128 0x2
 481 0014 24       		.uleb128 0x24
 482 0015 00       		.byte	0
 483 0016 0B       		.uleb128 0xb
 484 0017 0B       		.uleb128 0xb
 485 0018 3E       		.uleb128 0x3e
 486 0019 0B       		.uleb128 0xb
 487 001a 03       		.uleb128 0x3
 488 001b 08       		.uleb128 0x8
 489 001c 00       		.byte	0
 490 001d 00       		.byte	0
 491 001e 03       		.uleb128 0x3
 492 001f 24       		.uleb128 0x24
 493 0020 00       		.byte	0
 494 0021 0B       		.uleb128 0xb
 495 0022 0B       		.uleb128 0xb
 496 0023 3E       		.uleb128 0x3e
 497 0024 0B       		.uleb128 0xb
 498 0025 03       		.uleb128 0x3
 499 0026 0E       		.uleb128 0xe
 500 0027 00       		.byte	0
 501 0028 00       		.byte	0
 502 0029 04       		.uleb128 0x4
 503 002a 16       		.uleb128 0x16
 504 002b 00       		.byte	0
 505 002c 03       		.uleb128 0x3
 506 002d 0E       		.uleb128 0xe
 507 002e 3A       		.uleb128 0x3a
 508 002f 0B       		.uleb128 0xb
 509 0030 3B       		.uleb128 0x3b
 510 0031 05       		.uleb128 0x5
 511 0032 49       		.uleb128 0x49
 512 0033 13       		.uleb128 0x13
 513 0034 00       		.byte	0
 514 0035 00       		.byte	0
 515 0036 05       		.uleb128 0x5
 516 0037 35       		.uleb128 0x35
 517 0038 00       		.byte	0
 518 0039 49       		.uleb128 0x49
 519 003a 13       		.uleb128 0x13
 520 003b 00       		.byte	0
 521 003c 00       		.byte	0
 522 003d 06       		.uleb128 0x6
 523 003e 2E       		.uleb128 0x2e
 524 003f 01       		.byte	0x1
 525 0040 03       		.uleb128 0x3
 526 0041 0E       		.uleb128 0xe
 527 0042 3A       		.uleb128 0x3a
 528 0043 0B       		.uleb128 0xb
 529 0044 3B       		.uleb128 0x3b
 530 0045 0B       		.uleb128 0xb
 531 0046 27       		.uleb128 0x27
 532 0047 19       		.uleb128 0x19
 533 0048 11       		.uleb128 0x11
ARM GAS  C:\Users\Admin\AppData\Local\Temp\ccbbsptH.s 			page 16


 534 0049 01       		.uleb128 0x1
 535 004a 12       		.uleb128 0x12
 536 004b 06       		.uleb128 0x6
 537 004c 40       		.uleb128 0x40
 538 004d 18       		.uleb128 0x18
 539 004e 9742     		.uleb128 0x2117
 540 0050 19       		.uleb128 0x19
 541 0051 01       		.uleb128 0x1
 542 0052 13       		.uleb128 0x13
 543 0053 00       		.byte	0
 544 0054 00       		.byte	0
 545 0055 07       		.uleb128 0x7
 546 0056 898201   		.uleb128 0x4109
 547 0059 01       		.byte	0x1
 548 005a 11       		.uleb128 0x11
 549 005b 01       		.uleb128 0x1
 550 005c 31       		.uleb128 0x31
 551 005d 13       		.uleb128 0x13
 552 005e 00       		.byte	0
 553 005f 00       		.byte	0
 554 0060 08       		.uleb128 0x8
 555 0061 8A8201   		.uleb128 0x410a
 556 0064 00       		.byte	0
 557 0065 02       		.uleb128 0x2
 558 0066 18       		.uleb128 0x18
 559 0067 9142     		.uleb128 0x2111
 560 0069 18       		.uleb128 0x18
 561 006a 00       		.byte	0
 562 006b 00       		.byte	0
 563 006c 09       		.uleb128 0x9
 564 006d 2E       		.uleb128 0x2e
 565 006e 01       		.byte	0x1
 566 006f 3F       		.uleb128 0x3f
 567 0070 19       		.uleb128 0x19
 568 0071 03       		.uleb128 0x3
 569 0072 0E       		.uleb128 0xe
 570 0073 3A       		.uleb128 0x3a
 571 0074 0B       		.uleb128 0xb
 572 0075 3B       		.uleb128 0x3b
 573 0076 0B       		.uleb128 0xb
 574 0077 27       		.uleb128 0x27
 575 0078 19       		.uleb128 0x19
 576 0079 11       		.uleb128 0x11
 577 007a 01       		.uleb128 0x1
 578 007b 12       		.uleb128 0x12
 579 007c 06       		.uleb128 0x6
 580 007d 40       		.uleb128 0x40
 581 007e 18       		.uleb128 0x18
 582 007f 9742     		.uleb128 0x2117
 583 0081 19       		.uleb128 0x19
 584 0082 01       		.uleb128 0x1
 585 0083 13       		.uleb128 0x13
 586 0084 00       		.byte	0
 587 0085 00       		.byte	0
 588 0086 0A       		.uleb128 0xa
 589 0087 05       		.uleb128 0x5
 590 0088 00       		.byte	0
ARM GAS  C:\Users\Admin\AppData\Local\Temp\ccbbsptH.s 			page 17


 591 0089 03       		.uleb128 0x3
 592 008a 0E       		.uleb128 0xe
 593 008b 3A       		.uleb128 0x3a
 594 008c 0B       		.uleb128 0xb
 595 008d 3B       		.uleb128 0x3b
 596 008e 0B       		.uleb128 0xb
 597 008f 49       		.uleb128 0x49
 598 0090 13       		.uleb128 0x13
 599 0091 02       		.uleb128 0x2
 600 0092 18       		.uleb128 0x18
 601 0093 00       		.byte	0
 602 0094 00       		.byte	0
 603 0095 0B       		.uleb128 0xb
 604 0096 34       		.uleb128 0x34
 605 0097 00       		.byte	0
 606 0098 03       		.uleb128 0x3
 607 0099 0E       		.uleb128 0xe
 608 009a 3A       		.uleb128 0x3a
 609 009b 0B       		.uleb128 0xb
 610 009c 3B       		.uleb128 0x3b
 611 009d 0B       		.uleb128 0xb
 612 009e 49       		.uleb128 0x49
 613 009f 13       		.uleb128 0x13
 614 00a0 02       		.uleb128 0x2
 615 00a1 17       		.uleb128 0x17
 616 00a2 00       		.byte	0
 617 00a3 00       		.byte	0
 618 00a4 0C       		.uleb128 0xc
 619 00a5 2E       		.uleb128 0x2e
 620 00a6 01       		.byte	0x1
 621 00a7 3F       		.uleb128 0x3f
 622 00a8 19       		.uleb128 0x19
 623 00a9 03       		.uleb128 0x3
 624 00aa 0E       		.uleb128 0xe
 625 00ab 3A       		.uleb128 0x3a
 626 00ac 0B       		.uleb128 0xb
 627 00ad 3B       		.uleb128 0x3b
 628 00ae 05       		.uleb128 0x5
 629 00af 27       		.uleb128 0x27
 630 00b0 19       		.uleb128 0x19
 631 00b1 11       		.uleb128 0x11
 632 00b2 01       		.uleb128 0x1
 633 00b3 12       		.uleb128 0x12
 634 00b4 06       		.uleb128 0x6
 635 00b5 40       		.uleb128 0x40
 636 00b6 18       		.uleb128 0x18
 637 00b7 9742     		.uleb128 0x2117
 638 00b9 19       		.uleb128 0x19
 639 00ba 01       		.uleb128 0x1
 640 00bb 13       		.uleb128 0x13
 641 00bc 00       		.byte	0
 642 00bd 00       		.byte	0
 643 00be 0D       		.uleb128 0xd
 644 00bf 898201   		.uleb128 0x4109
 645 00c2 00       		.byte	0
 646 00c3 11       		.uleb128 0x11
 647 00c4 01       		.uleb128 0x1
ARM GAS  C:\Users\Admin\AppData\Local\Temp\ccbbsptH.s 			page 18


 648 00c5 31       		.uleb128 0x31
 649 00c6 13       		.uleb128 0x13
 650 00c7 00       		.byte	0
 651 00c8 00       		.byte	0
 652 00c9 0E       		.uleb128 0xe
 653 00ca 2E       		.uleb128 0x2e
 654 00cb 00       		.byte	0
 655 00cc 3F       		.uleb128 0x3f
 656 00cd 19       		.uleb128 0x19
 657 00ce 3C       		.uleb128 0x3c
 658 00cf 19       		.uleb128 0x19
 659 00d0 6E       		.uleb128 0x6e
 660 00d1 0E       		.uleb128 0xe
 661 00d2 03       		.uleb128 0x3
 662 00d3 0E       		.uleb128 0xe
 663 00d4 3A       		.uleb128 0x3a
 664 00d5 0B       		.uleb128 0xb
 665 00d6 3B       		.uleb128 0x3b
 666 00d7 0B       		.uleb128 0xb
 667 00d8 00       		.byte	0
 668 00d9 00       		.byte	0
 669 00da 00       		.byte	0
 670              		.section	.debug_loc,"",%progbits
 671              	.Ldebug_loc0:
 672              	.LLST0:
 673 0000 04000000 		.4byte	.LVL2
 674 0004 12000000 		.4byte	.LVL4
 675 0008 0100     		.2byte	0x1
 676 000a 53       		.byte	0x53
 677 000b 14000000 		.4byte	.LVL5
 678 000f 1A000000 		.4byte	.LVL6
 679 0013 0100     		.2byte	0x1
 680 0015 53       		.byte	0x53
 681 0016 1A000000 		.4byte	.LVL6
 682 001a 1C000000 		.4byte	.LVL7
 683 001e 0200     		.2byte	0x2
 684 0020 72       		.byte	0x72
 685 0021 00       		.sleb128 0
 686 0022 1C000000 		.4byte	.LVL7
 687 0026 38000000 		.4byte	.LFE6
 688 002a 0100     		.2byte	0x1
 689 002c 53       		.byte	0x53
 690 002d 00000000 		.4byte	0
 691 0031 00000000 		.4byte	0
 692              		.section	.debug_aranges,"",%progbits
 693 0000 34000000 		.4byte	0x34
 694 0004 0200     		.2byte	0x2
 695 0006 00000000 		.4byte	.Ldebug_info0
 696 000a 04       		.byte	0x4
 697 000b 00       		.byte	0
 698 000c 0000     		.2byte	0
 699 000e 0000     		.2byte	0
 700 0010 00000000 		.4byte	.LFB4
 701 0014 64000000 		.4byte	.LFE4-.LFB4
 702 0018 00000000 		.4byte	.LFB6
 703 001c 38000000 		.4byte	.LFE6-.LFB6
 704 0020 00000000 		.4byte	.LFB5
ARM GAS  C:\Users\Admin\AppData\Local\Temp\ccbbsptH.s 			page 19


 705 0024 0A000000 		.4byte	.LFE5-.LFB5
 706 0028 64000000 		.4byte	.LFB7
 707 002c 7C000000 		.4byte	.LFE7-.LFB7
 708 0030 00000000 		.4byte	0
 709 0034 00000000 		.4byte	0
 710              		.section	.debug_ranges,"",%progbits
 711              	.Ldebug_ranges0:
 712 0000 00000000 		.4byte	.LFB4
 713 0004 64000000 		.4byte	.LFE4
 714 0008 00000000 		.4byte	.LFB6
 715 000c 38000000 		.4byte	.LFE6
 716 0010 00000000 		.4byte	.LFB5
 717 0014 0A000000 		.4byte	.LFE5
 718 0018 64000000 		.4byte	.LFB7
 719 001c E0000000 		.4byte	.LFE7
 720 0020 00000000 		.4byte	0
 721 0024 00000000 		.4byte	0
 722              		.section	.debug_line,"",%progbits
 723              	.Ldebug_line0:
 724 0000 B6000000 		.section	.debug_str,"MS",%progbits,1
 724      02005400 
 724      00000201 
 724      FB0E0D00 
 724      01010101 
 725              	.LASF1:
 726 0000 6C6F6E67 		.ascii	"long long int\000"
 726      206C6F6E 
 726      6720696E 
 726      7400
 727              	.LASF13:
 728 000e 75696E74 		.ascii	"uint32\000"
 728      333200
 729              	.LASF22:
 730 0015 47656E65 		.ascii	"Generated_Source\\PSoC4\\cyfitter_cfg.c\000"
 730      72617465 
 730      645F536F 
 730      75726365 
 730      5C50536F 
 731              	.LASF0:
 732 003b 756E7369 		.ascii	"unsigned int\000"
 732      676E6564 
 732      20696E74 
 732      00
 733              	.LASF12:
 734 0048 75696E74 		.ascii	"uint8\000"
 734      3800
 735              	.LASF8:
 736 004e 6C6F6E67 		.ascii	"long unsigned int\000"
 736      20756E73 
 736      69676E65 
 736      6420696E 
 736      7400
 737              	.LASF20:
 738 0060 63796669 		.ascii	"cyfitter_cfg\000"
 738      74746572 
 738      5F636667 
 738      00
ARM GAS  C:\Users\Admin\AppData\Local\Temp\ccbbsptH.s 			page 20


 739              	.LASF9:
 740 006d 6C6F6E67 		.ascii	"long long unsigned int\000"
 740      206C6F6E 
 740      6720756E 
 740      7369676E 
 740      65642069 
 741              	.LASF14:
 742 0084 666C6F61 		.ascii	"float\000"
 742      7400
 743              	.LASF19:
 744 008a 53657441 		.ascii	"SetAnalogRoutingPumps\000"
 744      6E616C6F 
 744      67526F75 
 744      74696E67 
 744      50756D70 
 745              	.LASF26:
 746 00a0 43795379 		.ascii	"CySysClkWriteImoFreq\000"
 746      73436C6B 
 746      57726974 
 746      65496D6F 
 746      46726571 
 747              	.LASF4:
 748 00b5 756E7369 		.ascii	"unsigned char\000"
 748      676E6564 
 748      20636861 
 748      7200
 749              	.LASF11:
 750 00c3 63686172 		.ascii	"char\000"
 750      00
 751              	.LASF7:
 752 00c8 6C6F6E67 		.ascii	"long int\000"
 752      20696E74 
 752      00
 753              	.LASF18:
 754 00d1 416E616C 		.ascii	"AnalogSetDefault\000"
 754      6F675365 
 754      74446566 
 754      61756C74 
 754      00
 755              	.LASF17:
 756 00e2 436C6F63 		.ascii	"ClockSetup\000"
 756      6B536574 
 756      757000
 757              	.LASF15:
 758 00ed 646F7562 		.ascii	"double\000"
 758      6C6500
 759              	.LASF16:
 760 00f4 72656733 		.ascii	"reg32\000"
 760      3200
 761              	.LASF6:
 762 00fa 73686F72 		.ascii	"short unsigned int\000"
 762      7420756E 
 762      7369676E 
 762      65642069 
 762      6E7400
 763              	.LASF3:
 764 010d 7369676E 		.ascii	"signed char\000"
ARM GAS  C:\Users\Admin\AppData\Local\Temp\ccbbsptH.s 			page 21


 764      65642063 
 764      68617200 
 765              	.LASF2:
 766 0119 6C6F6E67 		.ascii	"long double\000"
 766      20646F75 
 766      626C6500 
 767              	.LASF24:
 768 0125 656E6162 		.ascii	"enabled\000"
 768      6C656400 
 769              	.LASF25:
 770 012d 72656756 		.ascii	"regValue\000"
 770      616C7565 
 770      00
 771              	.LASF5:
 772 0136 73686F72 		.ascii	"short int\000"
 772      7420696E 
 772      7400
 773              	.LASF21:
 774 0140 474E5520 		.ascii	"GNU C11 5.4.1 20160609 (release) [ARM/embedded-5-br"
 774      43313120 
 774      352E342E 
 774      31203230 
 774      31363036 
 775 0173 616E6368 		.ascii	"anch revision 237715] -mcpu=cortex-m0plus -mthumb -"
 775      20726576 
 775      6973696F 
 775      6E203233 
 775      37373135 
 776 01a6 67202D4F 		.ascii	"g -Og -ffunction-sections -ffat-lto-objects\000"
 776      67202D66 
 776      66756E63 
 776      74696F6E 
 776      2D736563 
 777              	.LASF23:
 778 01d2 433A5C55 		.ascii	"C:\\Users\\Admin\\Documents\\PSoC Creator\\CE224899"
 778      73657273 
 778      5C41646D 
 778      696E5C44 
 778      6F63756D 
 779 0200 5F50536F 		.ascii	"_PSoC4_CapSense_Hybrid_Buttons01\\CapSense_15_Butto"
 779      43345F43 
 779      61705365 
 779      6E73655F 
 779      48796272 
 780 0232 6E732E63 		.ascii	"ns.cydsn\000"
 780      7964736E 
 780      00
 781              	.LASF10:
 782 023b 73697A65 		.ascii	"sizetype\000"
 782      74797065 
 782      00
 783              		.ident	"GCC: (GNU Tools for ARM Embedded Processors) 5.4.1 20160609 (release) [ARM/embedded-5-bran
