Archive member included to satisfy reference by file (symbol)

.\CortexM0\ARM_GCC_541\Debug\Design01.a(Pin_DIR_X.o)
                              .\CortexM0\ARM_GCC_541\Debug\stepper.o (Pin_DIR_X_Write)
.\CortexM0\ARM_GCC_541\Debug\Design01.a(Pin_EN.o)
                              .\CortexM0\ARM_GCC_541\Debug\main.o (Pin_EN_Write)
.\CortexM0\ARM_GCC_541\Debug\Design01.a(Step_Counter.o)
                              .\CortexM0\ARM_GCC_541\Debug\stepper.o (Step_Counter_Stop)
.\CortexM0\ARM_GCC_541\Debug\Design01.a(X_Interrupt.o)
                              .\CortexM0\ARM_GCC_541\Debug\stepper.o (X_Interrupt_StartEx)
.\CortexM0\ARM_GCC_541\Debug\Design01.a(Counter_Motor_Steps.o)
                              .\CortexM0\ARM_GCC_541\Debug\main.o (Counter_Motor_Steps_Start)
.\CortexM0\ARM_GCC_541\Debug\Design01.a(Motor_Control_Reg.o)
                              .\CortexM0\ARM_GCC_541\Debug\stepper.o (Motor_Control_Reg_Write)
.\CortexM0\ARM_GCC_541\Debug\Design01.a(Pin_DIR_Y.o)
                              .\CortexM0\ARM_GCC_541\Debug\stepper.o (Pin_DIR_Y_Write)
.\CortexM0\ARM_GCC_541\Debug\Design01.a(CyLib.o)
                              .\CortexM0\ARM_GCC_541\Debug\cyfitter_cfg.o (CyIntEnable)
.\CortexM0\ARM_GCC_541\Debug\Design01.a(CyLFClk.o)
                              .\CortexM0\ARM_GCC_541\Debug\cyfitter_cfg.o (CySysClkWcoStart)
.\CortexM0\ARM_GCC_541\Debug\Design01.a(LCD.o)
                              .\CortexM0\ARM_GCC_541\Debug\main.o (LCD_PutChar)
.\CortexM0\ARM_GCC_541\Debug\Design01.a(LCD_CustChars.o)
                              .\CortexM0\ARM_GCC_541\Debug\Design01.a(LCD.o) (LCD_LoadCustomFonts)
.\CortexM0\ARM_GCC_541\Debug\Design01.a(CyBootAsmGnu.o)
                              .\CortexM0\ARM_GCC_541\Debug\Design01.a(CyLib.o) (CyDelayCycles)
c:/program files (x86)/cypress/psoc creator/4.2/psoc creator/import/gnu/arm/5.4.1/bin/../lib/gcc/arm-none-eabi/5.4.1/armv6-m\libgcc.a(_udivsi3.o)
                              .\CortexM0\ARM_GCC_541\Debug\Design01.a(CyLib.o) (__aeabi_uidiv)
c:/program files (x86)/cypress/psoc creator/4.2/psoc creator/import/gnu/arm/5.4.1/bin/../lib/gcc/arm-none-eabi/5.4.1/armv6-m\libgcc.a(_divsi3.o)
                              .\CortexM0\ARM_GCC_541\Debug\Design01.a(CyLFClk.o) (__aeabi_idiv)
c:/program files (x86)/cypress/psoc creator/4.2/psoc creator/import/gnu/arm/5.4.1/bin/../lib/gcc/arm-none-eabi/5.4.1/armv6-m\libgcc.a(_dvmd_tls.o)
                              c:/program files (x86)/cypress/psoc creator/4.2/psoc creator/import/gnu/arm/5.4.1/bin/../lib/gcc/arm-none-eabi/5.4.1/armv6-m\libgcc.a(_udivsi3.o) (__aeabi_idiv0)
c:/program files (x86)/cypress/psoc creator/4.2/psoc creator/import/gnu/arm/5.4.1/bin/../lib/gcc/arm-none-eabi/5.4.1/armv6-m\libgcc.a(_arm_cmpdf2.o)
                              .\CortexM0\ARM_GCC_541\Debug\stepper.o (__aeabi_dcmpgt)
c:/program files (x86)/cypress/psoc creator/4.2/psoc creator/import/gnu/arm/5.4.1/bin/../lib/gcc/arm-none-eabi/5.4.1/armv6-m\libgcc.a(_fixunssfsi.o)
                              .\CortexM0\ARM_GCC_541\Debug\stepper.o (__aeabi_f2uiz)
c:/program files (x86)/cypress/psoc creator/4.2/psoc creator/import/gnu/arm/5.4.1/bin/../lib/gcc/arm-none-eabi/5.4.1/armv6-m\libgcc.a(addsf3.o)
                              .\CortexM0\ARM_GCC_541\Debug\stepper.o (__aeabi_fadd)
c:/program files (x86)/cypress/psoc creator/4.2/psoc creator/import/gnu/arm/5.4.1/bin/../lib/gcc/arm-none-eabi/5.4.1/armv6-m\libgcc.a(mulsf3.o)
                              .\CortexM0\ARM_GCC_541\Debug\stepper.o (__aeabi_fmul)
c:/program files (x86)/cypress/psoc creator/4.2/psoc creator/import/gnu/arm/5.4.1/bin/../lib/gcc/arm-none-eabi/5.4.1/armv6-m\libgcc.a(subsf3.o)
                              c:/program files (x86)/cypress/psoc creator/4.2/psoc creator/import/gnu/arm/5.4.1/bin/../lib/gcc/arm-none-eabi/5.4.1/armv6-m\libgcc.a(_fixunssfsi.o) (__aeabi_fsub)
c:/program files (x86)/cypress/psoc creator/4.2/psoc creator/import/gnu/arm/5.4.1/bin/../lib/gcc/arm-none-eabi/5.4.1/armv6-m\libgcc.a(fixsfsi.o)
                              c:/program files (x86)/cypress/psoc creator/4.2/psoc creator/import/gnu/arm/5.4.1/bin/../lib/gcc/arm-none-eabi/5.4.1/armv6-m\libgcc.a(_fixunssfsi.o) (__aeabi_f2iz)
c:/program files (x86)/cypress/psoc creator/4.2/psoc creator/import/gnu/arm/5.4.1/bin/../lib/gcc/arm-none-eabi/5.4.1/armv6-m\libgcc.a(adddf3.o)
                              .\CortexM0\ARM_GCC_541\Debug\stepper.o (__aeabi_dadd)
c:/program files (x86)/cypress/psoc creator/4.2/psoc creator/import/gnu/arm/5.4.1/bin/../lib/gcc/arm-none-eabi/5.4.1/armv6-m\libgcc.a(divdf3.o)
                              .\CortexM0\ARM_GCC_541\Debug\stepper.o (__aeabi_ddiv)
c:/program files (x86)/cypress/psoc creator/4.2/psoc creator/import/gnu/arm/5.4.1/bin/../lib/gcc/arm-none-eabi/5.4.1/armv6-m\libgcc.a(eqdf2.o)
[...]
Memory Configuration

Name             Origin             Length             Attributes
rom              0x00000000         0x00040000         xr
ram              0x20000000         0x00008000         xrw
*default*        0x00000000         0xffffffff

Linker script and memory map

LOAD c:/program files (x86)/cypress/psoc creator/4.2/psoc creator/import/gnu/arm/5.4.1/bin/../lib/gcc/arm-none-eabi/5.4.1/armv6-m/crti.o
LOAD c:/program files (x86)/cypress/psoc creator/4.2/psoc creator/import/gnu/arm/5.4.1/bin/../lib/gcc/arm-none-eabi/5.4.1/armv6-m/crtbegin.o
LOAD c:/program files (x86)/cypress/psoc creator/4.2/psoc creator/import/gnu/arm/5.4.1/bin/../lib/gcc/arm-none-eabi/5.4.1/../../../../arm-none-eabi/lib/armv6-m/crt0.o
START GROUP
LOAD .\CortexM0\ARM_GCC_541\Debug\main.o
LOAD .\CortexM0\ARM_GCC_541\Debug\stepper.o
LOAD .\CortexM0\ARM_GCC_541\Debug\cyfitter_cfg.o
LOAD .\CortexM0\ARM_GCC_541\Debug\cymetadata.o
LOAD .\CortexM0\ARM_GCC_541\Debug\Cm0Start.o
LOAD .\CortexM0\ARM_GCC_541\Debug\Design01.a
END GROUP
START GROUP
LOAD c:/program files (x86)/cypress/psoc creator/4.2/psoc creator/import/gnu/arm/5.4.1/bin/../lib/gcc/arm-none-eabi/5.4.1/armv6-m\libgcc.a
LOAD c:/program files (x86)/cypress/psoc creator/4.2/psoc creator/import/gnu/arm/5.4.1/bin/../lib/gcc/arm-none-eabi/5.4.1/../../../../arm-none-eabi/lib/armv6-m\libg_nano.a
LOAD c:/program files (x86)/cypress/psoc creator/4.2/psoc creator/import/gnu/arm/5.4.1/bin/../lib/gcc/arm-none-eabi/5.4.1/../../../../arm-none-eabi/lib/armv6-m\libc_nano.a
END GROUP
START GROUP
LOAD c:/program files (x86)/cypress/psoc creator/4.2/psoc creator/import/gnu/arm/5.4.1/bin/../lib/gcc/arm-none-eabi/5.4.1/armv6-m\libgcc.a
LOAD c:/program files (x86)/cypress/psoc creator/4.2/psoc creator/import/gnu/arm/5.4.1/bin/../lib/gcc/arm-none-eabi/5.4.1/../../../../arm-none-eabi/lib/armv6-m\libc_nano.a
END GROUP
LOAD c:/program files (x86)/cypress/psoc creator/4.2/psoc creator/import/gnu/arm/5.4.1/bin/../lib/gcc/arm-none-eabi/5.4.1/armv6-m/crtend.o
LOAD c:/program files (x86)/cypress/psoc creator/4.2/psoc creator/import/gnu/arm/5.4.1/bin/../lib/gcc/arm-none-eabi/5.4.1/armv6-m/crtn.o
START GROUP
LOAD c:/program files (x86)/cypress/psoc creator/4.2/psoc creator/import/gnu/arm/5.4.1/bin/../lib/gcc/arm-none-eabi/5.4.1/armv6-m\libgcc.a
LOAD c:/program files (x86)/cypress/psoc creator/4.2/psoc creator/import/gnu/arm/5.4.1/bin/../lib/gcc/arm-none-eabi/5.4.1/../../../../arm-none-eabi/lib/armv6-m\libc.a
LOAD c:/program files (x86)/cypress/psoc creator/4.2/psoc creator/import/gnu/arm/5.4.1/bin/../lib/gcc/arm-none-eabi/5.4.1/../../../../arm-none-eabi/lib/armv6-m\libnosys.a
END GROUP
                0x00000000                CY_APPL_ORIGIN = 0x0
                0x00000100                CY_FLASH_ROW_SIZE = 0x100
                0x00000001                CY_APPL_NUM = 0x1
                0x00000001                CY_APPL_MAX = 0x1
                0x00000040                CY_METADATA_SIZE = 0x40
                0x00000000                CY_APPL_LOADABLE = 0x0
                0x00000000                CY_CHECKSUM_EXCLUDE_SIZE = ALIGN (0x0, CY_FLASH_ROW_SIZE)
                0x00000000                CY_APP_FOR_STACK_AND_COPIER = 0x0
                [!provide]                PROVIDE (__cy_heap_start, _end)
                0x00000001                PROVIDE (__cy_region_num, ((__cy_regions_end - __cy_regions) / 0x10))
                0x20008000                PROVIDE (__cy_stack, (ORIGIN (ram) + LENGTH (ram)))
                [!provide]                PROVIDE (__cy_heap_end, (__cy_stack - 0x400))

.cybootloader   0x00000000        0x0
 *(.cybootloader)
                0x00000000                appl1_start = CY_APPL_ORIGIN?CY_APPL_ORIGIN:ALIGN (CY_FLASH_ROW_SIZE)
                0x0001ff00                appl2_start = (appl1_start + ALIGN ((((LENGTH (rom) - appl1_start) - (0x2 * CY_FLASH_ROW_SIZE)) / 0x2), CY_FLASH_ROW_SIZE))
                0x00000000                appl_start = (CY_APPL_NUM == 0x1)?appl1_start:appl2_start
                0x00000001                cy_project_type_bootloader = (appl_start == 0x0)?0x1:0x0
                0x00000000                cy_project_type_app_for_stack_and_copier = (CY_APP_FOR_STACK_AND_COPIER == 0x1)?0x1:0x0

.text           0x00000000     0x3294
 CREATE_OBJECT_SYMBOLS
                0x00000000                PROVIDE (__cy_interrupt_vector, RomVectors)
 *(.romvectors)
 .romvectors    0x00000000       0x10 .\CortexM0\ARM_GCC_541\Debug\Cm0Start.o
                0x00000000                RomVectors
                0x00000001                ASSERT ((. != __cy_interrupt_vector), No interrupt vector)
                0x00000001                ASSERT (CY_APPL_ORIGIN?(SIZEOF (.cybootloader) <= CY_APPL_ORIGIN):0x1, Wrong image location)
                0x00000010                PROVIDE (__cy_reset, Reset)
 *(.text.Reset)
 .text.Reset    0x00000010        0x8 .\CortexM0\ARM_GCC_541\Debug\Cm0Start.o
                0x00000010                Reset
                0x00000001                ASSERT ((. != __cy_reset), No reset code)
 *(.psocinit)
 .psocinit      0x00000018      0x1c4 .\CortexM0\ARM_GCC_541\Debug\cyfitter_cfg.o
                0x000000e8                cyfitter_cfg
                0x000001dc                . = MAX (., 0x100)
 *(.text .text.* .gnu.linkonce.t.*)
 .text          0x000001dc       0x60 c:/program files (x86)/cypress/psoc creator/4.2/psoc creator/import/gnu/arm/5.4.1/bin/../lib/gcc/arm-none-eabi/5.4.1/armv6-m/crtbegin.o
 .text.print_num_sign
                0x0000023c       0x58 .\CortexM0\ARM_GCC_541\Debug\main.o
                0x0000023c                print_num_sign
 .text.main     0x00000294      0x1cc .\CortexM0\ARM_GCC_541\Debug\main.o
                0x00000294                main
 .text.FillAccelerationArray
                0x00000460       0xb4 .\CortexM0\ARM_GCC_541\Debug\stepper.o
 .text.X_MoveISR
                0x00000514       0x8c .\CortexM0\ARM_GCC_541\Debug\stepper.o
                0x00000514                X_MoveISR
 .text.Stepper_Init
                0x000005a0       0x18 .\CortexM0\ARM_GCC_541\Debug\stepper.o
                0x000005a0                Stepper_Init
 .text.Stepper_MoveX
                0x000005b8       0x70 .\CortexM0\ARM_GCC_541\Debug\stepper.o
                0x000005b8                Stepper_MoveX
 .text.cfg_write_bytes32
                0x00000628       0x34 .\CortexM0\ARM_GCC_541\Debug\cyfitter_cfg.o
 .text.AnalogSetDefault
                0x0000065c       0x20 .\CortexM0\ARM_GCC_541\Debug\cyfitter_cfg.o
 .text.CYMEMZERO
                0x0000067c        0xc .\CortexM0\ARM_GCC_541\Debug\cyfitter_cfg.o
 .text.IntDefaultHandler
                0x00000688       0x10 .\CortexM0\ARM_GCC_541\Debug\Cm0Start.o
                0x00000688                IntDefaultHandler
 .text.Start_c  0x00000698       0x48 .\CortexM0\ARM_GCC_541\Debug\Cm0Start.o
                0x00000698                Start_c
 .text.initialize_psoc
                0x000006e0       0x4c .\CortexM0\ARM_GCC_541\Debug\Cm0Start.o
                0x000006e0                initialize_psoc
 .text.Pin_DIR_X_Write
                0x0000072c       0x18 .\CortexM0\ARM_GCC_541\Debug\Design01.a(Pin_DIR_X.o)
                0x0000072c                Pin_DIR_X_Write
 .text.Pin_EN_Write
                0x00000744       0x18 .\CortexM0\ARM_GCC_541\Debug\Design01.a(Pin_EN.o)
                0x00000744                Pin_EN_Write
 .text.Step_Counter_Stop
                0x0000075c       0x1c .\CortexM0\ARM_GCC_541\Debug\Design01.a(Step_Counter.o)
                0x0000075c                Step_Counter_Stop
 .text.Step_Counter_WriteCounter
                0x00000778       0x10 .\CortexM0\ARM_GCC_541\Debug\Design01.a(Step_Counter.o)
                0x00000778                Step_Counter_WriteCounter
 .text.Step_Counter_WritePeriod
                0x00000788       0x10 .\CortexM0\ARM_GCC_541\Debug\Design01.a(Step_Counter.o)
                0x00000788                Step_Counter_WritePeriod
 .text.Step_Counter_WriteCompare
                0x00000798       0x10 .\CortexM0\ARM_GCC_541\Debug\Design01.a(Step_Counter.o)
                0x00000798                Step_Counter_WriteCompare
 .text.Step_Counter_TriggerCommand
                0x000007a8       0x1c .\CortexM0\ARM_GCC_541\Debug\Design01.a(Step_Counter.o)
                0x000007a8                Step_Counter_TriggerCommand
 .text.Step_Counter_Enable
                0x000007c4       0x24 .\CortexM0\ARM_GCC_541\Debug\Design01.a(Step_Counter.o)
                0x000007c4                Step_Counter_Enable
 .text.Step_Counter_SetInterruptMode
                0x000007e8        0xc .\CortexM0\ARM_GCC_541\Debug\Design01.a(Step_Counter.o)
                0x000007e8                Step_Counter_SetInterruptMode
 .text.Step_Counter_Init
                0x000007f4       0x34 .\CortexM0\ARM_GCC_541\Debug\Design01.a(Step_Counter.o)
                0x000007f4                Step_Counter_Init
 .text.Step_Counter_Start
                0x00000828       0x20 .\CortexM0\ARM_GCC_541\Debug\Design01.a(Step_Counter.o)
                0x00000828                Step_Counter_Start
 .text.Step_Counter_ClearInterrupt
                0x00000848        0xc .\CortexM0\ARM_GCC_541\Debug\Design01.a(Step_Counter.o)
                0x00000848                Step_Counter_ClearInterrupt
 .text.X_Interrupt_SetVector
                0x00000854        0xc .\CortexM0\ARM_GCC_541\Debug\Design01.a(X_Interrupt.o)
                0x00000854                X_Interrupt_SetVector
 .text.X_Interrupt_SetPriority
                0x00000860       0x24 .\CortexM0\ARM_GCC_541\Debug\Design01.a(X_Interrupt.o)
                0x00000860                X_Interrupt_SetPriority
 .text.X_Interrupt_Enable
                0x00000884       0x10 .\CortexM0\ARM_GCC_541\Debug\Design01.a(X_Interrupt.o)
                0x00000884                X_Interrupt_Enable
 .text.X_Interrupt_Disable
                0x00000894       0x10 .\CortexM0\ARM_GCC_541\Debug\Design01.a(X_Interrupt.o)
                0x00000894                X_Interrupt_Disable
 .text.X_Interrupt_StartEx
                0x000008a4       0x1c .\CortexM0\ARM_GCC_541\Debug\Design01.a(X_Interrupt.o)
                0x000008a4                X_Interrupt_StartEx
 .text.Counter_Motor_Steps_WriteCounter
                0x000008c0       0x10 .\CortexM0\ARM_GCC_541\Debug\Design01.a(Counter_Motor_Steps.o)
                0x000008c0                Counter_Motor_Steps_WriteCounter
 .text.Counter_Motor_Steps_WritePeriod
                0x000008d0       0x10 .\CortexM0\ARM_GCC_541\Debug\Design01.a(Counter_Motor_Steps.o)
                0x000008d0                Counter_Motor_Steps_WritePeriod
 .text.Counter_Motor_Steps_WriteCompare
                0x000008e0       0x10 .\CortexM0\ARM_GCC_541\Debug\Design01.a(Counter_Motor_Steps.o)
                0x000008e0                Counter_Motor_Steps_WriteCompare
 .text.Counter_Motor_Steps_TriggerCommand
                0x000008f0       0x1c .\CortexM0\ARM_GCC_541\Debug\Design01.a(Counter_Motor_Steps.o)
                0x000008f0                Counter_Motor_Steps_TriggerCommand
 .text.Counter_Motor_Steps_Enable
                0x0000090c       0x24 .\CortexM0\ARM_GCC_541\Debug\Design01.a(Counter_Motor_Steps.o)
                0x0000090c                Counter_Motor_Steps_Enable
 .text.Counter_Motor_Steps_SetInterruptMode
                0x00000930        0xc .\CortexM0\ARM_GCC_541\Debug\Design01.a(Counter_Motor_Steps.o)
                0x00000930                Counter_Motor_Steps_SetInterruptMode
 .text.Counter_Motor_Steps_Init
                0x0000093c       0x34 .\CortexM0\ARM_GCC_541\Debug\Design01.a(Counter_Motor_Steps.o)
                0x0000093c                Counter_Motor_Steps_Init
 .text.Counter_Motor_Steps_Start
                0x00000970       0x20 .\CortexM0\ARM_GCC_541\Debug\Design01.a(Counter_Motor_Steps.o)
                0x00000970                Counter_Motor_Steps_Start
 .text.Motor_Control_Reg_Write
                0x00000990        0xc .\CortexM0\ARM_GCC_541\Debug\Design01.a(Motor_Control_Reg.o)
                0x00000990                Motor_Control_Reg_Write
 .text.Pin_DIR_Y_Write
                0x0000099c       0x18 .\CortexM0\ARM_GCC_541\Debug\Design01.a(Pin_DIR_Y.o)
                0x0000099c                Pin_DIR_Y_Write
 .text.CySysClkEcoReadStatus
                0x000009b4       0x10 .\CortexM0\ARM_GCC_541\Debug\Design01.a(CyLib.o)
                0x000009b4                CySysClkEcoReadStatus
 .text.CyIntEnable
                0x000009c4       0x14 .\CortexM0\ARM_GCC_541\Debug\Design01.a(CyLib.o)
                0x000009c4                CyIntEnable
 .text.CyHalt   0x000009d8        0x4 .\CortexM0\ARM_GCC_541\Debug\Design01.a(CyLib.o)
                0x000009d8                CyHalt
 .text.CyIntSetVector
                0x000009dc       0x24 .\CortexM0\ARM_GCC_541\Debug\Design01.a(CyLib.o)
                0x000009dc                CyIntSetVector
 .text.CyDelay  0x00000a00       0x30 .\CortexM0\ARM_GCC_541\Debug\Design01.a(CyLib.o)
                0x00000a00                CyDelay
 .text.CyDelayUs
                0x00000a30       0x14 .\CortexM0\ARM_GCC_541\Debug\Design01.a(CyLib.o)
                0x00000a30                CyDelayUs
 .text.CySysClkWriteImoFreq
                0x00000a44      0x164 .\CortexM0\ARM_GCC_541\Debug\Design01.a(CyLib.o)
                0x00000a44                CySysClkWriteImoFreq
 .text.CySysClkEcoStart
                0x00000ba8       0x54 .\CortexM0\ARM_GCC_541\Debug\Design01.a(CyLib.o)
                0x00000ba8                CySysClkEcoStart
 .text.CySysWdtLocked
                0x00000bfc       0x14 .\CortexM0\ARM_GCC_541\Debug\Design01.a(CyLFClk.o)
 .text.CySysClkWcoStart
                0x00000c10       0x40 .\CortexM0\ARM_GCC_541\Debug\Design01.a(CyLFClk.o)
                0x00000c10                CySysClkWcoStart
 .text.CySysClkWcoSetPowerMode
                0x00000c50       0x80 .\CortexM0\ARM_GCC_541\Debug\Design01.a(CyLFClk.o)
                0x00000c50                CySysClkWcoSetPowerMode
 .text.CySysWdtLock
                0x00000cd0       0x1c .\CortexM0\ARM_GCC_541\Debug\Design01.a(CyLFClk.o)
                0x00000cd0                CySysWdtLock
 .text.CySysWdtUnlock
                0x00000cec       0x30 .\CortexM0\ARM_GCC_541\Debug\Design01.a(CyLFClk.o)
                0x00000cec                CySysWdtUnlock
 .text.CySysWdtClearInterrupt
                0x00000d1c       0x4c .\CortexM0\ARM_GCC_541\Debug\Design01.a(CyLFClk.o)
                0x00000d1c                CySysWdtClearInterrupt
 .text.CySysWdtIsr
                0x00000d68       0xa4 .\CortexM0\ARM_GCC_541\Debug\Design01.a(CyLFClk.o)
                0x00000d68                CySysWdtIsr
 .text.LCD_WrCntrlNib
                0x00000e0c       0x34 .\CortexM0\ARM_GCC_541\Debug\Design01.a(LCD.o)
 .text.LCD_WrDatNib
                0x00000e40       0x44 .\CortexM0\ARM_GCC_541\Debug\Design01.a(LCD.o)
 .text.LCD_IsReady
                0x00000e84       0xb4 .\CortexM0\ARM_GCC_541\Debug\Design01.a(LCD.o)
                0x00000e84                LCD_IsReady
 .text.LCD_WriteData
                0x00000f38       0x18 .\CortexM0\ARM_GCC_541\Debug\Design01.a(LCD.o)
                0x00000f38                LCD_WriteData
 .text.LCD_PutChar
                0x00000f50        0x8 .\CortexM0\ARM_GCC_541\Debug\Design01.a(LCD.o)
                0x00000f50                LCD_PutChar
 .text.LCD_WriteControl
                0x00000f58       0x18 .\CortexM0\ARM_GCC_541\Debug\Design01.a(LCD.o)
                0x00000f58                LCD_WriteControl
 .text.LCD_Init
                0x00000f70       0x74 .\CortexM0\ARM_GCC_541\Debug\Design01.a(LCD.o)
                0x00000f70                LCD_Init
 .text.LCD_Enable
                0x00000fe4       0x14 .\CortexM0\ARM_GCC_541\Debug\Design01.a(LCD.o)
                0x00000fe4                LCD_Enable
 .text.LCD_Start
                0x00000ff8       0x20 .\CortexM0\ARM_GCC_541\Debug\Design01.a(LCD.o)
                0x00000ff8                LCD_Start
 .text.LCD_Position
                0x00001018       0x3c .\CortexM0\ARM_GCC_541\Debug\Design01.a(LCD.o)
                0x00001018                LCD_Position
 .text.LCD_LoadCustomFonts
                0x00001054       0x2c .\CortexM0\ARM_GCC_541\Debug\Design01.a(LCD_CustChars.o)
                0x00001054                LCD_LoadCustomFonts
 .text          0x00001080       0x20 .\CortexM0\ARM_GCC_541\Debug\Design01.a(CyBootAsmGnu.o)
                0x00001080                CyDelayCycles
                0x00001092                CyEnterCriticalSection
                0x0000109a                CyExitCriticalSection
 .text          0x000010a0      0x114 c:/program files (x86)/cypress/psoc creator/4.2/psoc creator/import/gnu/arm/5.4.1/bin/../lib/gcc/arm-none-eabi/5.4.1/armv6-m\libgcc.a(_udivsi3.o)
                0x000010a0                __aeabi_uidiv
                0x000010a0                __udivsi3
                0x000011ac                __aeabi_uidivmod
 .text          0x000011b4        0x4 c:/program files (x86)/cypress/psoc creator/4.2/psoc creator/import/gnu/arm/5.4.1/bin/../lib/gcc/arm-none-eabi/5.4.1/armv6-m\libgcc.a(_dvmd_tls.o)
                0x000011b4                __aeabi_idiv0
                0x000011b4                __aeabi_ldiv0
 .text          0x000011b8       0x7c c:/program files (x86)/cypress/psoc creator/4.2/psoc creator/import/gnu/arm/5.4.1/bin/../lib/gcc/arm-none-eabi/5.4.1/armv6-m\libgcc.a(_arm_cmpdf2.o)
                0x000011b8                __aeabi_cdrcmple
                0x000011c8                __aeabi_cdcmple
                0x000011c8                __aeabi_cdcmpeq
                0x000011d8                __aeabi_dcmpeq
                0x000011e4                __aeabi_dcmplt
                0x000011f8                __aeabi_dcmple
                0x0000120c                __aeabi_dcmpgt
                0x00001220                __aeabi_dcmpge
 .text          0x00001234       0x30 c:/program files (x86)/cypress/psoc creator/4.2/psoc creator/import/gnu/arm/5.4.1/bin/../lib/gcc/arm-none-eabi/5.4.1/armv6-m\libgcc.a(_fixunssfsi.o)
                0x00001234                __fixunssfsi
                0x00001234                __aeabi_f2uiz
 .text          0x00001264      0x2ec c:/program files (x86)/cypress/psoc creator/4.2/psoc creator/import/gnu/arm/5.4.1/bin/../lib/gcc/arm-none-eabi/5.4.1/armv6-m\libgcc.a(addsf3.o)
                0x00001264                __aeabi_fadd
 .text          0x00001550      0x228 c:/program files (x86)/cypress/psoc creator/4.2/psoc creator/import/gnu/arm/5.4.1/bin/../lib/gcc/arm-none-eabi/5.4.1/armv6-m\libgcc.a(mulsf3.o)
                0x00001550                __aeabi_fmul
 .text          0x00001778      0x30c c:/program files (x86)/cypress/psoc creator/4.2/psoc creator/import/gnu/arm/5.4.1/bin/../lib/gcc/arm-none-eabi/5.4.1/armv6-m\libgcc.a(subsf3.o)
                0x00001778                __aeabi_fsub
 .text          0x00001a84       0x44 c:/program files (x86)/cypress/psoc creator/4.2/psoc creator/import/gnu/arm/5.4.1/bin/../lib/gcc/arm-none-eabi/5.4.1/armv6-m\libgcc.a(fixsfsi.o)
                0x00001a84                __aeabi_f2iz
 .text          0x00001ac8      0x658 c:/program files (x86)/cypress/psoc creator/4.2/psoc creator/import/gnu/arm/5.4.1/bin/../lib/gcc/arm-none-eabi/5.4.1/armv6-m\libgcc.a(adddf3.o)
                0x00001ac8                __aeabi_dadd
 .text          0x00002120      0x62c c:/program files (x86)/cypress/psoc creator/4.2/psoc creator/import/gnu/arm/5.4.1/bin/../lib/gcc/arm-none-eabi/5.4.1/armv6-m\libgcc.a(divdf3.o)
                0x00002120                __aeabi_ddiv
 .text          0x0000274c       0x80 c:/program files (x86)/cypress/psoc creator/4.2/psoc creator/import/gnu/arm/5.4.1/bin/../lib/gcc/arm-none-eabi/5.4.1/armv6-m\libgcc.a(eqdf2.o)
                0x0000274c                __nedf2
                0x0000274c                __eqdf2
 .text          0x000027cc       0xc8 c:/program files (x86)/cypress/psoc creator/4.2/psoc creator/import/gnu/arm/5.4.1/bin/../lib/gcc/arm-none-eabi/5.4.1/armv6-m\libgcc.a(gedf2.o)
                0x000027cc                __gedf2
                0x000027cc                __gtdf2
 .text          0x00002894       0xd4 c:/program files (x86)/cypress/psoc creator/4.2/psoc creator/import/gnu/arm/5.4.1/bin/../lib/gcc/arm-none-eabi/5.4.1/armv6-m\libgcc.a(ledf2.o)
                0x00002894                __ledf2
                0x00002894                __ltdf2
 .text          0x00002968      0x4f4 c:/program files (x86)/cypress/psoc creator/4.2/psoc creator/import/gnu/arm/5.4.1/bin/../lib/gcc/arm-none-eabi/5.4.1/armv6-m\libgcc.a(muldf3.o)
                0x00002968                __aeabi_dmul
 .text          0x00002e5c       0xa8 c:/program files (x86)/cypress/psoc creator/4.2/psoc creator/import/gnu/arm/5.4.1/bin/../lib/gcc/arm-none-eabi/5.4.1/armv6-m\libgcc.a(extendsfdf2.o)
                0x00002e5c                __aeabi_f2d
 .text          0x00002f04      0x118 c:/program files (x86)/cypress/psoc creator/4.2/psoc creator/import/gnu/arm/5.4.1/bin/../lib/gcc/arm-none-eabi/5.4.1/armv6-m\libgcc.a(truncdfsf2.o)
                0x00002f04                __aeabi_d2f
 .text          0x0000301c       0x74 c:/program files (x86)/cypress/psoc creator/4.2/psoc creator/import/gnu/arm/5.4.1/bin/../lib/gcc/arm-none-eabi/5.4.1/armv6-m\libgcc.a(_arm_cmpsf2.o)
                0x0000301c                __aeabi_cfrcmple
                0x00003024                __aeabi_cfcmpeq
                0x00003024                __aeabi_cfcmple
                0x00003034                __aeabi_fcmpeq
                0x00003040                __aeabi_fcmplt
                0x00003054                __aeabi_fcmple
                0x00003068                __aeabi_fcmpgt
                0x0000307c                __aeabi_fcmpge
 .text          0x00003090       0x3c c:/program files (x86)/cypress/psoc creator/4.2/psoc creator/import/gnu/arm/5.4.1/bin/../lib/gcc/arm-none-eabi/5.4.1/armv6-m\libgcc.a(_clzsi2.o)
                0x00003090                __clzsi2
 .text          0x000030cc       0x50 c:/program files (x86)/cypress/psoc creator/4.2/psoc creator/import/gnu/arm/5.4.1/bin/../lib/gcc/arm-none-eabi/5.4.1/armv6-m\libgcc.a(eqsf2.o)
                0x000030cc                __eqsf2
                0x000030cc                __nesf2
 .text          0x0000311c       0x88 c:/program files (x86)/cypress/psoc creator/4.2/psoc creator/import/gnu/arm/5.4.1/bin/../lib/gcc/arm-none-eabi/5.4.1/armv6-m\libgcc.a(gesf2.o)
                0x0000311c                __gesf2
                0x0000311c                __gtsf2
 .text          0x000031a4       0x88 c:/program files (x86)/cypress/psoc creator/4.2/psoc creator/import/gnu/arm/5.4.1/bin/../lib/gcc/arm-none-eabi/5.4.1/armv6-m\libgcc.a(lesf2.o)
                0x000031a4                __ltsf2
                0x000031a4                __lesf2
 .text.__errno  0x0000322c        0xc c:/program files (x86)/cypress/psoc creator/4.2/psoc creator/import/gnu/arm/5.4.1/bin/../lib/gcc/arm-none-eabi/5.4.1/../../../../arm-none-eabi/lib/armv6-m\libg_nano.a(lib_a-errno.o)
                0x0000322c                __errno
 .text.__libc_init_array
                0x00003238       0x4c c:/program files (x86)/cypress/psoc creator/4.2/psoc creator/import/gnu/arm/5.4.1/bin/../lib/gcc/arm-none-eabi/5.4.1/../../../../arm-none-eabi/lib/armv6-m\libg_nano.a(lib_a-init.o)
                0x00003238                __libc_init_array
 .text.memset   0x00003284       0x10 c:/program files (x86)/cypress/psoc creator/4.2/psoc creator/import/gnu/arm/5.4.1/bin/../lib/gcc/arm-none-eabi/5.4.1/../../../../arm-none-eabi/lib/armv6-m\libg_nano.a(lib_a-memset.o)
                0x00003284                memset
 *(.plt)
 *(.gnu.warning)
 *(.glue_7t)
 .glue_7t       0x00003294        0x0 linker stubs
 *(.glue_7)
 .glue_7        0x00003294        0x0 linker stubs
 *(.vfp11_veneer)
 .vfp11_veneer  0x00003294        0x0 linker stubs
 *(.bootloader)
 *(.ARM.extab* .gnu.linkonce.armextab.*)
 *(.gcc_except_table)

.v4_bx          0x00003294        0x0
 .v4_bx         0x00003294        0x0 linker stubs

.iplt           0x00003294        0x0
 .iplt          0x00003294        0x0 c:/program files (x86)/cypress/psoc creator/4.2/psoc creator/import/gnu/arm/5.4.1/bin/../lib/gcc/arm-none-eabi/5.4.1/armv6-m/crtbegin.o

.eh_frame_hdr
 *(.eh_frame_hdr)

.eh_frame       0x00003294        0x4
 *(.eh_frame)
 .eh_frame      0x00003294        0x0 c:/program files (x86)/cypress/psoc creator/4.2/psoc creator/import/gnu/arm/5.4.1/bin/../lib/gcc/arm-none-eabi/5.4.1/armv6-m/crtbegin.o
 .eh_frame      0x00003294        0x4 c:/program files (x86)/cypress/psoc creator/4.2/psoc creator/import/gnu/arm/5.4.1/bin/../lib/gcc/arm-none-eabi/5.4.1/armv6-m/crtend.o
                [!provide]                PROVIDE (__exidx_start, .)

.ARM.exidx
 *(.ARM.exidx* .gnu.linkonce.armexidx.*)
                0x00003298                __exidx_end = .

.rodata         0x00003298      0x2e8
 *(.rodata .rodata.* .gnu.linkonce.r.*)
 .rodata.str1.4
                0x00003298       0x10 .\CortexM0\ARM_GCC_541\Debug\main.o
                                  0xd (size before relaxing)
 .rodata        0x000032a8       0x70 .\CortexM0\ARM_GCC_541\Debug\cyfitter_cfg.o
 .rodata        0x00003318       0x2e .\CortexM0\ARM_GCC_541\Debug\Design01.a(CyLib.o)
                0x00003318                cyImoFreqMhz2Reg
 *fill*         0x00003346        0x2 
 .rodata        0x00003348       0x40 .\CortexM0\ARM_GCC_541\Debug\Design01.a(LCD_CustChars.o)
                0x00003348                LCD_customFonts
 .rodata        0x00003388       0x40 c:/program files (x86)/cypress/psoc creator/4.2/psoc creator/import/gnu/arm/5.4.1/bin/../lib/gcc/arm-none-eabi/5.4.1/armv6-m\libgcc.a(mulsf3.o)
 .rodata        0x000033c8       0x40 c:/program files (x86)/cypress/psoc creator/4.2/psoc creator/import/gnu/arm/5.4.1/bin/../lib/gcc/arm-none-eabi/5.4.1/armv6-m\libgcc.a(divdf3.o)
 .rodata        0x00003408       0x40 c:/program files (x86)/cypress/psoc creator/4.2/psoc creator/import/gnu/arm/5.4.1/bin/../lib/gcc/arm-none-eabi/5.4.1/armv6-m\libgcc.a(muldf3.o)
 .rodata._ctype_
                0x00003448      0x101 c:/program files (x86)/cypress/psoc creator/4.2/psoc creator/import/gnu/arm/5.4.1/bin/../lib/gcc/arm-none-eabi/5.4.1/../../../../arm-none-eabi/lib/armv6-m\libg_nano.a(lib_a-ctype_.o)
                0x00003448                _ctype_
 .rodata.str1.1
                0x00003549        0x2 c:/program files (x86)/cypress/psoc creator/4.2/psoc creator/import/gnu/arm/5.4.1/bin/../lib/gcc/arm-none-eabi/5.4.1/../../../../arm-none-eabi/lib/armv6-m\libg_nano.a(lib_a-impure.o)
                0x0000354c                . = ALIGN (0x4)
 *fill*         0x0000354b        0x1 
 *(.init)
 .init          0x0000354c        0x4 c:/program files (x86)/cypress/psoc creator/4.2/psoc creator/import/gnu/arm/5.4.1/bin/../lib/gcc/arm-none-eabi/5.4.1/armv6-m/crti.o
                0x0000354c                _init
 .init          0x00003550        0x8 c:/program files (x86)/cypress/psoc creator/4.2/psoc creator/import/gnu/arm/5.4.1/bin/../lib/gcc/arm-none-eabi/5.4.1/armv6-m/crtn.o
                0x00003558                . = ALIGN (0x4)
                0x00003558                __preinit_array_start = .
 *(.preinit_array)
                0x00003558                __preinit_array_end = .
                0x00003558                . = ALIGN (0x4)
                0x00003558                __init_array_start = .
 *(SORT(.init_array.*))
 *(.init_array)
 .init_array    0x00003558        0x4 c:/program files (x86)/cypress/psoc creator/4.2/psoc creator/import/gnu/arm/5.4.1/bin/../lib/gcc/arm-none-eabi/5.4.1/armv6-m/crtbegin.o
 .init_array    0x0000355c        0x4 .\CortexM0\ARM_GCC_541\Debug\Cm0Start.o
                0x00003560                __init_array_end = .
                0x00003560                . = ALIGN (0x4)
 *(.fini)
 .fini          0x00003560        0x4 c:/program files (x86)/cypress/psoc creator/4.2/psoc creator/import/gnu/arm/5.4.1/bin/../lib/gcc/arm-none-eabi/5.4.1/armv6-m/crti.o
                0x00003560                _fini
 .fini          0x00003564        0x8 c:/program files (x86)/cypress/psoc creator/4.2/psoc creator/import/gnu/arm/5.4.1/bin/../lib/gcc/arm-none-eabi/5.4.1/armv6-m/crtn.o
                0x0000356c                . = ALIGN (0x4)
                0x0000356c                __fini_array_start = .
 *(.fini_array)
 .fini_array    0x0000356c        0x4 c:/program files (x86)/cypress/psoc creator/4.2/psoc creator/import/gnu/arm/5.4.1/bin/../lib/gcc/arm-none-eabi/5.4.1/armv6-m/crtbegin.o
 *(SORT(.fini_array.*))
                0x00003570                __fini_array_end = .
                0x00003570                . = ALIGN (0x4)
 *crtbegin.o(.ctors)
 *(EXCLUDE_FILE(*crtend.o) .ctors)
 *(SORT(.ctors.*))
 *crtend.o(.ctors)
                0x00003570                . = ALIGN (0x4)
 *crtbegin.o(.dtors)
 *(EXCLUDE_FILE(*crtend.o) .dtors)
 *(SORT(.dtors.*))
 *crtend.o(.dtors)
                0x00003570                . = ALIGN (0x4)
                0x00003570                __cy_regions = .
                0x00003570        0x4 LONG 0x3580 __cy_region_init_ram
                0x00003574        0x4 LONG 0x200000c0 __cy_region_start_data
                0x00003578        0x4 LONG 0xd0 __cy_region_init_size_ram
                0x0000357c        0x4 LONG 0x1820 __cy_region_zero_size_ram
                0x00003580                __cy_regions_end = .
                0x00003580                . = ALIGN (0x8)
                0x00003580                _etext = .

.cy_checksum_exclude
                0x00003580        0x0
 *(.cy_checksum_exclude)

.ramvectors     0x20000000       0xc0
                0x20000000                __cy_region_start_ram = .
 *(.ramvectors)
 .ramvectors    0x20000000       0xc0 .\CortexM0\ARM_GCC_541\Debug\Cm0Start.o
                0x20000000                CyRamVectors

.noinit
 *(.noinit)

.data           0x200000c0       0xd0 load address 0x00003580
                0x200000c0                __cy_region_start_data = .
 *(.jcr)
 .jcr           0x200000c0        0x0 c:/program files (x86)/cypress/psoc creator/4.2/psoc creator/import/gnu/arm/5.4.1/bin/../lib/gcc/arm-none-eabi/5.4.1/armv6-m/crtbegin.o
 .jcr           0x200000c0        0x4 c:/program files (x86)/cypress/psoc creator/4.2/psoc creator/import/gnu/arm/5.4.1/bin/../lib/gcc/arm-none-eabi/5.4.1/armv6-m/crtend.o
 *(.got.plt)
 *(.got)
 *(.shdata)
 *(.data .data.* .gnu.linkonce.d.*)
 .data          0x200000c4       0x48 .\CortexM0\ARM_GCC_541\Debug\main.o
                0x200000c4                hands_alphabet
                0x200000fc                lcd_alphabet
 .data          0x2000010c       0x14 .\CortexM0\ARM_GCC_541\Debug\Design01.a(CyLib.o)
                0x2000010c                CySysClkPumpConfig
                0x20000110                cydelay32kMs
                0x20000114                cydelayFreqKhz
                0x20000118                cydelayFreqMhz
                0x2000011c                cydelayFreqHz
 .data          0x20000120        0x8 .\CortexM0\ARM_GCC_541\Debug\Design01.a(CyLFClk.o)
 .data.__ctype_ptr__
                0x20000128        0x4 c:/program files (x86)/cypress/psoc creator/4.2/psoc creator/import/gnu/arm/5.4.1/bin/../lib/gcc/arm-none-eabi/5.4.1/../../../../arm-none-eabi/lib/armv6-m\libg_nano.a(lib_a-ctype_.o)
                0x20000128                __ctype_ptr__
 .data.impure_data
                0x2000012c       0x60 c:/program files (x86)/cypress/psoc creator/4.2/psoc creator/import/gnu/arm/5.4.1/bin/../lib/gcc/arm-none-eabi/5.4.1/../../../../arm-none-eabi/lib/armv6-m\libg_nano.a(lib_a-impure.o)
 .data._impure_ptr
                0x2000018c        0x4 c:/program files (x86)/cypress/psoc creator/4.2/psoc creator/import/gnu/arm/5.4.1/bin/../lib/gcc/arm-none-eabi/5.4.1/../../../../arm-none-eabi/lib/armv6-m\libg_nano.a(lib_a-impure.o)
                0x2000018c                _impure_ptr
                0x20000190                . = ALIGN (0x8)
 *(.ram)
                0x20000190                _edata = .

.igot.plt       0x20000190        0x0 load address 0x00003650
 .igot.plt      0x20000190        0x0 c:/program files (x86)/cypress/psoc creator/4.2/psoc creator/import/gnu/arm/5.4.1/bin/../lib/gcc/arm-none-eabi/5.4.1/armv6-m/crtbegin.o

.bss            0x20000190     0x1820 load address 0x00003650
                0x20000190                PROVIDE (__bss_start__, .)
 *(.shbss)
 *(.bss .bss.* .gnu.linkonce.b.*)
 .bss           0x20000190       0x1c c:/program files (x86)/cypress/psoc creator/4.2/psoc creator/import/gnu/arm/5.4.1/bin/../lib/gcc/arm-none-eabi/5.4.1/armv6-m/crtbegin.o
 .bss           0x200001ac        0x2 .\CortexM0\ARM_GCC_541\Debug\main.o
                0x200001ac                lcd_i
 *fill*         0x200001ae        0x2 
 .bss           0x200001b0     0x1780 .\CortexM0\ARM_GCC_541\Debug\stepper.o
 .bss           0x20001930        0x1 .\CortexM0\ARM_GCC_541\Debug\Design01.a(Step_Counter.o)
                0x20001930                Step_Counter_initVar
 .bss           0x20001931        0x1 .\CortexM0\ARM_GCC_541\Debug\Design01.a(Counter_Motor_Steps.o)
                0x20001931                Counter_Motor_Steps_initVar
 *fill*         0x20001932        0x2 
 .bss           0x20001934       0x28 .\CortexM0\ARM_GCC_541\Debug\Design01.a(CyLFClk.o)
 .bss           0x2000195c        0x2 .\CortexM0\ARM_GCC_541\Debug\Design01.a(LCD.o)
                0x2000195c                LCD_enableState
                0x2000195d                LCD_initVar
 *(COMMON)
 *fill*         0x2000195e        0x2 
 COMMON         0x20001960       0x3c .\CortexM0\ARM_GCC_541\Debug\main.o
                0x20001960                hands_position
 COMMON         0x2000199c       0x11 .\CortexM0\ARM_GCC_541\Debug\stepper.o
                0x2000199c                xStepsExecuted
                0x200019a0                xStepsExecuted16
                0x200019a4                xStepsExecutedSpiral
                0x200019a8                xStepsRemaining
                0x200019ac                Stepper_xMotorState
                0x200019b0                . = ALIGN (0x8)
 *fill*         0x200019ad        0x3 
 *(.ram.b)
                0x200019b0                _end = .
                0x200019b0                __end = .
                0x200019b0                PROVIDE (end, .)
                0x200019b0                PROVIDE (__bss_end__, .)
                0x00003580                __cy_region_init_ram = LOADADDR (.data)
                0x000000d0                __cy_region_init_size_ram = (_edata - ADDR (.data))
                0x00001820                __cy_region_zero_size_ram = (_end - _edata)

.heap           0x200019b0       0x80 load address 0x00003650
                0x200019b0                . = _end
                0x20001a30                . = (. + 0x80)
 *fill*         0x200019b0       0x80 
                0x20001a30                __cy_heap_limit = .

.stack          0x20007c00      0x400
                0x20007c00                __cy_stack_limit = .
                0x20008000                . = (. + 0x400)
 *fill*         0x20007c00      0x400 
                0x00000001                ASSERT ((__cy_stack_limit >= __cy_heap_limit), region RAM overflowed with stack)
                0x00000000                cy_checksum_exclude_size = (CY_APPL_LOADABLE == 0x1)?SIZEOF (.cy_checksum_exclude):0x0
                0x00000001                ASSERT ((cy_checksum_exclude_size <= CY_CHECKSUM_EXCLUDE_SIZE), CY_BOOT: Section .cy_checksum_exclude size exceedes specified limit.)
                0x0003ffc0                cyloadermeta_start = (cy_project_type_bootloader || cy_project_type_app_for_stack_and_copier)?(LENGTH (rom) - CY_METADATA_SIZE):0xf0000000

.cyloadermeta
 *(.cyloadermeta)
                0x0003ffc0                cyloadablemeta_start = cy_project_type_app_for_stack_and_copier?((LENGTH (rom) - CY_FLASH_ROW_SIZE) - CY_METADATA_SIZE):((LENGTH (rom) - (CY_FLASH_ROW_SIZE * (CY_APPL_NUM - 0x1))) - CY_METADATA_SIZE)

.cyloadablemeta
 *(.cyloadablemeta)

.cyflashprotect
                0x90400000       0x80
 *(.cyflashprotect)
 .cyflashprotect
                0x90400000       0x80 .\CortexM0\ARM_GCC_541\Debug\cymetadata.o
                0x90400000                cy_meta_flashprotect

.cymeta         0x90500000        0xc
 *(.cymeta)
 .cymeta        0x90500000        0xc .\CortexM0\ARM_GCC_541\Debug\cymetadata.o
                0x90500000                cy_metadata

.cychipprotect  0x90600000        0x1
 *(.cychipprotect)
 .cychipprotect
                0x90600000        0x1 .\CortexM0\ARM_GCC_541\Debug\cymetadata.o
                0x90600000                cy_meta_chipprotect

.rel.dyn        0x00003650        0x0 load address 0x90600004
 .rel.iplt      0x00003650        0x0 c:/program files (x86)/cypress/psoc creator/4.2/psoc creator/import/gnu/arm/5.4.1/bin/../lib/gcc/arm-none-eabi/5.4.1/armv6-m/crtbegin.o

.stab
 *(.stab)

.stabstr
 *(.stabstr)

.debug
 *(.debug)

.line
 *(.line)

.debug_srcinfo
 *(.debug_srcinfo)

.debug_sfnames
 *(.debug_sfnames)

.debug_aranges  0x00000000      0x950
 *(.debug_aranges)
 .debug_aranges
                0x00000000       0x28 .\CortexM0\ARM_GCC_541\Debug\main.o
 .debug_aranges
                0x00000028       0x48 .\CortexM0\ARM_GCC_541\Debug\stepper.o
 .debug_aranges
                0x00000070       0x40 .\CortexM0\ARM_GCC_541\Debug\cyfitter_cfg.o
 .debug_aranges
                0x000000b0       0x18 .\CortexM0\ARM_GCC_541\Debug\cymetadata.o
 .debug_aranges
                0x000000c8       0x48 .\CortexM0\ARM_GCC_541\Debug\Cm0Start.o
 .debug_aranges
                0x00000110       0x48 .\CortexM0\ARM_GCC_541\Debug\Design01.a(Pin_DIR_X.o)
 .debug_aranges
                0x00000158       0x48 .\CortexM0\ARM_GCC_541\Debug\Design01.a(Pin_EN.o)
 .debug_aranges
                0x000001a0      0x158 .\CortexM0\ARM_GCC_541\Debug\Design01.a(Step_Counter.o)
 .debug_aranges
                0x000002f8       0x80 .\CortexM0\ARM_GCC_541\Debug\Design01.a(X_Interrupt.o)
 .debug_aranges
                0x00000378      0x158 .\CortexM0\ARM_GCC_541\Debug\Design01.a(Counter_Motor_Steps.o)
 .debug_aranges
                0x000004d0       0x28 .\CortexM0\ARM_GCC_541\Debug\Design01.a(Motor_Control_Reg.o)
 .debug_aranges
                0x000004f8       0x48 .\CortexM0\ARM_GCC_541\Debug\Design01.a(Pin_DIR_Y.o)
 .debug_aranges
                0x00000540      0x1d0 .\CortexM0\ARM_GCC_541\Debug\Design01.a(CyLib.o)
 .debug_aranges
                0x00000710      0x188 .\CortexM0\ARM_GCC_541\Debug\Design01.a(CyLFClk.o)
 .debug_aranges
                0x00000898       0x78 .\CortexM0\ARM_GCC_541\Debug\Design01.a(LCD.o)
 .debug_aranges
                0x00000910       0x20 .\CortexM0\ARM_GCC_541\Debug\Design01.a(LCD_CustChars.o)
 .debug_aranges
                0x00000930       0x20 .\CortexM0\ARM_GCC_541\Debug\Design01.a(CyBootAsmGnu.o)

.debug_pubnames
 *(.debug_pubnames)

.debug_info     0x00000000     0x52e6
 *(.debug_info .gnu.linkonce.wi.*)
 .debug_info    0x00000000      0x526 .\CortexM0\ARM_GCC_541\Debug\main.o
 .debug_info    0x00000526      0x4ef .\CortexM0\ARM_GCC_541\Debug\stepper.o
 .debug_info    0x00000a15      0x42e .\CortexM0\ARM_GCC_541\Debug\cyfitter_cfg.o
 .debug_info    0x00000e43       0xf8 .\CortexM0\ARM_GCC_541\Debug\cymetadata.o
 .debug_info    0x00000f3b      0x3a2 .\CortexM0\ARM_GCC_541\Debug\Cm0Start.o
 .debug_info    0x000012dd      0x19b .\CortexM0\ARM_GCC_541\Debug\Design01.a(Pin_DIR_X.o)
 .debug_info    0x00001478      0x19d .\CortexM0\ARM_GCC_541\Debug\Design01.a(Pin_EN.o)
 .debug_info    0x00001615      0x90b .\CortexM0\ARM_GCC_541\Debug\Design01.a(Step_Counter.o)
 .debug_info    0x00001f20      0x305 .\CortexM0\ARM_GCC_541\Debug\Design01.a(X_Interrupt.o)
 .debug_info    0x00002225      0x909 .\CortexM0\ARM_GCC_541\Debug\Design01.a(Counter_Motor_Steps.o)
 .debug_info    0x00002b2e       0xd6 .\CortexM0\ARM_GCC_541\Debug\Design01.a(Motor_Control_Reg.o)
 .debug_info    0x00002c04      0x19d .\CortexM0\ARM_GCC_541\Debug\Design01.a(Pin_DIR_Y.o)
 .debug_info    0x00002da1      0xd2b .\CortexM0\ARM_GCC_541\Debug\Design01.a(CyLib.o)
 .debug_info    0x00003acc     0x1071 .\CortexM0\ARM_GCC_541\Debug\Design01.a(CyLFClk.o)
 .debug_info    0x00004b3d      0x5c2 .\CortexM0\ARM_GCC_541\Debug\Design01.a(LCD.o)
 .debug_info    0x000050ff      0x159 .\CortexM0\ARM_GCC_541\Debug\Design01.a(LCD_CustChars.o)
 .debug_info    0x00005258       0x8e .\CortexM0\ARM_GCC_541\Debug\Design01.a(CyBootAsmGnu.o)

.debug_abbrev   0x00000000     0x13eb
 *(.debug_abbrev)
 .debug_abbrev  0x00000000      0x168 .\CortexM0\ARM_GCC_541\Debug\main.o
 .debug_abbrev  0x00000168      0x184 .\CortexM0\ARM_GCC_541\Debug\stepper.o
 .debug_abbrev  0x000002ec      0x1af .\CortexM0\ARM_GCC_541\Debug\cyfitter_cfg.o
 .debug_abbrev  0x0000049b       0x5d .\CortexM0\ARM_GCC_541\Debug\cymetadata.o
 .debug_abbrev  0x000004f8      0x1d7 .\CortexM0\ARM_GCC_541\Debug\Cm0Start.o
 .debug_abbrev  0x000006cf       0xc8 .\CortexM0\ARM_GCC_541\Debug\Design01.a(Pin_DIR_X.o)
 .debug_abbrev  0x00000797       0xc8 .\CortexM0\ARM_GCC_541\Debug\Design01.a(Pin_EN.o)
 .debug_abbrev  0x0000085f      0x119 .\CortexM0\ARM_GCC_541\Debug\Design01.a(Step_Counter.o)
 .debug_abbrev  0x00000978      0x19a .\CortexM0\ARM_GCC_541\Debug\Design01.a(X_Interrupt.o)
 .debug_abbrev  0x00000b12      0x119 .\CortexM0\ARM_GCC_541\Debug\Design01.a(Counter_Motor_Steps.o)
 .debug_abbrev  0x00000c2b       0x81 .\CortexM0\ARM_GCC_541\Debug\Design01.a(Motor_Control_Reg.o)
 .debug_abbrev  0x00000cac       0xc8 .\CortexM0\ARM_GCC_541\Debug\Design01.a(Pin_DIR_Y.o)
 .debug_abbrev  0x00000d74      0x1e0 .\CortexM0\ARM_GCC_541\Debug\Design01.a(CyLib.o)
 .debug_abbrev  0x00000f54      0x248 .\CortexM0\ARM_GCC_541\Debug\Design01.a(CyLFClk.o)
 .debug_abbrev  0x0000119c      0x159 .\CortexM0\ARM_GCC_541\Debug\Design01.a(LCD.o)
 .debug_abbrev  0x000012f5       0xe2 .\CortexM0\ARM_GCC_541\Debug\Design01.a(LCD_CustChars.o)
 .debug_abbrev  0x000013d7       0x14 .\CortexM0\ARM_GCC_541\Debug\Design01.a(CyBootAsmGnu.o)

.debug_line     0x00000000     0x21b0
 *(.debug_line)
 .debug_line    0x00000000      0x189 .\CortexM0\ARM_GCC_541\Debug\main.o
 .debug_line    0x00000189      0x25f .\CortexM0\ARM_GCC_541\Debug\stepper.o
 .debug_line    0x000003e8      0x18e .\CortexM0\ARM_GCC_541\Debug\cyfitter_cfg.o
 .debug_line    0x00000576      0x141 .\CortexM0\ARM_GCC_541\Debug\cymetadata.o
 .debug_line    0x000006b7      0x236 .\CortexM0\ARM_GCC_541\Debug\Cm0Start.o
 .debug_line    0x000008ed       0xc0 .\CortexM0\ARM_GCC_541\Debug\Design01.a(Pin_DIR_X.o)
 .debug_line    0x000009ad       0xbe .\CortexM0\ARM_GCC_541\Debug\Design01.a(Pin_EN.o)
 .debug_line    0x00000a6b      0x381 .\CortexM0\ARM_GCC_541\Debug\Design01.a(Step_Counter.o)
 .debug_line    0x00000dec      0x157 .\CortexM0\ARM_GCC_541\Debug\Design01.a(X_Interrupt.o)
 .debug_line    0x00000f43      0x388 .\CortexM0\ARM_GCC_541\Debug\Design01.a(Counter_Motor_Steps.o)
 .debug_line    0x000012cb       0x7a .\CortexM0\ARM_GCC_541\Debug\Design01.a(Motor_Control_Reg.o)
 .debug_line    0x00001345       0xc1 .\CortexM0\ARM_GCC_541\Debug\Design01.a(Pin_DIR_Y.o)
 .debug_line    0x00001406      0x553 .\CortexM0\ARM_GCC_541\Debug\Design01.a(CyLib.o)
 .debug_line    0x00001959      0x5db .\CortexM0\ARM_GCC_541\Debug\Design01.a(CyLFClk.o)
 .debug_line    0x00001f34      0x190 .\CortexM0\ARM_GCC_541\Debug\Design01.a(LCD.o)
 .debug_line    0x000020c4       0x84 .\CortexM0\ARM_GCC_541\Debug\Design01.a(LCD_CustChars.o)
 .debug_line    0x00002148       0x68 .\CortexM0\ARM_GCC_541\Debug\Design01.a(CyBootAsmGnu.o)

.debug_frame    0x00000000     0x1b34
 *(.debug_frame)
 .debug_frame   0x00000000       0x64 .\CortexM0\ARM_GCC_541\Debug\main.o
 .debug_frame   0x00000064       0xc8 .\CortexM0\ARM_GCC_541\Debug\stepper.o
 .debug_frame   0x0000012c       0x98 .\CortexM0\ARM_GCC_541\Debug\cyfitter_cfg.o
 .debug_frame   0x000001c4       0xbc .\CortexM0\ARM_GCC_541\Debug\Cm0Start.o
 .debug_frame   0x00000280       0x70 .\CortexM0\ARM_GCC_541\Debug\Design01.a(Pin_DIR_X.o)
 .debug_frame   0x000002f0       0x70 .\CortexM0\ARM_GCC_541\Debug\Design01.a(Pin_EN.o)
 .debug_frame   0x00000360      0x3a0 .\CortexM0\ARM_GCC_541\Debug\Design01.a(Step_Counter.o)
 .debug_frame   0x00000700      0x110 .\CortexM0\ARM_GCC_541\Debug\Design01.a(X_Interrupt.o)
 .debug_frame   0x00000810      0x3a0 .\CortexM0\ARM_GCC_541\Debug\Design01.a(Counter_Motor_Steps.o)
 .debug_frame   0x00000bb0       0x30 .\CortexM0\ARM_GCC_541\Debug\Design01.a(Motor_Control_Reg.o)
 .debug_frame   0x00000be0       0x70 .\CortexM0\ARM_GCC_541\Debug\Design01.a(Pin_DIR_Y.o)
 .debug_frame   0x00000c50      0x4a4 .\CortexM0\ARM_GCC_541\Debug\Design01.a(CyLib.o)
 .debug_frame   0x000010f4      0x4a8 .\CortexM0\ARM_GCC_541\Debug\Design01.a(CyLFClk.o)
 .debug_frame   0x0000159c      0x174 .\CortexM0\ARM_GCC_541\Debug\Design01.a(LCD.o)
 .debug_frame   0x00001710       0x30 .\CortexM0\ARM_GCC_541\Debug\Design01.a(LCD_CustChars.o)
 .debug_frame   0x00001740       0x20 c:/program files (x86)/cypress/psoc creator/4.2/psoc creator/import/gnu/arm/5.4.1/bin/../lib/gcc/arm-none-eabi/5.4.1/armv6-m\libgcc.a(_udivsi3.o)
 .debug_frame   0x00001760       0x20 c:/program files (x86)/cypress/psoc creator/4.2/psoc creator/import/gnu/arm/5.4.1/bin/../lib/gcc/arm-none-eabi/5.4.1/armv6-m\libgcc.a(_divsi3.o)
 .debug_frame   0x00001780       0x28 c:/program files (x86)/cypress/psoc creator/4.2/psoc creator/import/gnu/arm/5.4.1/bin/../lib/gcc/arm-none-eabi/5.4.1/armv6-m\libgcc.a(_fixunssfsi.o)
 .debug_frame   0x000017a8       0x30 c:/program files (x86)/cypress/psoc creator/4.2/psoc creator/import/gnu/arm/5.4.1/bin/../lib/gcc/arm-none-eabi/5.4.1/armv6-m\libgcc.a(addsf3.o)
 .debug_frame   0x000017d8       0x38 c:/program files (x86)/cypress/psoc creator/4.2/psoc creator/import/gnu/arm/5.4.1/bin/../lib/gcc/arm-none-eabi/5.4.1/armv6-m\libgcc.a(mulsf3.o)
 .debug_frame   0x00001810       0x30 c:/program files (x86)/cypress/psoc creator/4.2/psoc creator/import/gnu/arm/5.4.1/bin/../lib/gcc/arm-none-eabi/5.4.1/armv6-m\libgcc.a(subsf3.o)
 .debug_frame   0x00001840       0x20 c:/program files (x86)/cypress/psoc creator/4.2/psoc creator/import/gnu/arm/5.4.1/bin/../lib/gcc/arm-none-eabi/5.4.1/armv6-m\libgcc.a(fixsfsi.o)
 .debug_frame   0x00001860       0x3c c:/program files (x86)/cypress/psoc creator/4.2/psoc creator/import/gnu/arm/5.4.1/bin/../lib/gcc/arm-none-eabi/5.4.1/armv6-m\libgcc.a(adddf3.o)
 .debug_frame   0x0000189c       0x3c c:/program files (x86)/cypress/psoc creator/4.2/psoc creator/import/gnu/arm/5.4.1/bin/../lib/gcc/arm-none-eabi/5.4.1/armv6-m\libgcc.a(divdf3.o)
 .debug_frame   0x000018d8       0x38 c:/program files (x86)/cypress/psoc creator/4.2/psoc creator/import/gnu/arm/5.4.1/bin/../lib/gcc/arm-none-eabi/5.4.1/armv6-m\libgcc.a(eqdf2.o)
 .debug_frame   0x00001910       0x38 c:/program files (x86)/cypress/psoc creator/4.2/psoc creator/import/gnu/arm/5.4.1/bin/../lib/gcc/arm-none-eabi/5.4.1/armv6-m\libgcc.a(gedf2.o)
 .debug_frame   0x00001948       0x38 c:/program files (x86)/cypress/psoc creator/4.2/psoc creator/import/gnu/arm/5.4.1/bin/../lib/gcc/arm-none-eabi/5.4.1/armv6-m\libgcc.a(ledf2.o)
 .debug_frame   0x00001980       0x3c c:/program files (x86)/cypress/psoc creator/4.2/psoc creator/import/gnu/arm/5.4.1/bin/../lib/gcc/arm-none-eabi/5.4.1/armv6-m\libgcc.a(muldf3.o)
 .debug_frame   0x000019bc       0x2c c:/program files (x86)/cypress/psoc creator/4.2/psoc creator/import/gnu/arm/5.4.1/bin/../lib/gcc/arm-none-eabi/5.4.1/armv6-m\libgcc.a(extendsfdf2.o)
 .debug_frame   0x000019e8       0x2c c:/program files (x86)/cypress/psoc creator/4.2/psoc creator/import/gnu/arm/5.4.1/bin/../lib/gcc/arm-none-eabi/5.4.1/armv6-m\libgcc.a(truncdfsf2.o)
 .debug_frame   0x00001a14       0x2c c:/program files (x86)/cypress/psoc creator/4.2/psoc creator/import/gnu/arm/5.4.1/bin/../lib/gcc/arm-none-eabi/5.4.1/armv6-m\libgcc.a(eqsf2.o)
 .debug_frame   0x00001a40       0x30 c:/program files (x86)/cypress/psoc creator/4.2/psoc creator/import/gnu/arm/5.4.1/bin/../lib/gcc/arm-none-eabi/5.4.1/armv6-m\libgcc.a(gesf2.o)
 .debug_frame   0x00001a70       0x30 c:/program files (x86)/cypress/psoc creator/4.2/psoc creator/import/gnu/arm/5.4.1/bin/../lib/gcc/arm-none-eabi/5.4.1/armv6-m\libgcc.a(lesf2.o)
 .debug_frame   0x00001aa0       0x20 c:/program files (x86)/cypress/psoc creator/4.2/psoc creator/import/gnu/arm/5.4.1/bin/../lib/gcc/arm-none-eabi/5.4.1/../../../../arm-none-eabi/lib/armv6-m\libg_nano.a(lib_a-errno.o)
 .debug_frame   0x00001ac0       0x28 c:/program files (x86)/cypress/psoc creator/4.2/psoc creator/import/gnu/arm/5.4.1/bin/../lib/gcc/arm-none-eabi/5.4.1/../../../../arm-none-eabi/lib/armv6-m\libg_nano.a(lib_a-exit.o)
 .debug_frame   0x00001ae8       0x2c c:/program files (x86)/cypress/psoc creator/4.2/psoc creator/import/gnu/arm/5.4.1/bin/../lib/gcc/arm-none-eabi/5.4.1/../../../../arm-none-eabi/lib/armv6-m\libg_nano.a(lib_a-init.o)
 .debug_frame   0x00001b14       0x20 c:/program files (x86)/cypress/psoc creator/4.2/psoc creator/import/gnu/arm/5.4.1/bin/../lib/gcc/arm-none-eabi/5.4.1/../../../../arm-none-eabi/lib/armv6-m\libg_nano.a(lib_a-memset.o)

.debug_str      0x00000000     0x2412
 *(.debug_str)
 .debug_str     0x00000000      0x2a4 .\CortexM0\ARM_GCC_541\Debug\main.o
                                0x2e4 (size before relaxing)
 .debug_str     0x000002a4      0x349 .\CortexM0\ARM_GCC_541\Debug\stepper.o
                                0x53a (size before relaxing)
 .debug_str     0x000005ed      0x15e .\CortexM0\ARM_GCC_541\Debug\cyfitter_cfg.o
                                0x318 (size before relaxing)
 .debug_str     0x0000074b       0x63 .\CortexM0\ARM_GCC_541\Debug\cymetadata.o
                                0x1c6 (size before relaxing)
 .debug_str     0x000007ae      0x13a .\CortexM0\ARM_GCC_541\Debug\Cm0Start.o
                                0x2ff (size before relaxing)
 .debug_str     0x000008e8       0xb3 .\CortexM0\ARM_GCC_541\Debug\Design01.a(Pin_DIR_X.o)
                                0x250 (size before relaxing)
 .debug_str     0x0000099b       0x81 .\CortexM0\ARM_GCC_541\Debug\Design01.a(Pin_EN.o)
                                0x23b (size before relaxing)
 .debug_str     0x00000a1c      0x4be .\CortexM0\ARM_GCC_541\Debug\Design01.a(Step_Counter.o)
                                0x6d5 (size before relaxing)
 .debug_str     0x00000eda      0x14d .\CortexM0\ARM_GCC_541\Debug\Design01.a(X_Interrupt.o)
                                0x33c (size before relaxing)
 .debug_str     0x00001027      0x559 .\CortexM0\ARM_GCC_541\Debug\Design01.a(Counter_Motor_Steps.o)
                                0x7fb (size before relaxing)
 .debug_str     0x00001580       0x4a .\CortexM0\ARM_GCC_541\Debug\Design01.a(Motor_Control_Reg.o)
                                0x1d1 (size before relaxing)
 .debug_str     0x000015ca       0x93 .\CortexM0\ARM_GCC_541\Debug\Design01.a(Pin_DIR_Y.o)
                                0x250 (size before relaxing)
 .debug_str     0x0000165d      0x593 .\CortexM0\ARM_GCC_541\Debug\Design01.a(CyLib.o)
                                0x7f6 (size before relaxing)
 .debug_str     0x00001bf0      0x6e7 .\CortexM0\ARM_GCC_541\Debug\Design01.a(CyLFClk.o)
                                0x936 (size before relaxing)
 .debug_str     0x000022d7      0x109 .\CortexM0\ARM_GCC_541\Debug\Design01.a(LCD.o)
                                0x2e1 (size before relaxing)
 .debug_str     0x000023e0       0x32 .\CortexM0\ARM_GCC_541\Debug\Design01.a(LCD_CustChars.o)
                                0x1fc (size before relaxing)

.debug_loc      0x00000000     0x2ada
 *(.debug_loc)
 .debug_loc     0x00000000      0x1c3 .\CortexM0\ARM_GCC_541\Debug\main.o
 .debug_loc     0x000001c3      0x110 .\CortexM0\ARM_GCC_541\Debug\stepper.o
 .debug_loc     0x000002d3      0x118 .\CortexM0\ARM_GCC_541\Debug\cyfitter_cfg.o
 .debug_loc     0x000003eb      0x14f .\CortexM0\ARM_GCC_541\Debug\Cm0Start.o
 .debug_loc     0x0000053a       0x81 .\CortexM0\ARM_GCC_541\Debug\Design01.a(Pin_DIR_X.o)
 .debug_loc     0x000005bb       0xa2 .\CortexM0\ARM_GCC_541\Debug\Design01.a(Pin_EN.o)
 .debug_loc     0x0000065d      0x547 .\CortexM0\ARM_GCC_541\Debug\Design01.a(Step_Counter.o)
 .debug_loc     0x00000ba4       0x82 .\CortexM0\ARM_GCC_541\Debug\Design01.a(X_Interrupt.o)
 .debug_loc     0x00000c26      0x547 .\CortexM0\ARM_GCC_541\Debug\Design01.a(Counter_Motor_Steps.o)
 .debug_loc     0x0000116d       0xa2 .\CortexM0\ARM_GCC_541\Debug\Design01.a(Pin_DIR_Y.o)
 .debug_loc     0x0000120f      0x818 .\CortexM0\ARM_GCC_541\Debug\Design01.a(CyLib.o)
 .debug_loc     0x00001a27      0xdaa .\CortexM0\ARM_GCC_541\Debug\Design01.a(CyLFClk.o)
 .debug_loc     0x000027d1      0x2b3 .\CortexM0\ARM_GCC_541\Debug\Design01.a(LCD.o)
 .debug_loc     0x00002a84       0x56 .\CortexM0\ARM_GCC_541\Debug\Design01.a(LCD_CustChars.o)

.debug_macinfo
 *(.debug_macinfo)

.debug_ranges   0x00000000      0x840
 *(.debug_ranges)
 .debug_ranges  0x00000000       0x18 .\CortexM0\ARM_GCC_541\Debug\main.o
 .debug_ranges  0x00000018       0x50 .\CortexM0\ARM_GCC_541\Debug\stepper.o
 .debug_ranges  0x00000068       0x30 .\CortexM0\ARM_GCC_541\Debug\cyfitter_cfg.o
 .debug_ranges  0x00000098       0x38 .\CortexM0\ARM_GCC_541\Debug\Cm0Start.o
 .debug_ranges  0x000000d0       0x38 .\CortexM0\ARM_GCC_541\Debug\Design01.a(Pin_DIR_X.o)
 .debug_ranges  0x00000108       0x38 .\CortexM0\ARM_GCC_541\Debug\Design01.a(Pin_EN.o)
 .debug_ranges  0x00000140      0x148 .\CortexM0\ARM_GCC_541\Debug\Design01.a(Step_Counter.o)
 .debug_ranges  0x00000288       0x70 .\CortexM0\ARM_GCC_541\Debug\Design01.a(X_Interrupt.o)
 .debug_ranges  0x000002f8      0x148 .\CortexM0\ARM_GCC_541\Debug\Design01.a(Counter_Motor_Steps.o)
 .debug_ranges  0x00000440       0x18 .\CortexM0\ARM_GCC_541\Debug\Design01.a(Motor_Control_Reg.o)
 .debug_ranges  0x00000458       0x38 .\CortexM0\ARM_GCC_541\Debug\Design01.a(Pin_DIR_Y.o)
 .debug_ranges  0x00000490      0x1c0 .\CortexM0\ARM_GCC_541\Debug\Design01.a(CyLib.o)
 .debug_ranges  0x00000650      0x178 .\CortexM0\ARM_GCC_541\Debug\Design01.a(CyLFClk.o)
 .debug_ranges  0x000007c8       0x68 .\CortexM0\ARM_GCC_541\Debug\Design01.a(LCD.o)
 .debug_ranges  0x00000830       0x10 .\CortexM0\ARM_GCC_541\Debug\Design01.a(LCD_CustChars.o)

.comment        0x00000000       0x6e
 .comment       0x00000000       0x6e .\CortexM0\ARM_GCC_541\Debug\main.o
                                 0x6f (size before relaxing)
 .comment       0x0000006e       0x6f .\CortexM0\ARM_GCC_541\Debug\stepper.o
 .comment       0x0000006e       0x6f .\CortexM0\ARM_GCC_541\Debug\cyfitter_cfg.o
 .comment       0x0000006e       0x6f .\CortexM0\ARM_GCC_541\Debug\cymetadata.o
 .comment       0x0000006e       0x6f .\CortexM0\ARM_GCC_541\Debug\Cm0Start.o
 .comment       0x0000006e       0x6f .\CortexM0\ARM_GCC_541\Debug\Design01.a(Pin_DIR_X.o)
 .comment       0x0000006e       0x6f .\CortexM0\ARM_GCC_541\Debug\Design01.a(Pin_EN.o)
 .comment       0x0000006e       0x6f .\CortexM0\ARM_GCC_541\Debug\Design01.a(Step_Counter.o)
 .comment       0x0000006e       0x6f .\CortexM0\ARM_GCC_541\Debug\Design01.a(X_Interrupt.o)
 .comment       0x0000006e       0x6f .\CortexM0\ARM_GCC_541\Debug\Design01.a(Counter_Motor_Steps.o)
 .comment       0x0000006e       0x6f .\CortexM0\ARM_GCC_541\Debug\Design01.a(Motor_Control_Reg.o)
 .comment       0x0000006e       0x6f .\CortexM0\ARM_GCC_541\Debug\Design01.a(Pin_DIR_Y.o)
 .comment       0x0000006e       0x6f .\CortexM0\ARM_GCC_541\Debug\Design01.a(CyLib.o)
 .comment       0x0000006e       0x6f .\CortexM0\ARM_GCC_541\Debug\Design01.a(CyLFClk.o)
 .comment       0x0000006e       0x6f .\CortexM0\ARM_GCC_541\Debug\Design01.a(LCD.o)
 .comment       0x0000006e       0x6f .\CortexM0\ARM_GCC_541\Debug\Design01.a(LCD_CustChars.o)

.debug_weaknames
 *(.debug_weaknames)

.debug_funcnames
 *(.debug_funcnames)

.debug_typenames
 *(.debug_typenames)

.debug_varnames
 *(.debug_varnames)

.note.gnu.arm.ident
 *(.note.gnu.arm.ident)

.ARM.attributes
                0x00000000       0x28
 *(.ARM.attributes)
 .ARM.attributes
                0x00000000       0x1e c:/program files (x86)/cypress/psoc creator/4.2/psoc creator/import/gnu/arm/5.4.1/bin/../lib/gcc/arm-none-eabi/5.4.1/armv6-m/crti.o
 .ARM.attributes
                0x0000001e       0x2c c:/program files (x86)/cypress/psoc creator/4.2/psoc creator/import/gnu/arm/5.4.1/bin/../lib/gcc/arm-none-eabi/5.4.1/armv6-m/crtbegin.o
 .ARM.attributes
                0x0000004a       0x1b c:/program files (x86)/cypress/psoc creator/4.2/psoc creator/import/gnu/arm/5.4.1/bin/../lib/gcc/arm-none-eabi/5.4.1/../../../../arm-none-eabi/lib/armv6-m/crt0.o
 .ARM.attributes
                0x00000065       0x31 .\CortexM0\ARM_GCC_541\Debug\main.o
 .ARM.attributes
                0x00000096       0x31 .\CortexM0\ARM_GCC_541\Debug\stepper.o
 .ARM.attributes
                0x000000c7       0x31 .\CortexM0\ARM_GCC_541\Debug\cyfitter_cfg.o
 .ARM.attributes
                0x000000f8       0x31 .\CortexM0\ARM_GCC_541\Debug\cymetadata.o
 .ARM.attributes
                0x00000129       0x31 .\CortexM0\ARM_GCC_541\Debug\Cm0Start.o
 .ARM.attributes
                0x0000015a       0x31 .\CortexM0\ARM_GCC_541\Debug\Design01.a(Pin_DIR_X.o)
 .ARM.attributes
                0x0000018b       0x31 .\CortexM0\ARM_GCC_541\Debug\Design01.a(Pin_EN.o)
 .ARM.attributes
                0x000001bc       0x31 .\CortexM0\ARM_GCC_541\Debug\Design01.a(Step_Counter.o)
 .ARM.attributes
                0x000001ed       0x31 .\CortexM0\ARM_GCC_541\Debug\Design01.a(X_Interrupt.o)
 .ARM.attributes
                0x0000021e       0x31 .\CortexM0\ARM_GCC_541\Debug\Design01.a(Counter_Motor_Steps.o)
 .ARM.attributes
                0x0000024f       0x31 .\CortexM0\ARM_GCC_541\Debug\Design01.a(Motor_Control_Reg.o)
 .ARM.attributes
                0x00000280       0x31 .\CortexM0\ARM_GCC_541\Debug\Design01.a(Pin_DIR_Y.o)
 .ARM.attributes
                0x000002b1       0x31 .\CortexM0\ARM_GCC_541\Debug\Design01.a(CyLib.o)
 .ARM.attributes
                0x000002e2       0x31 .\CortexM0\ARM_GCC_541\Debug\Design01.a(CyLFClk.o)
 .ARM.attributes
                0x00000313       0x31 .\CortexM0\ARM_GCC_541\Debug\Design01.a(LCD.o)
 .ARM.attributes
                0x00000344       0x31 .\CortexM0\ARM_GCC_541\Debug\Design01.a(LCD_CustChars.o)
 .ARM.attributes
                0x00000375       0x21 .\CortexM0\ARM_GCC_541\Debug\Design01.a(CyBootAsmGnu.o)
 .ARM.attributes
                0x00000396       0x1e c:/program files (x86)/cypress/psoc creator/4.2/psoc creator/import/gnu/arm/5.4.1/bin/../lib/gcc/arm-none-eabi/5.4.1/armv6-m\libgcc.a(_udivsi3.o)
 .ARM.attributes
                0x000003b4       0x1e c:/program files (x86)/cypress/psoc creator/4.2/psoc creator/import/gnu/arm/5.4.1/bin/../lib/gcc/arm-none-eabi/5.4.1/armv6-m\libgcc.a(_divsi3.o)
 .ARM.attributes
                0x000003d2       0x1e c:/program files (x86)/cypress/psoc creator/4.2/psoc creator/import/gnu/arm/5.4.1/bin/../lib/gcc/arm-none-eabi/5.4.1/armv6-m\libgcc.a(_dvmd_tls.o)
 .ARM.attributes
                0x000003f0       0x1e c:/program files (x86)/cypress/psoc creator/4.2/psoc creator/import/gnu/arm/5.4.1/bin/../lib/gcc/arm-none-eabi/5.4.1/armv6-m\libgcc.a(_arm_cmpdf2.o)
 .ARM.attributes
                0x0000040e       0x2c c:/program files (x86)/cypress/psoc creator/4.2/psoc creator/import/gnu/arm/5.4.1/bin/../lib/gcc/arm-none-eabi/5.4.1/armv6-m\libgcc.a(_fixunssfsi.o)
 .ARM.attributes
                0x0000043a       0x2c c:/program files (x86)/cypress/psoc creator/4.2/psoc creator/import/gnu/arm/5.4.1/bin/../lib/gcc/arm-none-eabi/5.4.1/armv6-m\libgcc.a(addsf3.o)
 .ARM.attributes
                0x00000466       0x2c c:/program files (x86)/cypress/psoc creator/4.2/psoc creator/import/gnu/arm/5.4.1/bin/../lib/gcc/arm-none-eabi/5.4.1/armv6-m\libgcc.a(mulsf3.o)
 .ARM.attributes
                0x00000492       0x2c c:/program files (x86)/cypress/psoc creator/4.2/psoc creator/import/gnu/arm/5.4.1/bin/../lib/gcc/arm-none-eabi/5.4.1/armv6-m\libgcc.a(subsf3.o)
 .ARM.attributes
                0x000004be       0x2c c:/program files (x86)/cypress/psoc creator/4.2/psoc creator/import/gnu/arm/5.4.1/bin/../lib/gcc/arm-none-eabi/5.4.1/armv6-m\libgcc.a(fixsfsi.o)
 .ARM.attributes
                0x000004ea       0x2c c:/program files (x86)/cypress/psoc creator/4.2/psoc creator/import/gnu/arm/5.4.1/bin/../lib/gcc/arm-none-eabi/5.4.1/armv6-m\libgcc.a(adddf3.o)
 .ARM.attributes
                0x00000516       0x2c c:/program files (x86)/cypress/psoc creator/4.2/psoc creator/import/gnu/arm/5.4.1/bin/../lib/gcc/arm-none-eabi/5.4.1/armv6-m\libgcc.a(divdf3.o)
 .ARM.attributes
                0x00000542       0x2c c:/program files (x86)/cypress/psoc creator/4.2/psoc creator/import/gnu/arm/5.4.1/bin/../lib/gcc/arm-none-eabi/5.4.1/armv6-m\libgcc.a(eqdf2.o)
 .ARM.attributes
                0x0000056e       0x2c c:/program files (x86)/cypress/psoc creator/4.2/psoc creator/import/gnu/arm/5.4.1/bin/../lib/gcc/arm-none-eabi/5.4.1/armv6-m\libgcc.a(gedf2.o)
 .ARM.attributes
                0x0000059a       0x2c c:/program files (x86)/cypress/psoc creator/4.2/psoc creator/import/gnu/arm/5.4.1/bin/../lib/gcc/arm-none-eabi/5.4.1/armv6-m\libgcc.a(ledf2.o)
 .ARM.attributes
                0x000005c6       0x2c c:/program files (x86)/cypress/psoc creator/4.2/psoc creator/import/gnu/arm/5.4.1/bin/../lib/gcc/arm-none-eabi/5.4.1/armv6-m\libgcc.a(muldf3.o)
 .ARM.attributes
                0x000005f2       0x2c c:/program files (x86)/cypress/psoc creator/4.2/psoc creator/import/gnu/arm/5.4.1/bin/../lib/gcc/arm-none-eabi/5.4.1/armv6-m\libgcc.a(extendsfdf2.o)
 .ARM.attributes
                0x0000061e       0x2c c:/program files (x86)/cypress/psoc creator/4.2/psoc creator/import/gnu/arm/5.4.1/bin/../lib/gcc/arm-none-eabi/5.4.1/armv6-m\libgcc.a(truncdfsf2.o)
 .ARM.attributes
                0x0000064a       0x1e c:/program files (x86)/cypress/psoc creator/4.2/psoc creator/import/gnu/arm/5.4.1/bin/../lib/gcc/arm-none-eabi/5.4.1/armv6-m\libgcc.a(_arm_cmpsf2.o)
 .ARM.attributes
                0x00000668       0x1e c:/program files (x86)/cypress/psoc creator/4.2/psoc creator/import/gnu/arm/5.4.1/bin/../lib/gcc/arm-none-eabi/5.4.1/armv6-m\libgcc.a(_clzsi2.o)
 .ARM.attributes
                0x00000686       0x2c c:/program files (x86)/cypress/psoc creator/4.2/psoc creator/import/gnu/arm/5.4.1/bin/../lib/gcc/arm-none-eabi/5.4.1/armv6-m\libgcc.a(eqsf2.o)
 .ARM.attributes
                0x000006b2       0x2c c:/program files (x86)/cypress/psoc creator/4.2/psoc creator/import/gnu/arm/5.4.1/bin/../lib/gcc/arm-none-eabi/5.4.1/armv6-m\libgcc.a(gesf2.o)
 .ARM.attributes
                0x000006de       0x2c c:/program files (x86)/cypress/psoc creator/4.2/psoc creator/import/gnu/arm/5.4.1/bin/../lib/gcc/arm-none-eabi/5.4.1/armv6-m\libgcc.a(lesf2.o)
 .ARM.attributes
                0x0000070a       0x2c c:/program files (x86)/cypress/psoc creator/4.2/psoc creator/import/gnu/arm/5.4.1/bin/../lib/gcc/arm-none-eabi/5.4.1/../../../../arm-none-eabi/lib/armv6-m\libg_nano.a(lib_a-ctype_.o)
 .ARM.attributes
                0x00000736       0x2c c:/program files (x86)/cypress/psoc creator/4.2/psoc creator/import/gnu/arm/5.4.1/bin/../lib/gcc/arm-none-eabi/5.4.1/../../../../arm-none-eabi/lib/armv6-m\libg_nano.a(lib_a-errno.o)
 .ARM.attributes
                0x00000762       0x2c c:/program files (x86)/cypress/psoc creator/4.2/psoc creator/import/gnu/arm/5.4.1/bin/../lib/gcc/arm-none-eabi/5.4.1/../../../../arm-none-eabi/lib/armv6-m\libg_nano.a(lib_a-exit.o)
 .ARM.attributes
                0x0000078e       0x2c c:/program files (x86)/cypress/psoc creator/4.2/psoc creator/import/gnu/arm/5.4.1/bin/../lib/gcc/arm-none-eabi/5.4.1/../../../../arm-none-eabi/lib/armv6-m\libg_nano.a(lib_a-impure.o)
 .ARM.attributes
                0x000007ba       0x2c c:/program files (x86)/cypress/psoc creator/4.2/psoc creator/import/gnu/arm/5.4.1/bin/../lib/gcc/arm-none-eabi/5.4.1/../../../../arm-none-eabi/lib/armv6-m\libg_nano.a(lib_a-init.o)
 .ARM.attributes
                0x000007e6       0x2c c:/program files (x86)/cypress/psoc creator/4.2/psoc creator/import/gnu/arm/5.4.1/bin/../lib/gcc/arm-none-eabi/5.4.1/../../../../arm-none-eabi/lib/armv6-m\libg_nano.a(lib_a-memset.o)
 .ARM.attributes
                0x00000812       0x2c c:/program files (x86)/cypress/psoc creator/4.2/psoc creator/import/gnu/arm/5.4.1/bin/../lib/gcc/arm-none-eabi/5.4.1/armv6-m/crtend.o
 .ARM.attributes
                0x0000083e       0x1e c:/program files (x86)/cypress/psoc creator/4.2/psoc creator/import/gnu/arm/5.4.1/bin/../lib/gcc/arm-none-eabi/5.4.1/armv6-m/crtn.o

/DISCARD/
 *(.note.GNU-stack)
OUTPUT(C:\Users\User\Documents\PSoC Creator\Workspace06\Design01.cydsn\CortexM0\ARM_GCC_541\Debug\Design01.elf elf32-littlearm)
