ARM GAS  C:\Users\User\AppData\Local\Temp\ccQ5E1wu.s 			page 1


   1              		.syntax unified
   2              		.cpu cortex-m0
   3              		.fpu softvfp
   4              		.eabi_attribute 20, 1
   5              		.eabi_attribute 21, 1
   6              		.eabi_attribute 23, 3
   7              		.eabi_attribute 24, 1
   8              		.eabi_attribute 25, 1
   9              		.eabi_attribute 26, 1
  10              		.eabi_attribute 30, 6
  11              		.eabi_attribute 34, 0
  12              		.eabi_attribute 18, 4
  13              		.thumb
  14              		.syntax unified
  15              		.file	"cyfitter_cfg.c"
  16              		.text
  17              	.Ltext0:
  18              		.cfi_sections	.debug_frame
  19              		.section	.text.CYMEMZERO,"ax",%progbits
  20              		.align	2
  21              		.code	16
  22              		.thumb_func
  23              		.type	CYMEMZERO, %function
  24              	CYMEMZERO:
  25              	.LFB2:
  26              		.file 1 "Generated_Source\\PSoC4\\cyfitter_cfg.c"
   1:Generated_Source\PSoC4/cyfitter_cfg.c **** 
   2:Generated_Source\PSoC4/cyfitter_cfg.c **** /*******************************************************************************
   3:Generated_Source\PSoC4/cyfitter_cfg.c **** * File Name: cyfitter_cfg.c
   4:Generated_Source\PSoC4/cyfitter_cfg.c **** * 
   5:Generated_Source\PSoC4/cyfitter_cfg.c **** * PSoC Creator  4.2
   6:Generated_Source\PSoC4/cyfitter_cfg.c **** *
   7:Generated_Source\PSoC4/cyfitter_cfg.c **** * Description:
   8:Generated_Source\PSoC4/cyfitter_cfg.c **** * This file contains device initialization code.
   9:Generated_Source\PSoC4/cyfitter_cfg.c **** * Except for the user defined sections in CyClockStartupError(), this file should not be modified.
  10:Generated_Source\PSoC4/cyfitter_cfg.c **** * This file is automatically generated by PSoC Creator.
  11:Generated_Source\PSoC4/cyfitter_cfg.c **** *
  12:Generated_Source\PSoC4/cyfitter_cfg.c **** ********************************************************************************
  13:Generated_Source\PSoC4/cyfitter_cfg.c **** * Copyright (c) 2007-2018 Cypress Semiconductor.  All rights reserved.
  14:Generated_Source\PSoC4/cyfitter_cfg.c **** * You may use this file only in accordance with the license, terms, conditions, 
  15:Generated_Source\PSoC4/cyfitter_cfg.c **** * disclaimers, and limitations in the end user license agreement accompanying 
  16:Generated_Source\PSoC4/cyfitter_cfg.c **** * the software package with which this file was provided.
  17:Generated_Source\PSoC4/cyfitter_cfg.c **** ********************************************************************************/
  18:Generated_Source\PSoC4/cyfitter_cfg.c **** 
  19:Generated_Source\PSoC4/cyfitter_cfg.c **** #include <string.h>
  20:Generated_Source\PSoC4/cyfitter_cfg.c **** #include "cytypes.h"
  21:Generated_Source\PSoC4/cyfitter_cfg.c **** #include "cydevice_trm.h"
  22:Generated_Source\PSoC4/cyfitter_cfg.c **** #include "cyfitter.h"
  23:Generated_Source\PSoC4/cyfitter_cfg.c **** #include "CyLib.h"
  24:Generated_Source\PSoC4/cyfitter_cfg.c **** #include "cyfitter_cfg.h"
  25:Generated_Source\PSoC4/cyfitter_cfg.c **** #include "cyapicallbacks.h"
  26:Generated_Source\PSoC4/cyfitter_cfg.c **** 
  27:Generated_Source\PSoC4/cyfitter_cfg.c **** 
  28:Generated_Source\PSoC4/cyfitter_cfg.c **** #if defined(__GNUC__) || defined(__ARMCC_VERSION)
  29:Generated_Source\PSoC4/cyfitter_cfg.c ****     #define CYPACKED 
  30:Generated_Source\PSoC4/cyfitter_cfg.c ****     #define CYPACKED_ATTR __attribute__ ((packed))
  31:Generated_Source\PSoC4/cyfitter_cfg.c ****     #define CYALIGNED __attribute__ ((aligned))
ARM GAS  C:\Users\User\AppData\Local\Temp\ccQ5E1wu.s 			page 2


  32:Generated_Source\PSoC4/cyfitter_cfg.c ****     #define CY_CFG_UNUSED __attribute__ ((unused))
  33:Generated_Source\PSoC4/cyfitter_cfg.c ****     #ifndef CY_CFG_SECTION
  34:Generated_Source\PSoC4/cyfitter_cfg.c ****         #define CY_CFG_SECTION __attribute__ ((section(".psocinit")))
  35:Generated_Source\PSoC4/cyfitter_cfg.c ****     #endif
  36:Generated_Source\PSoC4/cyfitter_cfg.c ****     
  37:Generated_Source\PSoC4/cyfitter_cfg.c ****     #if defined(__ARMCC_VERSION)
  38:Generated_Source\PSoC4/cyfitter_cfg.c ****         #define CY_CFG_MEMORY_BARRIER() __memory_changed()
  39:Generated_Source\PSoC4/cyfitter_cfg.c ****     #else
  40:Generated_Source\PSoC4/cyfitter_cfg.c ****         #define CY_CFG_MEMORY_BARRIER() __sync_synchronize()
  41:Generated_Source\PSoC4/cyfitter_cfg.c ****     #endif
  42:Generated_Source\PSoC4/cyfitter_cfg.c ****     
  43:Generated_Source\PSoC4/cyfitter_cfg.c **** #elif defined(__ICCARM__)
  44:Generated_Source\PSoC4/cyfitter_cfg.c ****     #include <intrinsics.h>
  45:Generated_Source\PSoC4/cyfitter_cfg.c **** 
  46:Generated_Source\PSoC4/cyfitter_cfg.c ****     #define CYPACKED __packed
  47:Generated_Source\PSoC4/cyfitter_cfg.c ****     #define CYPACKED_ATTR 
  48:Generated_Source\PSoC4/cyfitter_cfg.c ****     #define CYALIGNED _Pragma("data_alignment=4")
  49:Generated_Source\PSoC4/cyfitter_cfg.c ****     #define CY_CFG_UNUSED _Pragma("diag_suppress=Pe177")
  50:Generated_Source\PSoC4/cyfitter_cfg.c ****     #define CY_CFG_SECTION _Pragma("location=\".psocinit\"")
  51:Generated_Source\PSoC4/cyfitter_cfg.c ****     
  52:Generated_Source\PSoC4/cyfitter_cfg.c ****     #define CY_CFG_MEMORY_BARRIER() __DMB()
  53:Generated_Source\PSoC4/cyfitter_cfg.c ****     
  54:Generated_Source\PSoC4/cyfitter_cfg.c **** #else
  55:Generated_Source\PSoC4/cyfitter_cfg.c ****     #error Unsupported toolchain
  56:Generated_Source\PSoC4/cyfitter_cfg.c **** #endif
  57:Generated_Source\PSoC4/cyfitter_cfg.c **** 
  58:Generated_Source\PSoC4/cyfitter_cfg.c **** #ifndef CYCODE
  59:Generated_Source\PSoC4/cyfitter_cfg.c ****     #define CYCODE
  60:Generated_Source\PSoC4/cyfitter_cfg.c **** #endif
  61:Generated_Source\PSoC4/cyfitter_cfg.c **** #ifndef CYDATA
  62:Generated_Source\PSoC4/cyfitter_cfg.c ****     #define CYDATA
  63:Generated_Source\PSoC4/cyfitter_cfg.c **** #endif
  64:Generated_Source\PSoC4/cyfitter_cfg.c **** #ifndef CYFAR
  65:Generated_Source\PSoC4/cyfitter_cfg.c ****     #define CYFAR
  66:Generated_Source\PSoC4/cyfitter_cfg.c **** #endif
  67:Generated_Source\PSoC4/cyfitter_cfg.c **** #ifndef CYXDATA
  68:Generated_Source\PSoC4/cyfitter_cfg.c ****     #define CYXDATA
  69:Generated_Source\PSoC4/cyfitter_cfg.c **** #endif
  70:Generated_Source\PSoC4/cyfitter_cfg.c **** 
  71:Generated_Source\PSoC4/cyfitter_cfg.c **** 
  72:Generated_Source\PSoC4/cyfitter_cfg.c **** CY_CFG_UNUSED
  73:Generated_Source\PSoC4/cyfitter_cfg.c **** static void CYMEMZERO(void *s, size_t n);
  74:Generated_Source\PSoC4/cyfitter_cfg.c **** CY_CFG_UNUSED
  75:Generated_Source\PSoC4/cyfitter_cfg.c **** static void CYMEMZERO(void *s, size_t n)
  76:Generated_Source\PSoC4/cyfitter_cfg.c **** {
  27              		.loc 1 76 0
  28              		.cfi_startproc
  29              		@ args = 0, pretend = 0, frame = 8
  30              		@ frame_needed = 1, uses_anonymous_args = 0
  31 0000 80B5     		push	{r7, lr}
  32              		.cfi_def_cfa_offset 8
  33              		.cfi_offset 7, -8
  34              		.cfi_offset 14, -4
  35 0002 82B0     		sub	sp, sp, #8
  36              		.cfi_def_cfa_offset 16
  37 0004 00AF     		add	r7, sp, #0
  38              		.cfi_def_cfa_register 7
ARM GAS  C:\Users\User\AppData\Local\Temp\ccQ5E1wu.s 			page 3


  39 0006 7860     		str	r0, [r7, #4]
  40 0008 3960     		str	r1, [r7]
  77:Generated_Source\PSoC4/cyfitter_cfg.c **** 	(void)memset(s, 0, n);
  41              		.loc 1 77 0
  42 000a 3A68     		ldr	r2, [r7]
  43 000c 7B68     		ldr	r3, [r7, #4]
  44 000e 0021     		movs	r1, #0
  45 0010 1800     		movs	r0, r3
  46 0012 FFF7FEFF 		bl	memset
  78:Generated_Source\PSoC4/cyfitter_cfg.c **** }
  47              		.loc 1 78 0
  48 0016 C046     		nop
  49 0018 BD46     		mov	sp, r7
  50 001a 02B0     		add	sp, sp, #8
  51              		@ sp needed
  52 001c 80BD     		pop	{r7, pc}
  53              		.cfi_endproc
  54              	.LFE2:
  55              		.size	CYMEMZERO, .-CYMEMZERO
  56 001e C046     		.section	.text.CYCONFIGCPY,"ax",%progbits
  57              		.align	2
  58              		.code	16
  59              		.thumb_func
  60              		.type	CYCONFIGCPY, %function
  61              	CYCONFIGCPY:
  62              	.LFB3:
  79:Generated_Source\PSoC4/cyfitter_cfg.c **** CY_CFG_UNUSED
  80:Generated_Source\PSoC4/cyfitter_cfg.c **** static void CYCONFIGCPY(void *dest, const void *src, size_t n);
  81:Generated_Source\PSoC4/cyfitter_cfg.c **** CY_CFG_UNUSED
  82:Generated_Source\PSoC4/cyfitter_cfg.c **** static void CYCONFIGCPY(void *dest, const void *src, size_t n)
  83:Generated_Source\PSoC4/cyfitter_cfg.c **** {
  63              		.loc 1 83 0
  64              		.cfi_startproc
  65              		@ args = 0, pretend = 0, frame = 16
  66              		@ frame_needed = 1, uses_anonymous_args = 0
  67 0000 80B5     		push	{r7, lr}
  68              		.cfi_def_cfa_offset 8
  69              		.cfi_offset 7, -8
  70              		.cfi_offset 14, -4
  71 0002 84B0     		sub	sp, sp, #16
  72              		.cfi_def_cfa_offset 24
  73 0004 00AF     		add	r7, sp, #0
  74              		.cfi_def_cfa_register 7
  75 0006 F860     		str	r0, [r7, #12]
  76 0008 B960     		str	r1, [r7, #8]
  77 000a 7A60     		str	r2, [r7, #4]
  84:Generated_Source\PSoC4/cyfitter_cfg.c **** 	(void)memcpy(dest, src, n);
  78              		.loc 1 84 0
  79 000c 7A68     		ldr	r2, [r7, #4]
  80 000e B968     		ldr	r1, [r7, #8]
  81 0010 FB68     		ldr	r3, [r7, #12]
  82 0012 1800     		movs	r0, r3
  83 0014 FFF7FEFF 		bl	memcpy
  85:Generated_Source\PSoC4/cyfitter_cfg.c **** }
  84              		.loc 1 85 0
  85 0018 C046     		nop
  86 001a BD46     		mov	sp, r7
ARM GAS  C:\Users\User\AppData\Local\Temp\ccQ5E1wu.s 			page 4


  87 001c 04B0     		add	sp, sp, #16
  88              		@ sp needed
  89 001e 80BD     		pop	{r7, pc}
  90              		.cfi_endproc
  91              	.LFE3:
  92              		.size	CYCONFIGCPY, .-CYCONFIGCPY
  93              		.section	.text.CYCONFIGCPYCODE,"ax",%progbits
  94              		.align	2
  95              		.code	16
  96              		.thumb_func
  97              		.type	CYCONFIGCPYCODE, %function
  98              	CYCONFIGCPYCODE:
  99              	.LFB4:
  86:Generated_Source\PSoC4/cyfitter_cfg.c **** CY_CFG_UNUSED
  87:Generated_Source\PSoC4/cyfitter_cfg.c **** static void CYCONFIGCPYCODE(void *dest, const void *src, size_t n);
  88:Generated_Source\PSoC4/cyfitter_cfg.c **** CY_CFG_UNUSED
  89:Generated_Source\PSoC4/cyfitter_cfg.c **** static void CYCONFIGCPYCODE(void *dest, const void *src, size_t n)
  90:Generated_Source\PSoC4/cyfitter_cfg.c **** {
 100              		.loc 1 90 0
 101              		.cfi_startproc
 102              		@ args = 0, pretend = 0, frame = 16
 103              		@ frame_needed = 1, uses_anonymous_args = 0
 104 0000 80B5     		push	{r7, lr}
 105              		.cfi_def_cfa_offset 8
 106              		.cfi_offset 7, -8
 107              		.cfi_offset 14, -4
 108 0002 84B0     		sub	sp, sp, #16
 109              		.cfi_def_cfa_offset 24
 110 0004 00AF     		add	r7, sp, #0
 111              		.cfi_def_cfa_register 7
 112 0006 F860     		str	r0, [r7, #12]
 113 0008 B960     		str	r1, [r7, #8]
 114 000a 7A60     		str	r2, [r7, #4]
  91:Generated_Source\PSoC4/cyfitter_cfg.c **** 	(void)memcpy(dest, src, n);
 115              		.loc 1 91 0
 116 000c 7A68     		ldr	r2, [r7, #4]
 117 000e B968     		ldr	r1, [r7, #8]
 118 0010 FB68     		ldr	r3, [r7, #12]
 119 0012 1800     		movs	r0, r3
 120 0014 FFF7FEFF 		bl	memcpy
  92:Generated_Source\PSoC4/cyfitter_cfg.c **** }
 121              		.loc 1 92 0
 122 0018 C046     		nop
 123 001a BD46     		mov	sp, r7
 124 001c 04B0     		add	sp, sp, #16
 125              		@ sp needed
 126 001e 80BD     		pop	{r7, pc}
 127              		.cfi_endproc
 128              	.LFE4:
 129              		.size	CYCONFIGCPYCODE, .-CYCONFIGCPYCODE
 130              		.section	.psocinit,"ax",%progbits
 131              		.align	2
 132              		.code	16
 133              		.thumb_func
 134              		.type	ClockSetup, %function
 135              	ClockSetup:
 136              	.LFB5:
ARM GAS  C:\Users\User\AppData\Local\Temp\ccQ5E1wu.s 			page 5


  93:Generated_Source\PSoC4/cyfitter_cfg.c **** 
  94:Generated_Source\PSoC4/cyfitter_cfg.c **** 
  95:Generated_Source\PSoC4/cyfitter_cfg.c **** 
  96:Generated_Source\PSoC4/cyfitter_cfg.c **** 
  97:Generated_Source\PSoC4/cyfitter_cfg.c **** /* Clock startup error codes                                                   */
  98:Generated_Source\PSoC4/cyfitter_cfg.c **** #define CYCLOCKSTART_NO_ERROR    0u
  99:Generated_Source\PSoC4/cyfitter_cfg.c **** #define CYCLOCKSTART_XTAL_ERROR  1u
 100:Generated_Source\PSoC4/cyfitter_cfg.c **** #define CYCLOCKSTART_32KHZ_ERROR 2u
 101:Generated_Source\PSoC4/cyfitter_cfg.c **** #define CYCLOCKSTART_PLL_ERROR   3u
 102:Generated_Source\PSoC4/cyfitter_cfg.c **** #define CYCLOCKSTART_FLL_ERROR   4u
 103:Generated_Source\PSoC4/cyfitter_cfg.c **** #define CYCLOCKSTART_WCO_ERROR   5u
 104:Generated_Source\PSoC4/cyfitter_cfg.c **** 
 105:Generated_Source\PSoC4/cyfitter_cfg.c **** 
 106:Generated_Source\PSoC4/cyfitter_cfg.c **** #ifdef CY_NEED_CYCLOCKSTARTUPERROR
 107:Generated_Source\PSoC4/cyfitter_cfg.c **** /*******************************************************************************
 108:Generated_Source\PSoC4/cyfitter_cfg.c **** * Function Name: CyClockStartupError
 109:Generated_Source\PSoC4/cyfitter_cfg.c **** ********************************************************************************
 110:Generated_Source\PSoC4/cyfitter_cfg.c **** * Summary:
 111:Generated_Source\PSoC4/cyfitter_cfg.c **** *  If an error is encountered during clock configuration (crystal startup error,
 112:Generated_Source\PSoC4/cyfitter_cfg.c **** *  PLL lock error, etc.), the system will end up here.  Unless reimplemented by
 113:Generated_Source\PSoC4/cyfitter_cfg.c **** *  the customer, this function will stop in an infinite loop.
 114:Generated_Source\PSoC4/cyfitter_cfg.c **** *
 115:Generated_Source\PSoC4/cyfitter_cfg.c **** * Parameters:
 116:Generated_Source\PSoC4/cyfitter_cfg.c **** *   void
 117:Generated_Source\PSoC4/cyfitter_cfg.c **** *
 118:Generated_Source\PSoC4/cyfitter_cfg.c **** * Return:
 119:Generated_Source\PSoC4/cyfitter_cfg.c **** *   void
 120:Generated_Source\PSoC4/cyfitter_cfg.c **** *
 121:Generated_Source\PSoC4/cyfitter_cfg.c **** *******************************************************************************/
 122:Generated_Source\PSoC4/cyfitter_cfg.c **** CY_CFG_UNUSED
 123:Generated_Source\PSoC4/cyfitter_cfg.c **** static void CyClockStartupError(uint8 errorCode);
 124:Generated_Source\PSoC4/cyfitter_cfg.c **** CY_CFG_UNUSED
 125:Generated_Source\PSoC4/cyfitter_cfg.c **** static void CyClockStartupError(uint8 errorCode)
 126:Generated_Source\PSoC4/cyfitter_cfg.c **** {
 127:Generated_Source\PSoC4/cyfitter_cfg.c ****     /* To remove the compiler warning if errorCode not used.                */
 128:Generated_Source\PSoC4/cyfitter_cfg.c ****     errorCode = errorCode;
 129:Generated_Source\PSoC4/cyfitter_cfg.c **** 
 130:Generated_Source\PSoC4/cyfitter_cfg.c ****     /* If we have a clock startup error (bad MHz crystal, PLL lock, etc.),  */
 131:Generated_Source\PSoC4/cyfitter_cfg.c ****     /* we will end up here to allow the customer to implement something to  */
 132:Generated_Source\PSoC4/cyfitter_cfg.c ****     /* deal with the clock condition.                                       */
 133:Generated_Source\PSoC4/cyfitter_cfg.c **** 
 134:Generated_Source\PSoC4/cyfitter_cfg.c **** #ifdef CY_CFG_CLOCK_STARTUP_ERROR_CALLBACK
 135:Generated_Source\PSoC4/cyfitter_cfg.c ****     CY_CFG_Clock_Startup_ErrorCallback();
 136:Generated_Source\PSoC4/cyfitter_cfg.c **** #else
 137:Generated_Source\PSoC4/cyfitter_cfg.c ****     /*  If not using CY_CFG_CLOCK_STARTUP_ERROR_CALLBACK, place your clock startup code here. */
 138:Generated_Source\PSoC4/cyfitter_cfg.c ****     /* `#START CyClockStartupError` */
 139:Generated_Source\PSoC4/cyfitter_cfg.c **** 
 140:Generated_Source\PSoC4/cyfitter_cfg.c **** 
 141:Generated_Source\PSoC4/cyfitter_cfg.c **** 
 142:Generated_Source\PSoC4/cyfitter_cfg.c ****     /* `#END` */
 143:Generated_Source\PSoC4/cyfitter_cfg.c **** 
 144:Generated_Source\PSoC4/cyfitter_cfg.c ****     while(1) {}
 145:Generated_Source\PSoC4/cyfitter_cfg.c **** #endif /* CY_CFG_CLOCK_STARTUP_ERROR_CALLBACK */
 146:Generated_Source\PSoC4/cyfitter_cfg.c **** }
 147:Generated_Source\PSoC4/cyfitter_cfg.c **** #endif
 148:Generated_Source\PSoC4/cyfitter_cfg.c **** 
 149:Generated_Source\PSoC4/cyfitter_cfg.c **** 
ARM GAS  C:\Users\User\AppData\Local\Temp\ccQ5E1wu.s 			page 6


 150:Generated_Source\PSoC4/cyfitter_cfg.c **** 
 151:Generated_Source\PSoC4/cyfitter_cfg.c **** /*******************************************************************************
 152:Generated_Source\PSoC4/cyfitter_cfg.c **** * Function Name: ClockSetup
 153:Generated_Source\PSoC4/cyfitter_cfg.c **** ********************************************************************************
 154:Generated_Source\PSoC4/cyfitter_cfg.c **** *
 155:Generated_Source\PSoC4/cyfitter_cfg.c **** * Summary:
 156:Generated_Source\PSoC4/cyfitter_cfg.c **** *   Performs the initialization of all of the clocks in the device based on the
 157:Generated_Source\PSoC4/cyfitter_cfg.c **** *   settings in the Clock tab of the DWR.  This includes enabling the requested
 158:Generated_Source\PSoC4/cyfitter_cfg.c **** *   clocks and setting the necessary dividers to produce the desired frequency. 
 159:Generated_Source\PSoC4/cyfitter_cfg.c **** *
 160:Generated_Source\PSoC4/cyfitter_cfg.c **** * Parameters:
 161:Generated_Source\PSoC4/cyfitter_cfg.c **** *   void
 162:Generated_Source\PSoC4/cyfitter_cfg.c **** *
 163:Generated_Source\PSoC4/cyfitter_cfg.c **** * Return:
 164:Generated_Source\PSoC4/cyfitter_cfg.c **** *   void
 165:Generated_Source\PSoC4/cyfitter_cfg.c **** *
 166:Generated_Source\PSoC4/cyfitter_cfg.c **** *******************************************************************************/
 167:Generated_Source\PSoC4/cyfitter_cfg.c **** static void ClockSetup(void);
 168:Generated_Source\PSoC4/cyfitter_cfg.c **** CY_CFG_SECTION
 169:Generated_Source\PSoC4/cyfitter_cfg.c **** static void ClockSetup(void)
 170:Generated_Source\PSoC4/cyfitter_cfg.c **** {
 137              		.loc 1 170 0
 138              		.cfi_startproc
 139              		@ args = 0, pretend = 0, frame = 0
 140              		@ frame_needed = 1, uses_anonymous_args = 0
 141 0000 80B5     		push	{r7, lr}
 142              		.cfi_def_cfa_offset 8
 143              		.cfi_offset 7, -8
 144              		.cfi_offset 14, -4
 145 0002 00AF     		add	r7, sp, #0
 146              		.cfi_def_cfa_register 7
 171:Generated_Source\PSoC4/cyfitter_cfg.c **** 
 172:Generated_Source\PSoC4/cyfitter_cfg.c **** 	/* Set Flash Cycles based on max possible frequency in case a glitch occurs during ClockSetup(). *
 173:Generated_Source\PSoC4/cyfitter_cfg.c **** 	CY_SET_REG32((void CYXDATA *)(CYREG_CPUSS_FLASH_CTL), (0x0012u));
 147              		.loc 1 173 0
 148 0004 1F4B     		ldr	r3, .L5
 149 0006 1222     		movs	r2, #18
 150 0008 1A60     		str	r2, [r3]
 174:Generated_Source\PSoC4/cyfitter_cfg.c **** 
 175:Generated_Source\PSoC4/cyfitter_cfg.c **** 	/* Start the WCO */
 176:Generated_Source\PSoC4/cyfitter_cfg.c **** 	CySysClkWcoStart();
 151              		.loc 1 176 0
 152 000a FFF7FEFF 		bl	CySysClkWcoStart
 177:Generated_Source\PSoC4/cyfitter_cfg.c **** 	CyDelayCycles(12000000u); /* WCO may take up to 500ms to start */
 153              		.loc 1 177 0
 154 000e 1E4B     		ldr	r3, .L5+4
 155 0010 1800     		movs	r0, r3
 156 0012 FFF7FEFF 		bl	CyDelayCycles
 178:Generated_Source\PSoC4/cyfitter_cfg.c **** 	(void)CySysClkWcoSetPowerMode(CY_SYS_CLK_WCO_LPM);    /* Switch to the low power mode */
 157              		.loc 1 178 0
 158 0016 0120     		movs	r0, #1
 159 0018 FFF7FEFF 		bl	CySysClkWcoSetPowerMode
 179:Generated_Source\PSoC4/cyfitter_cfg.c **** 
 180:Generated_Source\PSoC4/cyfitter_cfg.c **** 	/* Setup and trim IMO based on desired frequency. */
 181:Generated_Source\PSoC4/cyfitter_cfg.c **** 	CySysClkWriteImoFreq(48u);
 160              		.loc 1 181 0
 161 001c 3020     		movs	r0, #48
ARM GAS  C:\Users\User\AppData\Local\Temp\ccQ5E1wu.s 			page 7


 162 001e FFF7FEFF 		bl	CySysClkWriteImoFreq
 182:Generated_Source\PSoC4/cyfitter_cfg.c **** 	/* CYDEV_CLK_ILO_CONFIG Starting address: CYDEV_CLK_ILO_CONFIG */
 183:Generated_Source\PSoC4/cyfitter_cfg.c **** 	CY_SET_REG32((void *)(CYREG_CLK_ILO_CONFIG), 0x80000006u);
 163              		.loc 1 183 0
 164 0022 1A4B     		ldr	r3, .L5+8
 165 0024 1A4A     		ldr	r2, .L5+12
 166 0026 1A60     		str	r2, [r3]
 184:Generated_Source\PSoC4/cyfitter_cfg.c **** 
 185:Generated_Source\PSoC4/cyfitter_cfg.c **** 	/* CYDEV_WDT_CONFIG Starting address: CYDEV_WDT_CONFIG */
 186:Generated_Source\PSoC4/cyfitter_cfg.c **** 	CY_SET_REG32((void *)(CYREG_WDT_CONFIG), 0x40000000u);
 167              		.loc 1 186 0
 168 0028 1A4B     		ldr	r3, .L5+16
 169 002a 8022     		movs	r2, #128
 170 002c D205     		lsls	r2, r2, #23
 171 002e 1A60     		str	r2, [r3]
 187:Generated_Source\PSoC4/cyfitter_cfg.c **** 
 188:Generated_Source\PSoC4/cyfitter_cfg.c **** 
 189:Generated_Source\PSoC4/cyfitter_cfg.c **** 	/* Enable fast start mode for XO */
 190:Generated_Source\PSoC4/cyfitter_cfg.c **** 	CY_SET_REG32((void*)CYREG_BLE_BLERD_BB_XO, CY_GET_REG32((void*)CYREG_BLE_BLERD_BB_XO) | (uint32)0x
 172              		.loc 1 190 0
 173 0030 194B     		ldr	r3, .L5+20
 174 0032 194A     		ldr	r2, .L5+20
 175 0034 1268     		ldr	r2, [r2]
 176 0036 0221     		movs	r1, #2
 177 0038 0A43     		orrs	r2, r1
 178 003a 1A60     		str	r2, [r3]
 191:Generated_Source\PSoC4/cyfitter_cfg.c **** 	CY_SET_REG32((void *)(CYREG_BLE_BLERD_BB_XO_CAPTRIM), 0x00003E2Du);
 179              		.loc 1 191 0
 180 003c 174B     		ldr	r3, .L5+24
 181 003e 184A     		ldr	r2, .L5+28
 182 0040 1A60     		str	r2, [r3]
 192:Generated_Source\PSoC4/cyfitter_cfg.c **** 	/*Set XTAL(ECO) divider*/
 193:Generated_Source\PSoC4/cyfitter_cfg.c **** 	CY_SET_REG32((void *)(CYREG_BLE_BLESS_XTAL_CLK_DIV_CONFIG), 0x00000000u);
 183              		.loc 1 193 0
 184 0042 184B     		ldr	r3, .L5+32
 185 0044 0022     		movs	r2, #0
 186 0046 1A60     		str	r2, [r3]
 194:Generated_Source\PSoC4/cyfitter_cfg.c **** 	/* Disable Crystal Stable Interrupt before enabling ECO */
 195:Generated_Source\PSoC4/cyfitter_cfg.c **** 	CY_SET_REG32((void*)CYREG_BLE_BLESS_LL_DSM_CTRL, CY_GET_REG32((void*)CYREG_BLE_BLESS_LL_DSM_CTRL) 
 187              		.loc 1 195 0
 188 0048 174B     		ldr	r3, .L5+36
 189 004a 174A     		ldr	r2, .L5+36
 190 004c 1268     		ldr	r2, [r2]
 191 004e 0821     		movs	r1, #8
 192 0050 8A43     		bics	r2, r1
 193 0052 1A60     		str	r2, [r3]
 196:Generated_Source\PSoC4/cyfitter_cfg.c **** 	/* Start the ECO and do not check status since it is not needed for HFCLK */
 197:Generated_Source\PSoC4/cyfitter_cfg.c **** 	(void)CySysClkEcoStart(2000u);
 194              		.loc 1 197 0
 195 0054 FA23     		movs	r3, #250
 196 0056 DB00     		lsls	r3, r3, #3
 197 0058 1800     		movs	r0, r3
 198 005a FFF7FEFF 		bl	CySysClkEcoStart
 198:Generated_Source\PSoC4/cyfitter_cfg.c **** 	CyDelayUs(1500u); /* Wait to stabilize */
 199              		.loc 1 198 0
 200 005e 134B     		ldr	r3, .L5+40
 201 0060 1800     		movs	r0, r3
ARM GAS  C:\Users\User\AppData\Local\Temp\ccQ5E1wu.s 			page 8


 202 0062 FFF7FEFF 		bl	CyDelayUs
 199:Generated_Source\PSoC4/cyfitter_cfg.c **** 
 200:Generated_Source\PSoC4/cyfitter_cfg.c **** 	/* Setup phase aligned clocks */
 201:Generated_Source\PSoC4/cyfitter_cfg.c **** 
 202:Generated_Source\PSoC4/cyfitter_cfg.c **** 	/* CYDEV_CLK_IMO_CONFIG Starting address: CYDEV_CLK_IMO_CONFIG */
 203:Generated_Source\PSoC4/cyfitter_cfg.c **** 	CY_SET_REG32((void *)(CYREG_CLK_IMO_CONFIG), 0x80000000u);
 203              		.loc 1 203 0
 204 0066 124B     		ldr	r3, .L5+44
 205 0068 8022     		movs	r2, #128
 206 006a 1206     		lsls	r2, r2, #24
 207 006c 1A60     		str	r2, [r3]
 204:Generated_Source\PSoC4/cyfitter_cfg.c **** 
 205:Generated_Source\PSoC4/cyfitter_cfg.c **** 	/* CYDEV_CLK_SELECT Starting address: CYDEV_CLK_SELECT */
 206:Generated_Source\PSoC4/cyfitter_cfg.c **** 	CY_SET_REG32((void *)(CYREG_CLK_SELECT), 0x00040000u);
 208              		.loc 1 206 0
 209 006e 114B     		ldr	r3, .L5+48
 210 0070 8022     		movs	r2, #128
 211 0072 D202     		lsls	r2, r2, #11
 212 0074 1A60     		str	r2, [r3]
 207:Generated_Source\PSoC4/cyfitter_cfg.c **** 
 208:Generated_Source\PSoC4/cyfitter_cfg.c **** 	CY_SET_REG32((void *)(CYREG_WDT_CONFIG), 0x40000000u);
 213              		.loc 1 208 0
 214 0076 074B     		ldr	r3, .L5+16
 215 0078 8022     		movs	r2, #128
 216 007a D205     		lsls	r2, r2, #23
 217 007c 1A60     		str	r2, [r3]
 209:Generated_Source\PSoC4/cyfitter_cfg.c **** }
 218              		.loc 1 209 0
 219 007e C046     		nop
 220 0080 BD46     		mov	sp, r7
 221              		@ sp needed
 222 0082 80BD     		pop	{r7, pc}
 223              	.L6:
 224              		.align	2
 225              	.L5:
 226 0084 30001040 		.word	1074790448
 227 0088 001BB700 		.word	12000000
 228 008c 04010B40 		.word	1074462980
 229 0090 06000080 		.word	-2147483642
 230 0094 0C020B40 		.word	1074463244
 231 0098 78002E40 		.word	1076756600
 232 009c 7C002E40 		.word	1076756604
 233 00a0 2D3E0000 		.word	15917
 234 00a4 64F02E40 		.word	1076818020
 235 00a8 6CF02E40 		.word	1076818028
 236 00ac DC050000 		.word	1500
 237 00b0 08010B40 		.word	1074462984
 238 00b4 00010B40 		.word	1074462976
 239              		.cfi_endproc
 240              	.LFE5:
 241              		.size	ClockSetup, .-ClockSetup
 242              		.section	.text.AnalogSetDefault,"ax",%progbits
 243              		.align	2
 244              		.code	16
 245              		.thumb_func
 246              		.type	AnalogSetDefault, %function
 247              	AnalogSetDefault:
ARM GAS  C:\Users\User\AppData\Local\Temp\ccQ5E1wu.s 			page 9


 248              	.LFB6:
 210:Generated_Source\PSoC4/cyfitter_cfg.c **** 
 211:Generated_Source\PSoC4/cyfitter_cfg.c **** 
 212:Generated_Source\PSoC4/cyfitter_cfg.c **** /* Analog API Functions */
 213:Generated_Source\PSoC4/cyfitter_cfg.c **** 
 214:Generated_Source\PSoC4/cyfitter_cfg.c **** 
 215:Generated_Source\PSoC4/cyfitter_cfg.c **** /*******************************************************************************
 216:Generated_Source\PSoC4/cyfitter_cfg.c **** * Function Name: AnalogSetDefault
 217:Generated_Source\PSoC4/cyfitter_cfg.c **** ********************************************************************************
 218:Generated_Source\PSoC4/cyfitter_cfg.c **** *
 219:Generated_Source\PSoC4/cyfitter_cfg.c **** * Summary:
 220:Generated_Source\PSoC4/cyfitter_cfg.c **** *  Sets up the analog portions of the chip to default values based on chip
 221:Generated_Source\PSoC4/cyfitter_cfg.c **** *  configuration options from the project.
 222:Generated_Source\PSoC4/cyfitter_cfg.c **** *
 223:Generated_Source\PSoC4/cyfitter_cfg.c **** * Parameters:
 224:Generated_Source\PSoC4/cyfitter_cfg.c **** *  void
 225:Generated_Source\PSoC4/cyfitter_cfg.c **** *
 226:Generated_Source\PSoC4/cyfitter_cfg.c **** * Return:
 227:Generated_Source\PSoC4/cyfitter_cfg.c **** *  void
 228:Generated_Source\PSoC4/cyfitter_cfg.c **** *
 229:Generated_Source\PSoC4/cyfitter_cfg.c **** *******************************************************************************/
 230:Generated_Source\PSoC4/cyfitter_cfg.c **** static void AnalogSetDefault(void);
 231:Generated_Source\PSoC4/cyfitter_cfg.c **** static void AnalogSetDefault(void)
 232:Generated_Source\PSoC4/cyfitter_cfg.c **** {
 249              		.loc 1 232 0
 250              		.cfi_startproc
 251              		@ args = 0, pretend = 0, frame = 0
 252              		@ frame_needed = 1, uses_anonymous_args = 0
 253 0000 80B5     		push	{r7, lr}
 254              		.cfi_def_cfa_offset 8
 255              		.cfi_offset 7, -8
 256              		.cfi_offset 14, -4
 257 0002 00AF     		add	r7, sp, #0
 258              		.cfi_def_cfa_register 7
 233:Generated_Source\PSoC4/cyfitter_cfg.c **** 	CY_SET_XTND_REG32((void CYFAR *)CYREG_CTBM0_DFT_CTRL, 0x00000003u);
 259              		.loc 1 233 0
 260 0004 054B     		ldr	r3, .L8
 261 0006 0322     		movs	r2, #3
 262 0008 1A60     		str	r2, [r3]
 234:Generated_Source\PSoC4/cyfitter_cfg.c **** 	CY_SET_XTND_REG32((void CYFAR *)CYREG_CTBM1_DFT_CTRL, 0x00000003u);
 263              		.loc 1 234 0
 264 000a 054B     		ldr	r3, .L8+4
 265 000c 0322     		movs	r2, #3
 266 000e 1A60     		str	r2, [r3]
 235:Generated_Source\PSoC4/cyfitter_cfg.c **** 	CY_SET_XTND_REG32((void CYFAR *)CYREG_PASS_DSAB_DSAB_CTRL, 0x00000000u);
 267              		.loc 1 235 0
 268 0010 044B     		ldr	r3, .L8+8
 269 0012 0022     		movs	r2, #0
 270 0014 1A60     		str	r2, [r3]
 236:Generated_Source\PSoC4/cyfitter_cfg.c **** }
 271              		.loc 1 236 0
 272 0016 C046     		nop
 273 0018 BD46     		mov	sp, r7
 274              		@ sp needed
 275 001a 80BD     		pop	{r7, pc}
 276              	.L9:
 277              		.align	2
ARM GAS  C:\Users\User\AppData\Local\Temp\ccQ5E1wu.s 			page 10


 278              	.L8:
 279 001c 30003040 		.word	1076887600
 280 0020 30003140 		.word	1076953136
 281 0024 000E3F40 		.word	1077874176
 282              		.cfi_endproc
 283              	.LFE6:
 284              		.size	AnalogSetDefault, .-AnalogSetDefault
 285              		.section	.psocinit
 286              		.align	2
 287              		.global	cyfitter_cfg
 288              		.code	16
 289              		.thumb_func
 290              		.type	cyfitter_cfg, %function
 291              	cyfitter_cfg:
 292              	.LFB7:
 237:Generated_Source\PSoC4/cyfitter_cfg.c **** 
 238:Generated_Source\PSoC4/cyfitter_cfg.c **** 
 239:Generated_Source\PSoC4/cyfitter_cfg.c **** 
 240:Generated_Source\PSoC4/cyfitter_cfg.c **** 
 241:Generated_Source\PSoC4/cyfitter_cfg.c **** /*******************************************************************************
 242:Generated_Source\PSoC4/cyfitter_cfg.c **** * Function Name: cyfitter_cfg
 243:Generated_Source\PSoC4/cyfitter_cfg.c **** ********************************************************************************
 244:Generated_Source\PSoC4/cyfitter_cfg.c **** * Summary:
 245:Generated_Source\PSoC4/cyfitter_cfg.c **** *  This function is called by the start-up code for the selected device. It
 246:Generated_Source\PSoC4/cyfitter_cfg.c **** *  performs all of the necessary device configuration based on the design
 247:Generated_Source\PSoC4/cyfitter_cfg.c **** *  settings.  This includes settings from the Design Wide Resources (DWR) such
 248:Generated_Source\PSoC4/cyfitter_cfg.c **** *  as Clocks and Pins as well as any component configuration that is necessary.
 249:Generated_Source\PSoC4/cyfitter_cfg.c **** *
 250:Generated_Source\PSoC4/cyfitter_cfg.c **** * Parameters:
 251:Generated_Source\PSoC4/cyfitter_cfg.c **** *   void
 252:Generated_Source\PSoC4/cyfitter_cfg.c **** *
 253:Generated_Source\PSoC4/cyfitter_cfg.c **** * Return:
 254:Generated_Source\PSoC4/cyfitter_cfg.c **** *   void
 255:Generated_Source\PSoC4/cyfitter_cfg.c **** *
 256:Generated_Source\PSoC4/cyfitter_cfg.c **** *******************************************************************************/
 257:Generated_Source\PSoC4/cyfitter_cfg.c **** CY_CFG_SECTION
 258:Generated_Source\PSoC4/cyfitter_cfg.c **** void cyfitter_cfg(void)
 259:Generated_Source\PSoC4/cyfitter_cfg.c **** {
 293              		.loc 1 259 0
 294              		.cfi_startproc
 295              		@ args = 0, pretend = 0, frame = 8
 296              		@ frame_needed = 1, uses_anonymous_args = 0
 297 00b8 80B5     		push	{r7, lr}
 298              		.cfi_def_cfa_offset 8
 299              		.cfi_offset 7, -8
 300              		.cfi_offset 14, -4
 301 00ba 82B0     		sub	sp, sp, #8
 302              		.cfi_def_cfa_offset 16
 303 00bc 00AF     		add	r7, sp, #0
 304              		.cfi_def_cfa_register 7
 260:Generated_Source\PSoC4/cyfitter_cfg.c **** 	/* Disable interrupts by default. Let user enable if/when they want. */
 261:Generated_Source\PSoC4/cyfitter_cfg.c **** 	CyGlobalIntDisable;
 305              		.loc 1 261 0
 306              		.syntax divided
 307              	@ 261 "Generated_Source\PSoC4\cyfitter_cfg.c" 1
 308 00be 72B6     		CPSID   i
 309              	@ 0 "" 2
ARM GAS  C:\Users\User\AppData\Local\Temp\ccQ5E1wu.s 			page 11


 262:Generated_Source\PSoC4/cyfitter_cfg.c **** 
 263:Generated_Source\PSoC4/cyfitter_cfg.c **** 	CY_SET_REG32((void *)(CYREG_BLE_BLESS_LL_DSM_CTRL), 0x00000000u);
 310              		.loc 1 263 0
 311              		.thumb
 312              		.syntax unified
 313 00c0 284B     		ldr	r3, .L13
 314 00c2 0022     		movs	r2, #0
 315 00c4 1A60     		str	r2, [r3]
 316              	.LBB2:
 264:Generated_Source\PSoC4/cyfitter_cfg.c **** 
 265:Generated_Source\PSoC4/cyfitter_cfg.c **** 	{
 266:Generated_Source\PSoC4/cyfitter_cfg.c **** 
 267:Generated_Source\PSoC4/cyfitter_cfg.c **** 		CYPACKED typedef struct {
 268:Generated_Source\PSoC4/cyfitter_cfg.c **** 			void CYFAR *address;
 269:Generated_Source\PSoC4/cyfitter_cfg.c **** 			uint16 size;
 270:Generated_Source\PSoC4/cyfitter_cfg.c **** 		} CYPACKED_ATTR cfg_memset_t;
 271:Generated_Source\PSoC4/cyfitter_cfg.c **** 
 272:Generated_Source\PSoC4/cyfitter_cfg.c **** 		static const cfg_memset_t CYCODE cfg_memset_list[] = {
 273:Generated_Source\PSoC4/cyfitter_cfg.c **** 			/* address, size */
 274:Generated_Source\PSoC4/cyfitter_cfg.c **** 			{(void CYFAR *)(CYDEV_UDB_P0_U0_BASE), 1024u},
 275:Generated_Source\PSoC4/cyfitter_cfg.c **** 			{(void CYFAR *)(CYDEV_UDB_DSI0_BASE), 1024u},
 276:Generated_Source\PSoC4/cyfitter_cfg.c **** 		};
 277:Generated_Source\PSoC4/cyfitter_cfg.c **** 
 278:Generated_Source\PSoC4/cyfitter_cfg.c **** 		uint8 CYDATA i;
 279:Generated_Source\PSoC4/cyfitter_cfg.c **** 
 280:Generated_Source\PSoC4/cyfitter_cfg.c **** 		/* Zero out critical memory blocks before beginning configuration */
 281:Generated_Source\PSoC4/cyfitter_cfg.c **** 		for (i = 0u; i < (sizeof(cfg_memset_list)/sizeof(cfg_memset_list[0])); i++)
 317              		.loc 1 281 0
 318 00c6 FB1D     		adds	r3, r7, #7
 319 00c8 0022     		movs	r2, #0
 320 00ca 1A70     		strb	r2, [r3]
 321 00cc 22E0     		b	.L11
 322              	.L12:
 323              	.LBB3:
 282:Generated_Source\PSoC4/cyfitter_cfg.c **** 		{
 283:Generated_Source\PSoC4/cyfitter_cfg.c **** 			const cfg_memset_t CYCODE * CYDATA ms = &cfg_memset_list[i];
 324              		.loc 1 283 0 discriminator 3
 325 00ce FB1D     		adds	r3, r7, #7
 326 00d0 1A78     		ldrb	r2, [r3]
 327 00d2 1300     		movs	r3, r2
 328 00d4 5B00     		lsls	r3, r3, #1
 329 00d6 9B18     		adds	r3, r3, r2
 330 00d8 5B00     		lsls	r3, r3, #1
 331 00da 234A     		ldr	r2, .L13+4
 332 00dc 9B18     		adds	r3, r3, r2
 333 00de 3B60     		str	r3, [r7]
 284:Generated_Source\PSoC4/cyfitter_cfg.c **** 			CYMEMZERO(ms->address, (size_t)(uint32)(ms->size));
 334              		.loc 1 284 0 discriminator 3
 335 00e0 3B68     		ldr	r3, [r7]
 336 00e2 1A78     		ldrb	r2, [r3]
 337 00e4 5978     		ldrb	r1, [r3, #1]
 338 00e6 0902     		lsls	r1, r1, #8
 339 00e8 0A43     		orrs	r2, r1
 340 00ea 9978     		ldrb	r1, [r3, #2]
 341 00ec 0904     		lsls	r1, r1, #16
 342 00ee 0A43     		orrs	r2, r1
 343 00f0 DB78     		ldrb	r3, [r3, #3]
ARM GAS  C:\Users\User\AppData\Local\Temp\ccQ5E1wu.s 			page 12


 344 00f2 1B06     		lsls	r3, r3, #24
 345 00f4 1343     		orrs	r3, r2
 346 00f6 1800     		movs	r0, r3
 347 00f8 3B68     		ldr	r3, [r7]
 348 00fa 1A79     		ldrb	r2, [r3, #4]
 349 00fc 5B79     		ldrb	r3, [r3, #5]
 350 00fe 1B02     		lsls	r3, r3, #8
 351 0100 1343     		orrs	r3, r2
 352 0102 9BB2     		uxth	r3, r3
 353 0104 1900     		movs	r1, r3
 354 0106 FFF7FEFF 		bl	CYMEMZERO
 355              	.LBE3:
 281:Generated_Source\PSoC4/cyfitter_cfg.c **** 		{
 356              		.loc 1 281 0 discriminator 3
 357 010a FB1D     		adds	r3, r7, #7
 358 010c 1A78     		ldrb	r2, [r3]
 359 010e FB1D     		adds	r3, r7, #7
 360 0110 0132     		adds	r2, r2, #1
 361 0112 1A70     		strb	r2, [r3]
 362              	.L11:
 281:Generated_Source\PSoC4/cyfitter_cfg.c **** 		{
 363              		.loc 1 281 0 is_stmt 0 discriminator 1
 364 0114 FB1D     		adds	r3, r7, #7
 365 0116 1B78     		ldrb	r3, [r3]
 366 0118 012B     		cmp	r3, #1
 367 011a D8D9     		bls	.L12
 285:Generated_Source\PSoC4/cyfitter_cfg.c **** 		}
 286:Generated_Source\PSoC4/cyfitter_cfg.c **** 
 287:Generated_Source\PSoC4/cyfitter_cfg.c **** 		/* HSIOM Starting address: CYDEV_HSIOM_BASE */
 288:Generated_Source\PSoC4/cyfitter_cfg.c **** 		CY_SET_REG32((void *)(CYDEV_HSIOM_BASE), 0xEE000000u);
 368              		.loc 1 288 0 is_stmt 1
 369 011c 134B     		ldr	r3, .L13+8
 370 011e EE22     		movs	r2, #238
 371 0120 1206     		lsls	r2, r2, #24
 372 0122 1A60     		str	r2, [r3]
 289:Generated_Source\PSoC4/cyfitter_cfg.c **** 
 290:Generated_Source\PSoC4/cyfitter_cfg.c **** 		/* UDB_PA_0 Starting address: CYDEV_UDB_PA0_BASE */
 291:Generated_Source\PSoC4/cyfitter_cfg.c **** 		CY_SET_REG32((void *)(CYDEV_UDB_PA0_BASE), 0x00990000u);
 373              		.loc 1 291 0
 374 0124 124B     		ldr	r3, .L13+12
 375 0126 9922     		movs	r2, #153
 376 0128 1204     		lsls	r2, r2, #16
 377 012a 1A60     		str	r2, [r3]
 292:Generated_Source\PSoC4/cyfitter_cfg.c **** 
 293:Generated_Source\PSoC4/cyfitter_cfg.c **** 		/* UDB_PA_1 Starting address: CYDEV_UDB_PA1_BASE */
 294:Generated_Source\PSoC4/cyfitter_cfg.c **** 		CY_SET_REG32((void *)(CYDEV_UDB_PA1_BASE), 0x00990000u);
 378              		.loc 1 294 0
 379 012c 114B     		ldr	r3, .L13+16
 380 012e 9922     		movs	r2, #153
 381 0130 1204     		lsls	r2, r2, #16
 382 0132 1A60     		str	r2, [r3]
 295:Generated_Source\PSoC4/cyfitter_cfg.c **** 
 296:Generated_Source\PSoC4/cyfitter_cfg.c **** 		/* Enable digital routing */
 297:Generated_Source\PSoC4/cyfitter_cfg.c **** 		CY_SET_XTND_REG8((void *)CYREG_UDB_UDBIF_BANK_CTL, (uint8)(CY_GET_XTND_REG8((void *)CYREG_UDB_UDB
 383              		.loc 1 297 0
 384 0134 104A     		ldr	r2, .L13+20
 385 0136 104B     		ldr	r3, .L13+20
ARM GAS  C:\Users\User\AppData\Local\Temp\ccQ5E1wu.s 			page 13


 386 0138 1B78     		ldrb	r3, [r3]
 387 013a DBB2     		uxtb	r3, r3
 388 013c 0621     		movs	r1, #6
 389 013e 0B43     		orrs	r3, r1
 390 0140 DBB2     		uxtb	r3, r3
 391 0142 1370     		strb	r3, [r2]
 392              	.LBE2:
 298:Generated_Source\PSoC4/cyfitter_cfg.c **** 	}
 299:Generated_Source\PSoC4/cyfitter_cfg.c **** 
 300:Generated_Source\PSoC4/cyfitter_cfg.c **** 	/* Perform second pass device configuration. These items must be configured in specific order afte
 301:Generated_Source\PSoC4/cyfitter_cfg.c **** 	/* IOPINS0_0 Starting address: CYDEV_GPIO_PRT0_BASE */
 302:Generated_Source\PSoC4/cyfitter_cfg.c **** 	CY_SET_REG32((void *)(CYREG_GPIO_PRT0_PC), 0x00D80000u);
 393              		.loc 1 302 0
 394 0144 0D4B     		ldr	r3, .L13+24
 395 0146 D822     		movs	r2, #216
 396 0148 1204     		lsls	r2, r2, #16
 397 014a 1A60     		str	r2, [r3]
 303:Generated_Source\PSoC4/cyfitter_cfg.c **** 
 304:Generated_Source\PSoC4/cyfitter_cfg.c **** 	/* IOPINS0_1 Starting address: CYDEV_GPIO_PRT1_BASE */
 305:Generated_Source\PSoC4/cyfitter_cfg.c **** 	CY_SET_REG32((void *)(CYREG_GPIO_PRT1_PC), 0x001B6DB6u);
 398              		.loc 1 305 0
 399 014c 0C4B     		ldr	r3, .L13+28
 400 014e 0D4A     		ldr	r2, .L13+32
 401 0150 1A60     		str	r2, [r3]
 306:Generated_Source\PSoC4/cyfitter_cfg.c **** 
 307:Generated_Source\PSoC4/cyfitter_cfg.c **** 
 308:Generated_Source\PSoC4/cyfitter_cfg.c **** 	/* Setup clocks based on selections from Clock DWR */
 309:Generated_Source\PSoC4/cyfitter_cfg.c **** 	ClockSetup();
 402              		.loc 1 309 0
 403 0152 FFF755FF 		bl	ClockSetup
 310:Generated_Source\PSoC4/cyfitter_cfg.c **** 
 311:Generated_Source\PSoC4/cyfitter_cfg.c **** 	/* Perform basic analog initialization to defaults */
 312:Generated_Source\PSoC4/cyfitter_cfg.c **** 	AnalogSetDefault();
 404              		.loc 1 312 0
 405 0156 FFF7FEFF 		bl	AnalogSetDefault
 313:Generated_Source\PSoC4/cyfitter_cfg.c **** 
 314:Generated_Source\PSoC4/cyfitter_cfg.c **** }
 406              		.loc 1 314 0
 407 015a C046     		nop
 408 015c BD46     		mov	sp, r7
 409 015e 02B0     		add	sp, sp, #8
 410              		@ sp needed
 411 0160 80BD     		pop	{r7, pc}
 412              	.L14:
 413 0162 C046     		.align	2
 414              	.L13:
 415 0164 6CF02E40 		.word	1076818028
 416 0168 00000000 		.word	cfg_memset_list.4893
 417 016c 00000240 		.word	1073872896
 418 0170 00500F40 		.word	1074745344
 419 0174 10500F40 		.word	1074745360
 420 0178 00700F40 		.word	1074753536
 421 017c 08000440 		.word	1074003976
 422 0180 08010440 		.word	1074004232
 423 0184 B66D1B00 		.word	1797558
 424              		.cfi_endproc
 425              	.LFE7:
ARM GAS  C:\Users\User\AppData\Local\Temp\ccQ5E1wu.s 			page 14


 426              		.size	cyfitter_cfg, .-cyfitter_cfg
 427              		.section	.rodata
 428              		.align	2
 429              		.type	cfg_memset_list.4893, %object
 430              		.size	cfg_memset_list.4893, 12
 431              	cfg_memset_list.4893:
 432 0000 00300F40 		.word	1074737152
 433 0004 0004     		.short	1024
 434 0006 00400F40 		.4byte	1074741248
 435 000a 0004     		.short	1024
 436              		.text
 437              	.Letext0:
 438              		.file 2 "c:\\program files (x86)\\cypress\\psoc creator\\4.2\\psoc creator\\import\\gnu\\arm\\5.4.
 439              		.file 3 "Generated_Source\\PSoC4\\cytypes.h"
 440              		.section	.debug_info,"",%progbits
 441              	.Ldebug_info0:
 442 0000 55020000 		.4byte	0x255
 443 0004 0400     		.2byte	0x4
 444 0006 00000000 		.4byte	.Ldebug_abbrev0
 445 000a 04       		.byte	0x4
 446 000b 01       		.uleb128 0x1
 447 000c 83000000 		.4byte	.LASF30
 448 0010 0C       		.byte	0xc
 449 0011 C1010000 		.4byte	.LASF31
 450 0015 E7010000 		.4byte	.LASF32
 451 0019 00000000 		.4byte	.Ldebug_ranges0+0
 452 001d 00000000 		.4byte	0
 453 0021 00000000 		.4byte	.Ldebug_line0
 454 0025 02       		.uleb128 0x2
 455 0026 04       		.byte	0x4
 456 0027 05       		.byte	0x5
 457 0028 696E7400 		.ascii	"int\000"
 458 002c 03       		.uleb128 0x3
 459 002d 06000000 		.4byte	.LASF12
 460 0031 02       		.byte	0x2
 461 0032 D8       		.byte	0xd8
 462 0033 37000000 		.4byte	0x37
 463 0037 04       		.uleb128 0x4
 464 0038 04       		.byte	0x4
 465 0039 07       		.byte	0x7
 466 003a 41010000 		.4byte	.LASF0
 467 003e 04       		.uleb128 0x4
 468 003f 08       		.byte	0x8
 469 0040 05       		.byte	0x5
 470 0041 83010000 		.4byte	.LASF1
 471 0045 04       		.uleb128 0x4
 472 0046 08       		.byte	0x8
 473 0047 04       		.byte	0x4
 474 0048 A9010000 		.4byte	.LASF2
 475 004c 04       		.uleb128 0x4
 476 004d 01       		.byte	0x1
 477 004e 06       		.byte	0x6
 478 004f B5010000 		.4byte	.LASF3
 479 0053 04       		.uleb128 0x4
 480 0054 01       		.byte	0x1
 481 0055 08       		.byte	0x8
 482 0056 11010000 		.4byte	.LASF4
ARM GAS  C:\Users\User\AppData\Local\Temp\ccQ5E1wu.s 			page 15


 483 005a 04       		.uleb128 0x4
 484 005b 02       		.byte	0x2
 485 005c 05       		.byte	0x5
 486 005d 96010000 		.4byte	.LASF5
 487 0061 04       		.uleb128 0x4
 488 0062 02       		.byte	0x2
 489 0063 07       		.byte	0x7
 490 0064 39000000 		.4byte	.LASF6
 491 0068 04       		.uleb128 0x4
 492 0069 04       		.byte	0x4
 493 006a 05       		.byte	0x5
 494 006b A0010000 		.4byte	.LASF7
 495 006f 04       		.uleb128 0x4
 496 0070 04       		.byte	0x4
 497 0071 07       		.byte	0x7
 498 0072 61000000 		.4byte	.LASF8
 499 0076 04       		.uleb128 0x4
 500 0077 08       		.byte	0x8
 501 0078 07       		.byte	0x7
 502 0079 56010000 		.4byte	.LASF9
 503 007d 04       		.uleb128 0x4
 504 007e 04       		.byte	0x4
 505 007f 07       		.byte	0x7
 506 0080 7A010000 		.4byte	.LASF10
 507 0084 05       		.uleb128 0x5
 508 0085 04       		.byte	0x4
 509 0086 04       		.uleb128 0x4
 510 0087 01       		.byte	0x1
 511 0088 08       		.byte	0x8
 512 0089 91010000 		.4byte	.LASF11
 513 008d 06       		.uleb128 0x6
 514 008e 73000000 		.4byte	.LASF13
 515 0092 03       		.byte	0x3
 516 0093 D201     		.2byte	0x1d2
 517 0095 53000000 		.4byte	0x53
 518 0099 06       		.uleb128 0x6
 519 009a 33010000 		.4byte	.LASF14
 520 009e 03       		.byte	0x3
 521 009f D301     		.2byte	0x1d3
 522 00a1 61000000 		.4byte	0x61
 523 00a5 06       		.uleb128 0x6
 524 00a6 3A010000 		.4byte	.LASF15
 525 00aa 03       		.byte	0x3
 526 00ab D401     		.2byte	0x1d4
 527 00ad 6F000000 		.4byte	0x6f
 528 00b1 04       		.uleb128 0x4
 529 00b2 04       		.byte	0x4
 530 00b3 04       		.byte	0x4
 531 00b4 4C000000 		.4byte	.LASF16
 532 00b8 04       		.uleb128 0x4
 533 00b9 08       		.byte	0x8
 534 00ba 04       		.byte	0x4
 535 00bb 1F010000 		.4byte	.LASF17
 536 00bf 06       		.uleb128 0x6
 537 00c0 5C000000 		.4byte	.LASF18
 538 00c4 03       		.byte	0x3
 539 00c5 7C02     		.2byte	0x27c
ARM GAS  C:\Users\User\AppData\Local\Temp\ccQ5E1wu.s 			page 16


 540 00c7 CB000000 		.4byte	0xcb
 541 00cb 07       		.uleb128 0x7
 542 00cc 8D000000 		.4byte	0x8d
 543 00d0 06       		.uleb128 0x6
 544 00d1 00000000 		.4byte	.LASF19
 545 00d5 03       		.byte	0x3
 546 00d6 7E02     		.2byte	0x27e
 547 00d8 DC000000 		.4byte	0xdc
 548 00dc 07       		.uleb128 0x7
 549 00dd A5000000 		.4byte	0xa5
 550 00e1 08       		.uleb128 0x8
 551 00e2 79000000 		.4byte	.LASF20
 552 00e6 01       		.byte	0x1
 553 00e7 4B       		.byte	0x4b
 554 00e8 00000000 		.4byte	.LFB2
 555 00ec 1E000000 		.4byte	.LFE2-.LFB2
 556 00f0 01       		.uleb128 0x1
 557 00f1 9C       		.byte	0x9c
 558 00f2 0F010000 		.4byte	0x10f
 559 00f6 09       		.uleb128 0x9
 560 00f7 7300     		.ascii	"s\000"
 561 00f9 01       		.byte	0x1
 562 00fa 4B       		.byte	0x4b
 563 00fb 84000000 		.4byte	0x84
 564 00ff 02       		.uleb128 0x2
 565 0100 91       		.byte	0x91
 566 0101 74       		.sleb128 -12
 567 0102 09       		.uleb128 0x9
 568 0103 6E00     		.ascii	"n\000"
 569 0105 01       		.byte	0x1
 570 0106 4B       		.byte	0x4b
 571 0107 2C000000 		.4byte	0x2c
 572 010b 02       		.uleb128 0x2
 573 010c 91       		.byte	0x91
 574 010d 70       		.sleb128 -16
 575 010e 00       		.byte	0
 576 010f 08       		.uleb128 0x8
 577 0110 4B020000 		.4byte	.LASF21
 578 0114 01       		.byte	0x1
 579 0115 52       		.byte	0x52
 580 0116 00000000 		.4byte	.LFB3
 581 011a 20000000 		.4byte	.LFE3-.LFB3
 582 011e 01       		.uleb128 0x1
 583 011f 9C       		.byte	0x9c
 584 0120 4D010000 		.4byte	0x14d
 585 0124 0A       		.uleb128 0xa
 586 0125 52000000 		.4byte	.LASF22
 587 0129 01       		.byte	0x1
 588 012a 52       		.byte	0x52
 589 012b 84000000 		.4byte	0x84
 590 012f 02       		.uleb128 0x2
 591 0130 91       		.byte	0x91
 592 0131 74       		.sleb128 -12
 593 0132 09       		.uleb128 0x9
 594 0133 73726300 		.ascii	"src\000"
 595 0137 01       		.byte	0x1
 596 0138 52       		.byte	0x52
ARM GAS  C:\Users\User\AppData\Local\Temp\ccQ5E1wu.s 			page 17


 597 0139 4D010000 		.4byte	0x14d
 598 013d 02       		.uleb128 0x2
 599 013e 91       		.byte	0x91
 600 013f 70       		.sleb128 -16
 601 0140 09       		.uleb128 0x9
 602 0141 6E00     		.ascii	"n\000"
 603 0143 01       		.byte	0x1
 604 0144 52       		.byte	0x52
 605 0145 2C000000 		.4byte	0x2c
 606 0149 02       		.uleb128 0x2
 607 014a 91       		.byte	0x91
 608 014b 6C       		.sleb128 -20
 609 014c 00       		.byte	0
 610 014d 0B       		.uleb128 0xb
 611 014e 04       		.byte	0x4
 612 014f 53010000 		.4byte	0x153
 613 0153 0C       		.uleb128 0xc
 614 0154 08       		.uleb128 0x8
 615 0155 3B020000 		.4byte	.LASF23
 616 0159 01       		.byte	0x1
 617 015a 59       		.byte	0x59
 618 015b 00000000 		.4byte	.LFB4
 619 015f 20000000 		.4byte	.LFE4-.LFB4
 620 0163 01       		.uleb128 0x1
 621 0164 9C       		.byte	0x9c
 622 0165 92010000 		.4byte	0x192
 623 0169 0A       		.uleb128 0xa
 624 016a 52000000 		.4byte	.LASF22
 625 016e 01       		.byte	0x1
 626 016f 59       		.byte	0x59
 627 0170 84000000 		.4byte	0x84
 628 0174 02       		.uleb128 0x2
 629 0175 91       		.byte	0x91
 630 0176 74       		.sleb128 -12
 631 0177 09       		.uleb128 0x9
 632 0178 73726300 		.ascii	"src\000"
 633 017c 01       		.byte	0x1
 634 017d 59       		.byte	0x59
 635 017e 4D010000 		.4byte	0x14d
 636 0182 02       		.uleb128 0x2
 637 0183 91       		.byte	0x91
 638 0184 70       		.sleb128 -16
 639 0185 09       		.uleb128 0x9
 640 0186 6E00     		.ascii	"n\000"
 641 0188 01       		.byte	0x1
 642 0189 59       		.byte	0x59
 643 018a 2C000000 		.4byte	0x2c
 644 018e 02       		.uleb128 0x2
 645 018f 91       		.byte	0x91
 646 0190 6C       		.sleb128 -20
 647 0191 00       		.byte	0
 648 0192 0D       		.uleb128 0xd
 649 0193 2E000000 		.4byte	.LASF24
 650 0197 01       		.byte	0x1
 651 0198 A9       		.byte	0xa9
 652 0199 00000000 		.4byte	.LFB5
 653 019d B8000000 		.4byte	.LFE5-.LFB5
ARM GAS  C:\Users\User\AppData\Local\Temp\ccQ5E1wu.s 			page 18


 654 01a1 01       		.uleb128 0x1
 655 01a2 9C       		.byte	0x9c
 656 01a3 0E       		.uleb128 0xe
 657 01a4 0D000000 		.4byte	.LASF25
 658 01a8 01       		.byte	0x1
 659 01a9 E7       		.byte	0xe7
 660 01aa 00000000 		.4byte	.LFB6
 661 01ae 28000000 		.4byte	.LFE6-.LFB6
 662 01b2 01       		.uleb128 0x1
 663 01b3 9C       		.byte	0x9c
 664 01b4 0F       		.uleb128 0xf
 665 01b5 26010000 		.4byte	.LASF33
 666 01b9 01       		.byte	0x1
 667 01ba 0201     		.2byte	0x102
 668 01bc B8000000 		.4byte	.LFB7
 669 01c0 D0000000 		.4byte	.LFE7-.LFB7
 670 01c4 01       		.uleb128 0x1
 671 01c5 9C       		.byte	0x9c
 672 01c6 10       		.uleb128 0x10
 673 01c7 C6000000 		.4byte	.LBB2
 674 01cb 7E000000 		.4byte	.LBE2-.LBB2
 675 01cf 11       		.uleb128 0x11
 676 01d0 06       		.byte	0x6
 677 01d1 01       		.byte	0x1
 678 01d2 0B01     		.2byte	0x10b
 679 01d4 F3010000 		.4byte	0x1f3
 680 01d8 12       		.uleb128 0x12
 681 01d9 4E010000 		.4byte	.LASF26
 682 01dd 01       		.byte	0x1
 683 01de 0C01     		.2byte	0x10c
 684 01e0 84000000 		.4byte	0x84
 685 01e4 00       		.byte	0
 686 01e5 12       		.uleb128 0x12
 687 01e6 57000000 		.4byte	.LASF27
 688 01ea 01       		.byte	0x1
 689 01eb 0D01     		.2byte	0x10d
 690 01ed 99000000 		.4byte	0x99
 691 01f1 04       		.byte	0x4
 692 01f2 00       		.byte	0
 693 01f3 06       		.uleb128 0x6
 694 01f4 6D010000 		.4byte	.LASF28
 695 01f8 01       		.byte	0x1
 696 01f9 0E01     		.2byte	0x10e
 697 01fb CF010000 		.4byte	0x1cf
 698 01ff 13       		.uleb128 0x13
 699 0200 0F020000 		.4byte	0x20f
 700 0204 0F020000 		.4byte	0x20f
 701 0208 14       		.uleb128 0x14
 702 0209 7D000000 		.4byte	0x7d
 703 020d 01       		.byte	0x1
 704 020e 00       		.byte	0
 705 020f 15       		.uleb128 0x15
 706 0210 F3010000 		.4byte	0x1f3
 707 0214 16       		.uleb128 0x16
 708 0215 1E000000 		.4byte	.LASF29
 709 0219 01       		.byte	0x1
 710 021a 1001     		.2byte	0x110
ARM GAS  C:\Users\User\AppData\Local\Temp\ccQ5E1wu.s 			page 19


 711 021c 26020000 		.4byte	0x226
 712 0220 05       		.uleb128 0x5
 713 0221 03       		.byte	0x3
 714 0222 00000000 		.4byte	cfg_memset_list.4893
 715 0226 15       		.uleb128 0x15
 716 0227 FF010000 		.4byte	0x1ff
 717 022b 17       		.uleb128 0x17
 718 022c 6900     		.ascii	"i\000"
 719 022e 01       		.byte	0x1
 720 022f 1601     		.2byte	0x116
 721 0231 8D000000 		.4byte	0x8d
 722 0235 02       		.uleb128 0x2
 723 0236 91       		.byte	0x91
 724 0237 77       		.sleb128 -9
 725 0238 10       		.uleb128 0x10
 726 0239 CE000000 		.4byte	.LBB3
 727 023d 3C000000 		.4byte	.LBE3-.LBB3
 728 0241 17       		.uleb128 0x17
 729 0242 6D7300   		.ascii	"ms\000"
 730 0245 01       		.byte	0x1
 731 0246 1B01     		.2byte	0x11b
 732 0248 4F020000 		.4byte	0x24f
 733 024c 02       		.uleb128 0x2
 734 024d 91       		.byte	0x91
 735 024e 70       		.sleb128 -16
 736 024f 0B       		.uleb128 0xb
 737 0250 04       		.byte	0x4
 738 0251 0F020000 		.4byte	0x20f
 739 0255 00       		.byte	0
 740 0256 00       		.byte	0
 741 0257 00       		.byte	0
 742 0258 00       		.byte	0
 743              		.section	.debug_abbrev,"",%progbits
 744              	.Ldebug_abbrev0:
 745 0000 01       		.uleb128 0x1
 746 0001 11       		.uleb128 0x11
 747 0002 01       		.byte	0x1
 748 0003 25       		.uleb128 0x25
 749 0004 0E       		.uleb128 0xe
 750 0005 13       		.uleb128 0x13
 751 0006 0B       		.uleb128 0xb
 752 0007 03       		.uleb128 0x3
 753 0008 0E       		.uleb128 0xe
 754 0009 1B       		.uleb128 0x1b
 755 000a 0E       		.uleb128 0xe
 756 000b 55       		.uleb128 0x55
 757 000c 17       		.uleb128 0x17
 758 000d 11       		.uleb128 0x11
 759 000e 01       		.uleb128 0x1
 760 000f 10       		.uleb128 0x10
 761 0010 17       		.uleb128 0x17
 762 0011 00       		.byte	0
 763 0012 00       		.byte	0
 764 0013 02       		.uleb128 0x2
 765 0014 24       		.uleb128 0x24
 766 0015 00       		.byte	0
 767 0016 0B       		.uleb128 0xb
ARM GAS  C:\Users\User\AppData\Local\Temp\ccQ5E1wu.s 			page 20


 768 0017 0B       		.uleb128 0xb
 769 0018 3E       		.uleb128 0x3e
 770 0019 0B       		.uleb128 0xb
 771 001a 03       		.uleb128 0x3
 772 001b 08       		.uleb128 0x8
 773 001c 00       		.byte	0
 774 001d 00       		.byte	0
 775 001e 03       		.uleb128 0x3
 776 001f 16       		.uleb128 0x16
 777 0020 00       		.byte	0
 778 0021 03       		.uleb128 0x3
 779 0022 0E       		.uleb128 0xe
 780 0023 3A       		.uleb128 0x3a
 781 0024 0B       		.uleb128 0xb
 782 0025 3B       		.uleb128 0x3b
 783 0026 0B       		.uleb128 0xb
 784 0027 49       		.uleb128 0x49
 785 0028 13       		.uleb128 0x13
 786 0029 00       		.byte	0
 787 002a 00       		.byte	0
 788 002b 04       		.uleb128 0x4
 789 002c 24       		.uleb128 0x24
 790 002d 00       		.byte	0
 791 002e 0B       		.uleb128 0xb
 792 002f 0B       		.uleb128 0xb
 793 0030 3E       		.uleb128 0x3e
 794 0031 0B       		.uleb128 0xb
 795 0032 03       		.uleb128 0x3
 796 0033 0E       		.uleb128 0xe
 797 0034 00       		.byte	0
 798 0035 00       		.byte	0
 799 0036 05       		.uleb128 0x5
 800 0037 0F       		.uleb128 0xf
 801 0038 00       		.byte	0
 802 0039 0B       		.uleb128 0xb
 803 003a 0B       		.uleb128 0xb
 804 003b 00       		.byte	0
 805 003c 00       		.byte	0
 806 003d 06       		.uleb128 0x6
 807 003e 16       		.uleb128 0x16
 808 003f 00       		.byte	0
 809 0040 03       		.uleb128 0x3
 810 0041 0E       		.uleb128 0xe
 811 0042 3A       		.uleb128 0x3a
 812 0043 0B       		.uleb128 0xb
 813 0044 3B       		.uleb128 0x3b
 814 0045 05       		.uleb128 0x5
 815 0046 49       		.uleb128 0x49
 816 0047 13       		.uleb128 0x13
 817 0048 00       		.byte	0
 818 0049 00       		.byte	0
 819 004a 07       		.uleb128 0x7
 820 004b 35       		.uleb128 0x35
 821 004c 00       		.byte	0
 822 004d 49       		.uleb128 0x49
 823 004e 13       		.uleb128 0x13
 824 004f 00       		.byte	0
ARM GAS  C:\Users\User\AppData\Local\Temp\ccQ5E1wu.s 			page 21


 825 0050 00       		.byte	0
 826 0051 08       		.uleb128 0x8
 827 0052 2E       		.uleb128 0x2e
 828 0053 01       		.byte	0x1
 829 0054 03       		.uleb128 0x3
 830 0055 0E       		.uleb128 0xe
 831 0056 3A       		.uleb128 0x3a
 832 0057 0B       		.uleb128 0xb
 833 0058 3B       		.uleb128 0x3b
 834 0059 0B       		.uleb128 0xb
 835 005a 27       		.uleb128 0x27
 836 005b 19       		.uleb128 0x19
 837 005c 11       		.uleb128 0x11
 838 005d 01       		.uleb128 0x1
 839 005e 12       		.uleb128 0x12
 840 005f 06       		.uleb128 0x6
 841 0060 40       		.uleb128 0x40
 842 0061 18       		.uleb128 0x18
 843 0062 9642     		.uleb128 0x2116
 844 0064 19       		.uleb128 0x19
 845 0065 01       		.uleb128 0x1
 846 0066 13       		.uleb128 0x13
 847 0067 00       		.byte	0
 848 0068 00       		.byte	0
 849 0069 09       		.uleb128 0x9
 850 006a 05       		.uleb128 0x5
 851 006b 00       		.byte	0
 852 006c 03       		.uleb128 0x3
 853 006d 08       		.uleb128 0x8
 854 006e 3A       		.uleb128 0x3a
 855 006f 0B       		.uleb128 0xb
 856 0070 3B       		.uleb128 0x3b
 857 0071 0B       		.uleb128 0xb
 858 0072 49       		.uleb128 0x49
 859 0073 13       		.uleb128 0x13
 860 0074 02       		.uleb128 0x2
 861 0075 18       		.uleb128 0x18
 862 0076 00       		.byte	0
 863 0077 00       		.byte	0
 864 0078 0A       		.uleb128 0xa
 865 0079 05       		.uleb128 0x5
 866 007a 00       		.byte	0
 867 007b 03       		.uleb128 0x3
 868 007c 0E       		.uleb128 0xe
 869 007d 3A       		.uleb128 0x3a
 870 007e 0B       		.uleb128 0xb
 871 007f 3B       		.uleb128 0x3b
 872 0080 0B       		.uleb128 0xb
 873 0081 49       		.uleb128 0x49
 874 0082 13       		.uleb128 0x13
 875 0083 02       		.uleb128 0x2
 876 0084 18       		.uleb128 0x18
 877 0085 00       		.byte	0
 878 0086 00       		.byte	0
 879 0087 0B       		.uleb128 0xb
 880 0088 0F       		.uleb128 0xf
 881 0089 00       		.byte	0
ARM GAS  C:\Users\User\AppData\Local\Temp\ccQ5E1wu.s 			page 22


 882 008a 0B       		.uleb128 0xb
 883 008b 0B       		.uleb128 0xb
 884 008c 49       		.uleb128 0x49
 885 008d 13       		.uleb128 0x13
 886 008e 00       		.byte	0
 887 008f 00       		.byte	0
 888 0090 0C       		.uleb128 0xc
 889 0091 26       		.uleb128 0x26
 890 0092 00       		.byte	0
 891 0093 00       		.byte	0
 892 0094 00       		.byte	0
 893 0095 0D       		.uleb128 0xd
 894 0096 2E       		.uleb128 0x2e
 895 0097 00       		.byte	0
 896 0098 03       		.uleb128 0x3
 897 0099 0E       		.uleb128 0xe
 898 009a 3A       		.uleb128 0x3a
 899 009b 0B       		.uleb128 0xb
 900 009c 3B       		.uleb128 0x3b
 901 009d 0B       		.uleb128 0xb
 902 009e 27       		.uleb128 0x27
 903 009f 19       		.uleb128 0x19
 904 00a0 11       		.uleb128 0x11
 905 00a1 01       		.uleb128 0x1
 906 00a2 12       		.uleb128 0x12
 907 00a3 06       		.uleb128 0x6
 908 00a4 40       		.uleb128 0x40
 909 00a5 18       		.uleb128 0x18
 910 00a6 9642     		.uleb128 0x2116
 911 00a8 19       		.uleb128 0x19
 912 00a9 00       		.byte	0
 913 00aa 00       		.byte	0
 914 00ab 0E       		.uleb128 0xe
 915 00ac 2E       		.uleb128 0x2e
 916 00ad 00       		.byte	0
 917 00ae 03       		.uleb128 0x3
 918 00af 0E       		.uleb128 0xe
 919 00b0 3A       		.uleb128 0x3a
 920 00b1 0B       		.uleb128 0xb
 921 00b2 3B       		.uleb128 0x3b
 922 00b3 0B       		.uleb128 0xb
 923 00b4 27       		.uleb128 0x27
 924 00b5 19       		.uleb128 0x19
 925 00b6 11       		.uleb128 0x11
 926 00b7 01       		.uleb128 0x1
 927 00b8 12       		.uleb128 0x12
 928 00b9 06       		.uleb128 0x6
 929 00ba 40       		.uleb128 0x40
 930 00bb 18       		.uleb128 0x18
 931 00bc 9742     		.uleb128 0x2117
 932 00be 19       		.uleb128 0x19
 933 00bf 00       		.byte	0
 934 00c0 00       		.byte	0
 935 00c1 0F       		.uleb128 0xf
 936 00c2 2E       		.uleb128 0x2e
 937 00c3 01       		.byte	0x1
 938 00c4 3F       		.uleb128 0x3f
ARM GAS  C:\Users\User\AppData\Local\Temp\ccQ5E1wu.s 			page 23


 939 00c5 19       		.uleb128 0x19
 940 00c6 03       		.uleb128 0x3
 941 00c7 0E       		.uleb128 0xe
 942 00c8 3A       		.uleb128 0x3a
 943 00c9 0B       		.uleb128 0xb
 944 00ca 3B       		.uleb128 0x3b
 945 00cb 05       		.uleb128 0x5
 946 00cc 27       		.uleb128 0x27
 947 00cd 19       		.uleb128 0x19
 948 00ce 11       		.uleb128 0x11
 949 00cf 01       		.uleb128 0x1
 950 00d0 12       		.uleb128 0x12
 951 00d1 06       		.uleb128 0x6
 952 00d2 40       		.uleb128 0x40
 953 00d3 18       		.uleb128 0x18
 954 00d4 9642     		.uleb128 0x2116
 955 00d6 19       		.uleb128 0x19
 956 00d7 00       		.byte	0
 957 00d8 00       		.byte	0
 958 00d9 10       		.uleb128 0x10
 959 00da 0B       		.uleb128 0xb
 960 00db 01       		.byte	0x1
 961 00dc 11       		.uleb128 0x11
 962 00dd 01       		.uleb128 0x1
 963 00de 12       		.uleb128 0x12
 964 00df 06       		.uleb128 0x6
 965 00e0 00       		.byte	0
 966 00e1 00       		.byte	0
 967 00e2 11       		.uleb128 0x11
 968 00e3 13       		.uleb128 0x13
 969 00e4 01       		.byte	0x1
 970 00e5 0B       		.uleb128 0xb
 971 00e6 0B       		.uleb128 0xb
 972 00e7 3A       		.uleb128 0x3a
 973 00e8 0B       		.uleb128 0xb
 974 00e9 3B       		.uleb128 0x3b
 975 00ea 05       		.uleb128 0x5
 976 00eb 01       		.uleb128 0x1
 977 00ec 13       		.uleb128 0x13
 978 00ed 00       		.byte	0
 979 00ee 00       		.byte	0
 980 00ef 12       		.uleb128 0x12
 981 00f0 0D       		.uleb128 0xd
 982 00f1 00       		.byte	0
 983 00f2 03       		.uleb128 0x3
 984 00f3 0E       		.uleb128 0xe
 985 00f4 3A       		.uleb128 0x3a
 986 00f5 0B       		.uleb128 0xb
 987 00f6 3B       		.uleb128 0x3b
 988 00f7 05       		.uleb128 0x5
 989 00f8 49       		.uleb128 0x49
 990 00f9 13       		.uleb128 0x13
 991 00fa 38       		.uleb128 0x38
 992 00fb 0B       		.uleb128 0xb
 993 00fc 00       		.byte	0
 994 00fd 00       		.byte	0
 995 00fe 13       		.uleb128 0x13
ARM GAS  C:\Users\User\AppData\Local\Temp\ccQ5E1wu.s 			page 24


 996 00ff 01       		.uleb128 0x1
 997 0100 01       		.byte	0x1
 998 0101 49       		.uleb128 0x49
 999 0102 13       		.uleb128 0x13
 1000 0103 01       		.uleb128 0x1
 1001 0104 13       		.uleb128 0x13
 1002 0105 00       		.byte	0
 1003 0106 00       		.byte	0
 1004 0107 14       		.uleb128 0x14
 1005 0108 21       		.uleb128 0x21
 1006 0109 00       		.byte	0
 1007 010a 49       		.uleb128 0x49
 1008 010b 13       		.uleb128 0x13
 1009 010c 2F       		.uleb128 0x2f
 1010 010d 0B       		.uleb128 0xb
 1011 010e 00       		.byte	0
 1012 010f 00       		.byte	0
 1013 0110 15       		.uleb128 0x15
 1014 0111 26       		.uleb128 0x26
 1015 0112 00       		.byte	0
 1016 0113 49       		.uleb128 0x49
 1017 0114 13       		.uleb128 0x13
 1018 0115 00       		.byte	0
 1019 0116 00       		.byte	0
 1020 0117 16       		.uleb128 0x16
 1021 0118 34       		.uleb128 0x34
 1022 0119 00       		.byte	0
 1023 011a 03       		.uleb128 0x3
 1024 011b 0E       		.uleb128 0xe
 1025 011c 3A       		.uleb128 0x3a
 1026 011d 0B       		.uleb128 0xb
 1027 011e 3B       		.uleb128 0x3b
 1028 011f 05       		.uleb128 0x5
 1029 0120 49       		.uleb128 0x49
 1030 0121 13       		.uleb128 0x13
 1031 0122 02       		.uleb128 0x2
 1032 0123 18       		.uleb128 0x18
 1033 0124 00       		.byte	0
 1034 0125 00       		.byte	0
 1035 0126 17       		.uleb128 0x17
 1036 0127 34       		.uleb128 0x34
 1037 0128 00       		.byte	0
 1038 0129 03       		.uleb128 0x3
 1039 012a 08       		.uleb128 0x8
 1040 012b 3A       		.uleb128 0x3a
 1041 012c 0B       		.uleb128 0xb
 1042 012d 3B       		.uleb128 0x3b
 1043 012e 05       		.uleb128 0x5
 1044 012f 49       		.uleb128 0x49
 1045 0130 13       		.uleb128 0x13
 1046 0131 02       		.uleb128 0x2
 1047 0132 18       		.uleb128 0x18
 1048 0133 00       		.byte	0
 1049 0134 00       		.byte	0
 1050 0135 00       		.byte	0
 1051              		.section	.debug_aranges,"",%progbits
 1052 0000 44000000 		.4byte	0x44
ARM GAS  C:\Users\User\AppData\Local\Temp\ccQ5E1wu.s 			page 25


 1053 0004 0200     		.2byte	0x2
 1054 0006 00000000 		.4byte	.Ldebug_info0
 1055 000a 04       		.byte	0x4
 1056 000b 00       		.byte	0
 1057 000c 0000     		.2byte	0
 1058 000e 0000     		.2byte	0
 1059 0010 00000000 		.4byte	.LFB2
 1060 0014 1E000000 		.4byte	.LFE2-.LFB2
 1061 0018 00000000 		.4byte	.LFB3
 1062 001c 20000000 		.4byte	.LFE3-.LFB3
 1063 0020 00000000 		.4byte	.LFB4
 1064 0024 20000000 		.4byte	.LFE4-.LFB4
 1065 0028 00000000 		.4byte	.LFB5
 1066 002c B8000000 		.4byte	.LFE5-.LFB5
 1067 0030 00000000 		.4byte	.LFB6
 1068 0034 28000000 		.4byte	.LFE6-.LFB6
 1069 0038 B8000000 		.4byte	.LFB7
 1070 003c D0000000 		.4byte	.LFE7-.LFB7
 1071 0040 00000000 		.4byte	0
 1072 0044 00000000 		.4byte	0
 1073              		.section	.debug_ranges,"",%progbits
 1074              	.Ldebug_ranges0:
 1075 0000 00000000 		.4byte	.LFB2
 1076 0004 1E000000 		.4byte	.LFE2
 1077 0008 00000000 		.4byte	.LFB3
 1078 000c 20000000 		.4byte	.LFE3
 1079 0010 00000000 		.4byte	.LFB4
 1080 0014 20000000 		.4byte	.LFE4
 1081 0018 00000000 		.4byte	.LFB5
 1082 001c B8000000 		.4byte	.LFE5
 1083 0020 00000000 		.4byte	.LFB6
 1084 0024 28000000 		.4byte	.LFE6
 1085 0028 B8000000 		.4byte	.LFB7
 1086 002c 88010000 		.4byte	.LFE7
 1087 0030 00000000 		.4byte	0
 1088 0034 00000000 		.4byte	0
 1089              		.section	.debug_line,"",%progbits
 1090              	.Ldebug_line0:
 1091 0000 65010000 		.section	.debug_str,"MS",%progbits,1
 1091      0200CB00 
 1091      00000201 
 1091      FB0E0D00 
 1091      01010101 
 1092              	.LASF19:
 1093 0000 72656733 		.ascii	"reg32\000"
 1093      3200
 1094              	.LASF12:
 1095 0006 73697A65 		.ascii	"size_t\000"
 1095      5F7400
 1096              	.LASF25:
 1097 000d 416E616C 		.ascii	"AnalogSetDefault\000"
 1097      6F675365 
 1097      74446566 
 1097      61756C74 
 1097      00
 1098              	.LASF29:
 1099 001e 6366675F 		.ascii	"cfg_memset_list\000"
ARM GAS  C:\Users\User\AppData\Local\Temp\ccQ5E1wu.s 			page 26


 1099      6D656D73 
 1099      65745F6C 
 1099      69737400 
 1100              	.LASF24:
 1101 002e 436C6F63 		.ascii	"ClockSetup\000"
 1101      6B536574 
 1101      757000
 1102              	.LASF6:
 1103 0039 73686F72 		.ascii	"short unsigned int\000"
 1103      7420756E 
 1103      7369676E 
 1103      65642069 
 1103      6E7400
 1104              	.LASF16:
 1105 004c 666C6F61 		.ascii	"float\000"
 1105      7400
 1106              	.LASF22:
 1107 0052 64657374 		.ascii	"dest\000"
 1107      00
 1108              	.LASF27:
 1109 0057 73697A65 		.ascii	"size\000"
 1109      00
 1110              	.LASF18:
 1111 005c 72656738 		.ascii	"reg8\000"
 1111      00
 1112              	.LASF8:
 1113 0061 6C6F6E67 		.ascii	"long unsigned int\000"
 1113      20756E73 
 1113      69676E65 
 1113      6420696E 
 1113      7400
 1114              	.LASF13:
 1115 0073 75696E74 		.ascii	"uint8\000"
 1115      3800
 1116              	.LASF20:
 1117 0079 43594D45 		.ascii	"CYMEMZERO\000"
 1117      4D5A4552 
 1117      4F00
 1118              	.LASF30:
 1119 0083 474E5520 		.ascii	"GNU C11 5.4.1 20160609 (release) [ARM/embedded-5-br"
 1119      43313120 
 1119      352E342E 
 1119      31203230 
 1119      31363036 
 1120 00b6 616E6368 		.ascii	"anch revision 237715] -mcpu=cortex-m0 -mthumb -g -O"
 1120      20726576 
 1120      6973696F 
 1120      6E203233 
 1120      37373135 
 1121 00e9 30202D66 		.ascii	"0 -ffunction-sections -ffat-lto-objects\000"
 1121      66756E63 
 1121      74696F6E 
 1121      2D736563 
 1121      74696F6E 
 1122              	.LASF4:
 1123 0111 756E7369 		.ascii	"unsigned char\000"
 1123      676E6564 
ARM GAS  C:\Users\User\AppData\Local\Temp\ccQ5E1wu.s 			page 27


 1123      20636861 
 1123      7200
 1124              	.LASF17:
 1125 011f 646F7562 		.ascii	"double\000"
 1125      6C6500
 1126              	.LASF33:
 1127 0126 63796669 		.ascii	"cyfitter_cfg\000"
 1127      74746572 
 1127      5F636667 
 1127      00
 1128              	.LASF14:
 1129 0133 75696E74 		.ascii	"uint16\000"
 1129      313600
 1130              	.LASF15:
 1131 013a 75696E74 		.ascii	"uint32\000"
 1131      333200
 1132              	.LASF0:
 1133 0141 756E7369 		.ascii	"unsigned int\000"
 1133      676E6564 
 1133      20696E74 
 1133      00
 1134              	.LASF26:
 1135 014e 61646472 		.ascii	"address\000"
 1135      65737300 
 1136              	.LASF9:
 1137 0156 6C6F6E67 		.ascii	"long long unsigned int\000"
 1137      206C6F6E 
 1137      6720756E 
 1137      7369676E 
 1137      65642069 
 1138              	.LASF28:
 1139 016d 6366675F 		.ascii	"cfg_memset_t\000"
 1139      6D656D73 
 1139      65745F74 
 1139      00
 1140              	.LASF10:
 1141 017a 73697A65 		.ascii	"sizetype\000"
 1141      74797065 
 1141      00
 1142              	.LASF1:
 1143 0183 6C6F6E67 		.ascii	"long long int\000"
 1143      206C6F6E 
 1143      6720696E 
 1143      7400
 1144              	.LASF11:
 1145 0191 63686172 		.ascii	"char\000"
 1145      00
 1146              	.LASF5:
 1147 0196 73686F72 		.ascii	"short int\000"
 1147      7420696E 
 1147      7400
 1148              	.LASF7:
 1149 01a0 6C6F6E67 		.ascii	"long int\000"
 1149      20696E74 
 1149      00
 1150              	.LASF2:
 1151 01a9 6C6F6E67 		.ascii	"long double\000"
ARM GAS  C:\Users\User\AppData\Local\Temp\ccQ5E1wu.s 			page 28


 1151      20646F75 
 1151      626C6500 
 1152              	.LASF3:
 1153 01b5 7369676E 		.ascii	"signed char\000"
 1153      65642063 
 1153      68617200 
 1154              	.LASF31:
 1155 01c1 47656E65 		.ascii	"Generated_Source\\PSoC4\\cyfitter_cfg.c\000"
 1155      72617465 
 1155      645F536F 
 1155      75726365 
 1155      5C50536F 
 1156              	.LASF32:
 1157 01e7 433A5C55 		.ascii	"C:\\Users\\User\\Documents\\PSoC Creator\\Char_LCD_"
 1157      73657273 
 1157      5C557365 
 1157      725C446F 
 1157      63756D65 
 1158 0215 486F7269 		.ascii	"Horizontal_Bar_Graph01\\LCD_40x2.cydsn\000"
 1158      7A6F6E74 
 1158      616C5F42 
 1158      61725F47 
 1158      72617068 
 1159              	.LASF23:
 1160 023b 4359434F 		.ascii	"CYCONFIGCPYCODE\000"
 1160      4E464947 
 1160      43505943 
 1160      4F444500 
 1161              	.LASF21:
 1162 024b 4359434F 		.ascii	"CYCONFIGCPY\000"
 1162      4E464947 
 1162      43505900 
 1163              		.ident	"GCC: (GNU Tools for ARM Embedded Processors) 5.4.1 20160609 (release) [ARM/embedded-5-bran
