Archive member included to satisfy reference by file (symbol)

.\ARM_GCC_541\Debug\LCD_40x2.a(LCD.o)
                              .\ARM_GCC_541\Debug\main.o (LCD_WriteControl)
.\ARM_GCC_541\Debug\LCD_40x2.a(CyLib.o)
                              .\ARM_GCC_541\Debug\cyfitter_cfg.o (CySysClkWriteImoFreq)
.\ARM_GCC_541\Debug\LCD_40x2.a(CyLFClk.o)
                              .\ARM_GCC_541\Debug\cyfitter_cfg.o (CySysClkWcoStart)
.\ARM_GCC_541\Debug\LCD_40x2.a(CyBootAsmGnu.o)
                              .\ARM_GCC_541\Debug\cyfitter_cfg.o (CyDelayCycles)
.\ARM_GCC_541\Debug\LCD_40x2.a(LCD_BarGraph.o)
                              .\ARM_GCC_541\Debug\LCD_40x2.a(LCD.o) (LCD_customFonts)
c:/program files (x86)/cypress/psoc creator/4.2/psoc creator/import/gnu/arm/5.4.1/bin/../lib/gcc/arm-none-eabi/5.4.1/armv6-m\libgcc.a(_udivsi3.o)
                              .\ARM_GCC_541\Debug\LCD_40x2.a(CyLib.o) (__aeabi_uidiv)
c:/program files (x86)/cypress/psoc creator/4.2/psoc creator/import/gnu/arm/5.4.1/bin/../lib/gcc/arm-none-eabi/5.4.1/armv6-m\libgcc.a(_divsi3.o)
                              .\ARM_GCC_541\Debug\LCD_40x2.a(CyLFClk.o) (__aeabi_idiv)
c:/program files (x86)/cypress/psoc creator/4.2/psoc creator/import/gnu/arm/5.4.1/bin/../lib/gcc/arm-none-eabi/5.4.1/armv6-m\libgcc.a(_dvmd_tls.o)
                              c:/program files (x86)/cypress/psoc creator/4.2/psoc creator/import/gnu/arm/5.4.1/bin/../lib/gcc/arm-none-eabi/5.4.1/armv6-m\libgcc.a(_udivsi3.o) (__aeabi_idiv0)
c:/program files (x86)/cypress/psoc creator/4.2/psoc creator/import/gnu/arm/5.4.1/bin/../lib/gcc/arm-none-eabi/5.4.1/../../../../arm-none-eabi/lib/armv6-m\libg_nano.a(lib_a-errno.o)
                              .\ARM_GCC_541\Debug\Cm0Start.o (__errno)
c:/program files (x86)/cypress/psoc creator/4.2/psoc creator/import/gnu/arm/5.4.1/bin/../lib/gcc/arm-none-eabi/5.4.1/../../../../arm-none-eabi/lib/armv6-m\libg_nano.a(lib_a-exit.o)
                              c:/program files (x86)/cypress/psoc creator/4.2/psoc creator/import/gnu/arm/5.4.1/bin/../lib/gcc/arm-none-eabi/5.4.1/../../../../arm-none-eabi/lib/armv6-m/crt0.o (exit)
c:/program files (x86)/cypress/psoc creator/4.2/psoc creator/import/gnu/arm/5.4.1/bin/../lib/gcc/arm-none-eabi/5.4.1/../../../../arm-none-eabi/lib/armv6-m\libg_nano.a(lib_a-impure.o)
                              c:/program files (x86)/cypress/psoc creator/4.2/psoc creator/import/gnu/arm/5.4.1/bin/../lib/gcc/arm-none-eabi/5.4.1/../../../../arm-none-eabi/lib/armv6-m\libg_nano.a(lib_a-exit.o) (_global_impure_ptr)
c:/program files (x86)/cypress/psoc creator/4.2/psoc creator/import/gnu/arm/5.4.1/bin/../lib/gcc/arm-none-eabi/5.4.1/../../../../arm-none-eabi/lib/armv6-m\libg_nano.a(lib_a-init.o)
                              c:/program files (x86)/cypress/psoc creator/4.2/psoc creator/import/gnu/arm/5.4.1/bin/../lib/gcc/arm-none-eabi/5.4.1/../../../../arm-none-eabi/lib/armv6-m/crt0.o (__libc_init_array)
c:/program files (x86)/cypress/psoc creator/4.2/psoc creator/import/gnu/arm/5.4.1/bin/../lib/gcc/arm-none-eabi/5.4.1/../../../../arm-none-eabi/lib/armv6-m\libg_nano.a(lib_a-memcpy-stub.o)
                              .\ARM_GCC_541\Debug\cyfitter_cfg.o (memcpy)
c:/program files (x86)/cypress/psoc creator/4.2/psoc creator/import/gnu/arm/5.4.1/bin/../lib/gcc/arm-none-eabi/5.4.1/../../../../arm-none-eabi/lib/armv6-m\libg_nano.a(lib_a-memset.o)
                              c:/program files (x86)/cypress/psoc creator/4.2/psoc creator/import/gnu/arm/5.4.1/bin/../lib/gcc/arm-none-eabi/5.4.1/../../../../arm-none-eabi/lib/armv6-m/crt0.o (memset)

Discarded input sections

 .text          0x00000000        0x0 c:/program files (x86)/cypress/psoc creator/4.2/psoc creator/import/gnu/arm/5.4.1/bin/../lib/gcc/arm-none-eabi/5.4.1/armv6-m/crti.o
 .data          0x00000000        0x0 c:/program files (x86)/cypress/psoc creator/4.2/psoc creator/import/gnu/arm/5.4.1/bin/../lib/gcc/arm-none-eabi/5.4.1/armv6-m/crti.o
 .bss           0x00000000        0x0 c:/program files (x86)/cypress/psoc creator/4.2/psoc creator/import/gnu/arm/5.4.1/bin/../lib/gcc/arm-none-eabi/5.4.1/armv6-m/crti.o
 .data          0x00000000        0x4 c:/program files (x86)/cypress/psoc creator/4.2/psoc creator/import/gnu/arm/5.4.1/bin/../lib/gcc/arm-none-eabi/5.4.1/armv6-m/crtbegin.o
 .text          0x00000000       0x78 c:/program files (x86)/cypress/psoc creator/4.2/psoc creator/import/gnu/arm/5.4.1/bin/../lib/gcc/arm-none-eabi/5.4.1/../../../../arm-none-eabi/lib/armv6-m/crt0.o
 .data          0x00000000        0x0 c:/program files (x86)/cypress/psoc creator/4.2/psoc creator/import/gnu/arm/5.4.1/bin/../lib/gcc/arm-none-eabi/5.4.1/../../../../arm-none-eabi/lib/armv6-m/crt0.o
 .bss           0x00000000        0x0 c:/program files (x86)/cypress/psoc creator/4.2/psoc creator/import/gnu/arm/5.4.1/bin/../lib/gcc/arm-none-eabi/5.4.1/../../../../arm-none-eabi/lib/armv6-m/crt0.o
 .ARM.extab     0x00000000        0x0 c:/program files (x86)/cypress/psoc creator/4.2/psoc creator/import/gnu/arm/5.4.1/bin/../lib/gcc/arm-none-eabi/5.4.1/../../../../arm-none-eabi/lib/armv6-m/crt0.o
 .ARM.exidx     0x00000000        0x8 c:/program files (x86)/cypress/psoc creator/4.2/psoc creator/import/gnu/arm/5.4.1/bin/../lib/gcc/arm-none-eabi/5.4.1/../../../../arm-none-eabi/lib/armv6-m/crt0.o
 .text          0x00000000        0x0 .\ARM_GCC_541\Debug\main.o
 .data          0x00000000        0x0 .\ARM_GCC_541\Debug\main.o
 .bss           0x00000000        0x0 .\ARM_GCC_541\Debug\main.o
 .text          0x00000000        0x0 .\ARM_GCC_541\Debug\cyfitter_cfg.o
 .data          0x00000000        0x0 .\ARM_GCC_541\Debug\cyfitter_cfg.o
 .bss           0x00000000        0x0 .\ARM_GCC_541\Debug\cyfitter_cfg.o
 .text.CYCONFIGCPY
                0x00000000       0x20 .\ARM_GCC_541\Debug\cyfitter_cfg.o
 .text.CYCONFIGCPYCODE
                0x00000000       0x20 .\ARM_GCC_541\Debug\cyfitter_cfg.o
 .text          0x00000000        0x0 .\ARM_GCC_541\Debug\cymetadata.o
 .data          0x00000000        0x0 .\ARM_GCC_541\Debug\cymetadata.o
 .bss           0x00000000        0x0 .\ARM_GCC_541\Debug\cymetadata.o
 .text          0x00000000        0x0 .\ARM_GCC_541\Debug\Cm0Start.o
 .data          0x00000000        0x4 .\ARM_GCC_541\Debug\Cm0Start.o
 .bss           0x00000000        0x0 .\ARM_GCC_541\Debug\Cm0Start.o
 .text._exit    0x00000000       0x14 .\ARM_GCC_541\Debug\Cm0Start.o
 .text._sbrk    0x00000000       0x50 .\ARM_GCC_541\Debug\Cm0Start.o
 .text          0x00000000        0x0 .\ARM_GCC_541\Debug\LCD_40x2.a(LCD.o)
 .data          0x00000000        0x0 .\ARM_GCC_541\Debug\LCD_40x2.a(LCD.o)
 .text.LCD_Stop
                0x00000000       0x1c .\ARM_GCC_541\Debug\LCD_40x2.a(LCD.o)
 .text.LCD_PutChar
                0x00000000       0x20 .\ARM_GCC_541\Debug\LCD_40x2.a(LCD.o)
 .text          0x00000000        0x0 .\ARM_GCC_541\Debug\LCD_40x2.a(CyLib.o)
 .bss           0x00000000       0x18 .\ARM_GCC_541\Debug\LCD_40x2.a(CyLib.o)
 .text.CySysClkImoStart
                0x00000000       0x1c .\ARM_GCC_541\Debug\LCD_40x2.a(CyLib.o)
 .text.CySysClkImoStop
                0x00000000       0x1c .\ARM_GCC_541\Debug\LCD_40x2.a(CyLib.o)
 .text.CySysClkWriteHfclkDirect
                0x00000000       0x48 .\ARM_GCC_541\Debug\LCD_40x2.a(CyLib.o)
 .text.CySysEnablePumpClock
                0x00000000       0x50 .\ARM_GCC_541\Debug\LCD_40x2.a(CyLib.o)
 .text.CySysClkGetSysclkSource
                0x00000000       0x34 .\ARM_GCC_541\Debug\LCD_40x2.a(CyLib.o)
 .text.CySysClkWriteSysclkDiv
                0x00000000       0x48 .\ARM_GCC_541\Debug\LCD_40x2.a(CyLib.o)
 .text.CySysClkEcoStop
                0x00000000       0x30 .\ARM_GCC_541\Debug\LCD_40x2.a(CyLib.o)
 .text.CySysClkWriteEcoDiv
                0x00000000       0x58 .\ARM_GCC_541\Debug\LCD_40x2.a(CyLib.o)
 .text.CySysLvdEnable
                0x00000000       0x64 .\ARM_GCC_541\Debug\LCD_40x2.a(CyLib.o)
 .text.CySysLvdDisable
                0x00000000       0x2c .\ARM_GCC_541\Debug\LCD_40x2.a(CyLib.o)
 .text.CySysLvdGetInterruptSource
                0x00000000       0x18 .\ARM_GCC_541\Debug\LCD_40x2.a(CyLib.o)
 .text.CySysLvdClearInterrupt
                0x00000000       0x14 .\ARM_GCC_541\Debug\LCD_40x2.a(CyLib.o)
 .text.CySysGetResetReason
                0x00000000       0x30 .\ARM_GCC_541\Debug\LCD_40x2.a(CyLib.o)
 .text.CyDisableInts
                0x00000000       0x24 .\ARM_GCC_541\Debug\LCD_40x2.a(CyLib.o)
 .text.CyEnableInts
                0x00000000       0x1c .\ARM_GCC_541\Debug\LCD_40x2.a(CyLib.o)
 .text.CyIntSetSysVector
                0x00000000       0x48 .\ARM_GCC_541\Debug\LCD_40x2.a(CyLib.o)
 .text.CyIntGetSysVector
                0x00000000       0x34 .\ARM_GCC_541\Debug\LCD_40x2.a(CyLib.o)
 .text.CyIntSetVector
                0x00000000       0x4c .\ARM_GCC_541\Debug\LCD_40x2.a(CyLib.o)
 .text.CyIntGetVector
                0x00000000       0x38 .\ARM_GCC_541\Debug\LCD_40x2.a(CyLib.o)
 .text.CyIntSetPriority
                0x00000000       0xa8 .\ARM_GCC_541\Debug\LCD_40x2.a(CyLib.o)
 .text.CyIntGetPriority
                0x00000000       0x58 .\ARM_GCC_541\Debug\LCD_40x2.a(CyLib.o)
 .text.CyIntEnable
                0x00000000       0x2c .\ARM_GCC_541\Debug\LCD_40x2.a(CyLib.o)
 .text.CyIntGetState
                0x00000000       0x30 .\ARM_GCC_541\Debug\LCD_40x2.a(CyLib.o)
 .text.CyIntDisable
                0x00000000       0x2c .\ARM_GCC_541\Debug\LCD_40x2.a(CyLib.o)
 .text.CyIntSetPending
                0x00000000       0x2c .\ARM_GCC_541\Debug\LCD_40x2.a(CyLib.o)
 .text.CyIntClearPending
                0x00000000       0x2c .\ARM_GCC_541\Debug\LCD_40x2.a(CyLib.o)
 .text.CySoftwareReset
                0x00000000       0x24 .\ARM_GCC_541\Debug\LCD_40x2.a(CyLib.o)
 .text.CyDelayFreq
                0x00000000       0x84 .\ARM_GCC_541\Debug\LCD_40x2.a(CyLib.o)
 .text.CySysTickStart
                0x00000000       0x24 .\ARM_GCC_541\Debug\LCD_40x2.a(CyLib.o)
 .text.CySysTickInit
                0x00000000       0x60 .\ARM_GCC_541\Debug\LCD_40x2.a(CyLib.o)
 .text.CySysTickEnable
                0x00000000       0x20 .\ARM_GCC_541\Debug\LCD_40x2.a(CyLib.o)
 .text.CySysTickStop
                0x00000000       0x1c .\ARM_GCC_541\Debug\LCD_40x2.a(CyLib.o)
 .text.CySysTickEnableInterrupt
                0x00000000       0x1c .\ARM_GCC_541\Debug\LCD_40x2.a(CyLib.o)
 .text.CySysTickDisableInterrupt
                0x00000000       0x1c .\ARM_GCC_541\Debug\LCD_40x2.a(CyLib.o)
 .text.CySysTickSetReload
                0x00000000       0x20 .\ARM_GCC_541\Debug\LCD_40x2.a(CyLib.o)
 .text.CySysTickGetReload
                0x00000000       0x18 .\ARM_GCC_541\Debug\LCD_40x2.a(CyLib.o)
 .text.CySysTickGetValue
                0x00000000       0x18 .\ARM_GCC_541\Debug\LCD_40x2.a(CyLib.o)
 .text.CySysTickSetClockSource
                0x00000000       0x34 .\ARM_GCC_541\Debug\LCD_40x2.a(CyLib.o)
 .text.CySysTickGetClockSource
                0x00000000       0x18 .\ARM_GCC_541\Debug\LCD_40x2.a(CyLib.o)
 .text.CySysTickGetCountFlag
                0x00000000       0x18 .\ARM_GCC_541\Debug\LCD_40x2.a(CyLib.o)
 .text.CySysTickClear
                0x00000000       0x14 .\ARM_GCC_541\Debug\LCD_40x2.a(CyLib.o)
 .text.CySysTickSetCallback
                0x00000000       0x2c .\ARM_GCC_541\Debug\LCD_40x2.a(CyLib.o)
 .text.CySysTickGetCallback
                0x00000000       0x1c .\ARM_GCC_541\Debug\LCD_40x2.a(CyLib.o)
 .text.CySysTickServiceCallbacks
                0x00000000       0x44 .\ARM_GCC_541\Debug\LCD_40x2.a(CyLib.o)
 .text.CyGetUniqueId
                0x00000000       0xc0 .\ARM_GCC_541\Debug\LCD_40x2.a(CyLib.o)
 .text.CySysSetRamAccessArbPriority
                0x00000000       0x38 .\ARM_GCC_541\Debug\LCD_40x2.a(CyLib.o)
 .text.CySysSetFlashAccessArbPriority
                0x00000000       0x38 .\ARM_GCC_541\Debug\LCD_40x2.a(CyLib.o)
 .text.CySysSetDmacAccessArbPriority
                0x00000000       0x38 .\ARM_GCC_541\Debug\LCD_40x2.a(CyLib.o)
 .text.CySysSetPeripheralAccessArbPriority
                0x00000000       0xa0 .\ARM_GCC_541\Debug\LCD_40x2.a(CyLib.o)
 .text          0x00000000        0x0 .\ARM_GCC_541\Debug\LCD_40x2.a(CyLFClk.o)
 .data          0x00000000        0x8 .\ARM_GCC_541\Debug\LCD_40x2.a(CyLFClk.o)
 .bss           0x00000000       0x28 .\ARM_GCC_541\Debug\LCD_40x2.a(CyLFClk.o)
 .rodata        0x00000000        0xc .\ARM_GCC_541\Debug\LCD_40x2.a(CyLFClk.o)
 .text.CySysClkIloStart
                0x00000000       0x1c .\ARM_GCC_541\Debug\LCD_40x2.a(CyLFClk.o)
 .text.CySysClkIloStop
                0x00000000       0x60 .\ARM_GCC_541\Debug\LCD_40x2.a(CyLFClk.o)
 .text.CySysClkIloStartMeasurement
                0x00000000       0x6c .\ARM_GCC_541\Debug\LCD_40x2.a(CyLFClk.o)
 .text.CySysClkIloStopMeasurement
                0x00000000       0x20 .\ARM_GCC_541\Debug\LCD_40x2.a(CyLFClk.o)
 .text.CySysClkIloCompensate
                0x00000000      0x158 .\ARM_GCC_541\Debug\LCD_40x2.a(CyLFClk.o)
 .text.CySysClkIloEnabled
                0x00000000       0x1c .\ARM_GCC_541\Debug\LCD_40x2.a(CyLFClk.o)
 .text.CySysClkIloTrim
                0x00000000      0x124 .\ARM_GCC_541\Debug\LCD_40x2.a(CyLFClk.o)
 .text.CySysClkIloUpdateTrimReg
                0x00000000       0xfc .\ARM_GCC_541\Debug\LCD_40x2.a(CyLFClk.o)
 .text.CySysClkIloRestoreFactoryTrim
                0x00000000       0x4c .\ARM_GCC_541\Debug\LCD_40x2.a(CyLFClk.o)
 .text.CySysClkGetLfclkSource
                0x00000000       0x20 .\ARM_GCC_541\Debug\LCD_40x2.a(CyLFClk.o)
 .text.CySysClkSetLfclkSource
                0x00000000       0x54 .\ARM_GCC_541\Debug\LCD_40x2.a(CyLFClk.o)
 .text.CySysClkWcoStop
                0x00000000       0x60 .\ARM_GCC_541\Debug\LCD_40x2.a(CyLFClk.o)
 .text.CySysClkWcoEnabled
                0x00000000       0x1c .\ARM_GCC_541\Debug\LCD_40x2.a(CyLFClk.o)
 .text.CySysClkWcoClockOutSelect
                0x00000000       0x40 .\ARM_GCC_541\Debug\LCD_40x2.a(CyLFClk.o)
 .text.CySysWdtLock
                0x00000000       0x34 .\ARM_GCC_541\Debug\LCD_40x2.a(CyLFClk.o)
 .text.CySysWdtLocked
                0x00000000       0x20 .\ARM_GCC_541\Debug\LCD_40x2.a(CyLFClk.o)
 .text.CySysWdtUnlock
                0x00000000       0x50 .\ARM_GCC_541\Debug\LCD_40x2.a(CyLFClk.o)
 .text.CySysWdtGetEnabledStatus
                0x00000000       0x34 .\ARM_GCC_541\Debug\LCD_40x2.a(CyLFClk.o)
 .text.CySysWdtSetMode
                0x00000000       0x5c .\ARM_GCC_541\Debug\LCD_40x2.a(CyLFClk.o)
 .text.CySysWdtGetMode
                0x00000000       0x24 .\ARM_GCC_541\Debug\LCD_40x2.a(CyLFClk.o)
 .text.CySysWdtSetClearOnMatch
                0x00000000       0x6c .\ARM_GCC_541\Debug\LCD_40x2.a(CyLFClk.o)
 .text.CySysWdtGetClearOnMatch
                0x00000000       0x44 .\ARM_GCC_541\Debug\LCD_40x2.a(CyLFClk.o)
 .text.CySysWdtEnable
                0x00000000       0x60 .\ARM_GCC_541\Debug\LCD_40x2.a(CyLFClk.o)
 .text.CySysWdtDisable
                0x00000000       0x6c .\ARM_GCC_541\Debug\LCD_40x2.a(CyLFClk.o)
 .text.CySysWdtSetCascade
                0x00000000       0x58 .\ARM_GCC_541\Debug\LCD_40x2.a(CyLFClk.o)
 .text.CySysWdtGetCascade
                0x00000000       0x1c .\ARM_GCC_541\Debug\LCD_40x2.a(CyLFClk.o)
 .text.CySysWdtSetMatch
                0x00000000       0x90 .\ARM_GCC_541\Debug\LCD_40x2.a(CyLFClk.o)
 .text.CySysWdtSetToggleBit
                0x00000000       0x48 .\ARM_GCC_541\Debug\LCD_40x2.a(CyLFClk.o)
 .text.CySysWdtGetToggleBit
                0x00000000       0x18 .\ARM_GCC_541\Debug\LCD_40x2.a(CyLFClk.o)
 .text.CySysWdtGetMatch
                0x00000000       0x40 .\ARM_GCC_541\Debug\LCD_40x2.a(CyLFClk.o)
 .text.CySysWdtGetCount
                0x00000000       0x54 .\ARM_GCC_541\Debug\LCD_40x2.a(CyLFClk.o)
 .text.CySysWdtGetInterruptSource
                0x00000000       0x1c .\ARM_GCC_541\Debug\LCD_40x2.a(CyLFClk.o)
 .text.CySysWdtClearInterrupt
                0x00000000       0x70 .\ARM_GCC_541\Debug\LCD_40x2.a(CyLFClk.o)
 .text.CySysWdtResetCounters
                0x00000000       0x34 .\ARM_GCC_541\Debug\LCD_40x2.a(CyLFClk.o)
 .text.CySysWdtSetInterruptCallback
                0x00000000       0x40 .\ARM_GCC_541\Debug\LCD_40x2.a(CyLFClk.o)
 .text.CySysWdtGetInterruptCallback
                0x00000000       0x34 .\ARM_GCC_541\Debug\LCD_40x2.a(CyLFClk.o)
 .text.CySysWdtEnableCounterIsr
                0x00000000       0x50 .\ARM_GCC_541\Debug\LCD_40x2.a(CyLFClk.o)
 .text.CySysWdtDisableCounterIsr
                0x00000000       0x3c .\ARM_GCC_541\Debug\LCD_40x2.a(CyLFClk.o)
 .text.CySysWdtIsr
                0x00000000       0xec .\ARM_GCC_541\Debug\LCD_40x2.a(CyLFClk.o)
 .text.CySysWatchdogFeed
                0x00000000       0x8c .\ARM_GCC_541\Debug\LCD_40x2.a(CyLFClk.o)
 .text.CySysClkLfclkPosedgeCatch
                0x00000000       0x98 .\ARM_GCC_541\Debug\LCD_40x2.a(CyLFClk.o)
 .text.CySysClkLfclkPosedgeRestore
                0x00000000       0x3c .\ARM_GCC_541\Debug\LCD_40x2.a(CyLFClk.o)
 .text.CySysTimerDelay
                0x00000000       0x68 .\ARM_GCC_541\Debug\LCD_40x2.a(CyLFClk.o)
 .text.CySysTimerDelayUntilMatch
                0x00000000       0xb0 .\ARM_GCC_541\Debug\LCD_40x2.a(CyLFClk.o)
 .data          0x00000000        0x0 .\ARM_GCC_541\Debug\LCD_40x2.a(CyBootAsmGnu.o)
 .bss           0x00000000        0x0 .\ARM_GCC_541\Debug\LCD_40x2.a(CyBootAsmGnu.o)
 .text          0x00000000        0x0 .\ARM_GCC_541\Debug\LCD_40x2.a(LCD_BarGraph.o)
 .data          0x00000000        0x0 .\ARM_GCC_541\Debug\LCD_40x2.a(LCD_BarGraph.o)
 .bss           0x00000000        0x0 .\ARM_GCC_541\Debug\LCD_40x2.a(LCD_BarGraph.o)
 .text.LCD_DrawVerticalBG
                0x00000000      0x194 .\ARM_GCC_541\Debug\LCD_40x2.a(LCD_BarGraph.o)
 .text          0x00000000      0x114 c:/program files (x86)/cypress/psoc creator/4.2/psoc creator/import/gnu/arm/5.4.1/bin/../lib/gcc/arm-none-eabi/5.4.1/armv6-m\libgcc.a(_udivsi3.o)
 .data          0x00000000        0x0 c:/program files (x86)/cypress/psoc creator/4.2/psoc creator/import/gnu/arm/5.4.1/bin/../lib/gcc/arm-none-eabi/5.4.1/armv6-m\libgcc.a(_udivsi3.o)
 .bss           0x00000000        0x0 c:/program files (x86)/cypress/psoc creator/4.2/psoc creator/import/gnu/arm/5.4.1/bin/../lib/gcc/arm-none-eabi/5.4.1/armv6-m\libgcc.a(_udivsi3.o)
 .text          0x00000000      0x1d4 c:/program files (x86)/cypress/psoc creator/4.2/psoc creator/import/gnu/arm/5.4.1/bin/../lib/gcc/arm-none-eabi/5.4.1/armv6-m\libgcc.a(_divsi3.o)
 .data          0x00000000        0x0 c:/program files (x86)/cypress/psoc creator/4.2/psoc creator/import/gnu/arm/5.4.1/bin/../lib/gcc/arm-none-eabi/5.4.1/armv6-m\libgcc.a(_divsi3.o)
 .bss           0x00000000        0x0 c:/program files (x86)/cypress/psoc creator/4.2/psoc creator/import/gnu/arm/5.4.1/bin/../lib/gcc/arm-none-eabi/5.4.1/armv6-m\libgcc.a(_divsi3.o)
 .text          0x00000000        0x4 c:/program files (x86)/cypress/psoc creator/4.2/psoc creator/import/gnu/arm/5.4.1/bin/../lib/gcc/arm-none-eabi/5.4.1/armv6-m\libgcc.a(_dvmd_tls.o)
 .data          0x00000000        0x0 c:/program files (x86)/cypress/psoc creator/4.2/psoc creator/import/gnu/arm/5.4.1/bin/../lib/gcc/arm-none-eabi/5.4.1/armv6-m\libgcc.a(_dvmd_tls.o)
 .bss           0x00000000        0x0 c:/program files (x86)/cypress/psoc creator/4.2/psoc creator/import/gnu/arm/5.4.1/bin/../lib/gcc/arm-none-eabi/5.4.1/armv6-m\libgcc.a(_dvmd_tls.o)
 .text          0x00000000        0x0 c:/program files (x86)/cypress/psoc creator/4.2/psoc creator/import/gnu/arm/5.4.1/bin/../lib/gcc/arm-none-eabi/5.4.1/../../../../arm-none-eabi/lib/armv6-m\libg_nano.a(lib_a-errno.o)
 .data          0x00000000        0x0 c:/program files (x86)/cypress/psoc creator/4.2/psoc creator/import/gnu/arm/5.4.1/bin/../lib/gcc/arm-none-eabi/5.4.1/../../../../arm-none-eabi/lib/armv6-m\libg_nano.a(lib_a-errno.o)
 .bss           0x00000000        0x0 c:/program files (x86)/cypress/psoc creator/4.2/psoc creator/import/gnu/arm/5.4.1/bin/../lib/gcc/arm-none-eabi/5.4.1/../../../../arm-none-eabi/lib/armv6-m\libg_nano.a(lib_a-errno.o)
 .text          0x00000000        0x0 c:/program files (x86)/cypress/psoc creator/4.2/psoc creator/import/gnu/arm/5.4.1/bin/../lib/gcc/arm-none-eabi/5.4.1/../../../../arm-none-eabi/lib/armv6-m\libg_nano.a(lib_a-exit.o)
 .data          0x00000000        0x0 c:/program files (x86)/cypress/psoc creator/4.2/psoc creator/import/gnu/arm/5.4.1/bin/../lib/gcc/arm-none-eabi/5.4.1/../../../../arm-none-eabi/lib/armv6-m\libg_nano.a(lib_a-exit.o)
 .bss           0x00000000        0x0 c:/program files (x86)/cypress/psoc creator/4.2/psoc creator/import/gnu/arm/5.4.1/bin/../lib/gcc/arm-none-eabi/5.4.1/../../../../arm-none-eabi/lib/armv6-m\libg_nano.a(lib_a-exit.o)
 .text.exit     0x00000000       0x2c c:/program files (x86)/cypress/psoc creator/4.2/psoc creator/import/gnu/arm/5.4.1/bin/../lib/gcc/arm-none-eabi/5.4.1/../../../../arm-none-eabi/lib/armv6-m\libg_nano.a(lib_a-exit.o)
 .text          0x00000000        0x0 c:/program files (x86)/cypress/psoc creator/4.2/psoc creator/import/gnu/arm/5.4.1/bin/../lib/gcc/arm-none-eabi/5.4.1/../../../../arm-none-eabi/lib/armv6-m\libg_nano.a(lib_a-impure.o)
 .data          0x00000000        0x0 c:/program files (x86)/cypress/psoc creator/4.2/psoc creator/import/gnu/arm/5.4.1/bin/../lib/gcc/arm-none-eabi/5.4.1/../../../../arm-none-eabi/lib/armv6-m\libg_nano.a(lib_a-impure.o)
 .bss           0x00000000        0x0 c:/program files (x86)/cypress/psoc creator/4.2/psoc creator/import/gnu/arm/5.4.1/bin/../lib/gcc/arm-none-eabi/5.4.1/../../../../arm-none-eabi/lib/armv6-m\libg_nano.a(lib_a-impure.o)
 .rodata._global_impure_ptr
                0x00000000        0x4 c:/program files (x86)/cypress/psoc creator/4.2/psoc creator/import/gnu/arm/5.4.1/bin/../lib/gcc/arm-none-eabi/5.4.1/../../../../arm-none-eabi/lib/armv6-m\libg_nano.a(lib_a-impure.o)
 .text          0x00000000        0x0 c:/program files (x86)/cypress/psoc creator/4.2/psoc creator/import/gnu/arm/5.4.1/bin/../lib/gcc/arm-none-eabi/5.4.1/../../../../arm-none-eabi/lib/armv6-m\libg_nano.a(lib_a-init.o)
 .data          0x00000000        0x0 c:/program files (x86)/cypress/psoc creator/4.2/psoc creator/import/gnu/arm/5.4.1/bin/../lib/gcc/arm-none-eabi/5.4.1/../../../../arm-none-eabi/lib/armv6-m\libg_nano.a(lib_a-init.o)
 .bss           0x00000000        0x0 c:/program files (x86)/cypress/psoc creator/4.2/psoc creator/import/gnu/arm/5.4.1/bin/../lib/gcc/arm-none-eabi/5.4.1/../../../../arm-none-eabi/lib/armv6-m\libg_nano.a(lib_a-init.o)
 .text          0x00000000        0x0 c:/program files (x86)/cypress/psoc creator/4.2/psoc creator/import/gnu/arm/5.4.1/bin/../lib/gcc/arm-none-eabi/5.4.1/../../../../arm-none-eabi/lib/armv6-m\libg_nano.a(lib_a-memcpy-stub.o)
 .data          0x00000000        0x0 c:/program files (x86)/cypress/psoc creator/4.2/psoc creator/import/gnu/arm/5.4.1/bin/../lib/gcc/arm-none-eabi/5.4.1/../../../../arm-none-eabi/lib/armv6-m\libg_nano.a(lib_a-memcpy-stub.o)
 .bss           0x00000000        0x0 c:/program files (x86)/cypress/psoc creator/4.2/psoc creator/import/gnu/arm/5.4.1/bin/../lib/gcc/arm-none-eabi/5.4.1/../../../../arm-none-eabi/lib/armv6-m\libg_nano.a(lib_a-memcpy-stub.o)
 .text.memcpy   0x00000000       0x12 c:/program files (x86)/cypress/psoc creator/4.2/psoc creator/import/gnu/arm/5.4.1/bin/../lib/gcc/arm-none-eabi/5.4.1/../../../../arm-none-eabi/lib/armv6-m\libg_nano.a(lib_a-memcpy-stub.o)
 .text          0x00000000        0x0 c:/program files (x86)/cypress/psoc creator/4.2/psoc creator/import/gnu/arm/5.4.1/bin/../lib/gcc/arm-none-eabi/5.4.1/../../../../arm-none-eabi/lib/armv6-m\libg_nano.a(lib_a-memset.o)
 .data          0x00000000        0x0 c:/program files (x86)/cypress/psoc creator/4.2/psoc creator/import/gnu/arm/5.4.1/bin/../lib/gcc/arm-none-eabi/5.4.1/../../../../arm-none-eabi/lib/armv6-m\libg_nano.a(lib_a-memset.o)
 .bss           0x00000000        0x0 c:/program files (x86)/cypress/psoc creator/4.2/psoc creator/import/gnu/arm/5.4.1/bin/../lib/gcc/arm-none-eabi/5.4.1/../../../../arm-none-eabi/lib/armv6-m\libg_nano.a(lib_a-memset.o)
 .text          0x00000000        0x0 c:/program files (x86)/cypress/psoc creator/4.2/psoc creator/import/gnu/arm/5.4.1/bin/../lib/gcc/arm-none-eabi/5.4.1/armv6-m/crtend.o
 .data          0x00000000        0x0 c:/program files (x86)/cypress/psoc creator/4.2/psoc creator/import/gnu/arm/5.4.1/bin/../lib/gcc/arm-none-eabi/5.4.1/armv6-m/crtend.o
 .bss           0x00000000        0x0 c:/program files (x86)/cypress/psoc creator/4.2/psoc creator/import/gnu/arm/5.4.1/bin/../lib/gcc/arm-none-eabi/5.4.1/armv6-m/crtend.o
 .text          0x00000000        0x0 c:/program files (x86)/cypress/psoc creator/4.2/psoc creator/import/gnu/arm/5.4.1/bin/../lib/gcc/arm-none-eabi/5.4.1/armv6-m/crtn.o
 .data          0x00000000        0x0 c:/program files (x86)/cypress/psoc creator/4.2/psoc creator/import/gnu/arm/5.4.1/bin/../lib/gcc/arm-none-eabi/5.4.1/armv6-m/crtn.o
 .bss           0x00000000        0x0 c:/program files (x86)/cypress/psoc creator/4.2/psoc creator/import/gnu/arm/5.4.1/bin/../lib/gcc/arm-none-eabi/5.4.1/armv6-m/crtn.o

Memory Configuration

Name             Origin             Length             Attributes
rom              0x00000000         0x00040000         xr
ram              0x20000000         0x00008000         xrw
*default*        0x00000000         0xffffffff

Linker script and memory map

LOAD c:/program files (x86)/cypress/psoc creator/4.2/psoc creator/import/gnu/arm/5.4.1/bin/../lib/gcc/arm-none-eabi/5.4.1/armv6-m/crti.o
LOAD c:/program files (x86)/cypress/psoc creator/4.2/psoc creator/import/gnu/arm/5.4.1/bin/../lib/gcc/arm-none-eabi/5.4.1/armv6-m/crtbegin.o
LOAD c:/program files (x86)/cypress/psoc creator/4.2/psoc creator/import/gnu/arm/5.4.1/bin/../lib/gcc/arm-none-eabi/5.4.1/../../../../arm-none-eabi/lib/armv6-m/crt0.o
START GROUP
LOAD .\ARM_GCC_541\Debug\main.o
LOAD .\ARM_GCC_541\Debug\cyfitter_cfg.o
LOAD .\ARM_GCC_541\Debug\cymetadata.o
LOAD .\ARM_GCC_541\Debug\Cm0Start.o
LOAD .\ARM_GCC_541\Debug\LCD_40x2.a
END GROUP
START GROUP
LOAD c:/program files (x86)/cypress/psoc creator/4.2/psoc creator/import/gnu/arm/5.4.1/bin/../lib/gcc/arm-none-eabi/5.4.1/armv6-m\libgcc.a
LOAD c:/program files (x86)/cypress/psoc creator/4.2/psoc creator/import/gnu/arm/5.4.1/bin/../lib/gcc/arm-none-eabi/5.4.1/../../../../arm-none-eabi/lib/armv6-m\libg_nano.a
LOAD c:/program files (x86)/cypress/psoc creator/4.2/psoc creator/import/gnu/arm/5.4.1/bin/../lib/gcc/arm-none-eabi/5.4.1/../../../../arm-none-eabi/lib/armv6-m\libc_nano.a
END GROUP
START GROUP
LOAD c:/program files (x86)/cypress/psoc creator/4.2/psoc creator/import/gnu/arm/5.4.1/bin/../lib/gcc/arm-none-eabi/5.4.1/armv6-m\libgcc.a
LOAD c:/program files (x86)/cypress/psoc creator/4.2/psoc creator/import/gnu/arm/5.4.1/bin/../lib/gcc/arm-none-eabi/5.4.1/../../../../arm-none-eabi/lib/armv6-m\libc_nano.a
END GROUP
LOAD c:/program files (x86)/cypress/psoc creator/4.2/psoc creator/import/gnu/arm/5.4.1/bin/../lib/gcc/arm-none-eabi/5.4.1/armv6-m/crtend.o
LOAD c:/program files (x86)/cypress/psoc creator/4.2/psoc creator/import/gnu/arm/5.4.1/bin/../lib/gcc/arm-none-eabi/5.4.1/armv6-m/crtn.o
START GROUP
LOAD c:/program files (x86)/cypress/psoc creator/4.2/psoc creator/import/gnu/arm/5.4.1/bin/../lib/gcc/arm-none-eabi/5.4.1/armv6-m\libgcc.a
LOAD c:/program files (x86)/cypress/psoc creator/4.2/psoc creator/import/gnu/arm/5.4.1/bin/../lib/gcc/arm-none-eabi/5.4.1/../../../../arm-none-eabi/lib/armv6-m\libc.a
LOAD c:/program files (x86)/cypress/psoc creator/4.2/psoc creator/import/gnu/arm/5.4.1/bin/../lib/gcc/arm-none-eabi/5.4.1/../../../../arm-none-eabi/lib/armv6-m\libnosys.a
END GROUP
                0x00000000                CY_APPL_ORIGIN = 0x0
                0x00000100                CY_FLASH_ROW_SIZE = 0x100
                0x00000001                CY_APPL_NUM = 0x1
                0x00000001                CY_APPL_MAX = 0x1
                0x00000040                CY_METADATA_SIZE = 0x40
                0x00000000                CY_APPL_LOADABLE = 0x0
                0x00000000                CY_CHECKSUM_EXCLUDE_SIZE = ALIGN (0x0, CY_FLASH_ROW_SIZE)
                0x00000000                CY_APP_FOR_STACK_AND_COPIER = 0x0
                [!provide]                PROVIDE (__cy_heap_start, _end)
                0x00000001                PROVIDE (__cy_region_num, ((__cy_regions_end - __cy_regions) / 0x10))
                0x20008000                PROVIDE (__cy_stack, (ORIGIN (ram) + LENGTH (ram)))
                [!provide]                PROVIDE (__cy_heap_end, (__cy_stack - 0x400))

.cybootloader   0x00000000        0x0
 *(.cybootloader)
                0x00000000                appl1_start = CY_APPL_ORIGIN?CY_APPL_ORIGIN:ALIGN (CY_FLASH_ROW_SIZE)
                0x0001ff00                appl2_start = (appl1_start + ALIGN ((((LENGTH (rom) - appl1_start) - (0x2 * CY_FLASH_ROW_SIZE)) / 0x2), CY_FLASH_ROW_SIZE))
                0x00000000                appl_start = (CY_APPL_NUM == 0x1)?appl1_start:appl2_start
                0x00000001                cy_project_type_bootloader = (appl_start == 0x0)?0x1:0x0
                0x00000000                cy_project_type_app_for_stack_and_copier = (CY_APP_FOR_STACK_AND_COPIER == 0x1)?0x1:0x0

.text           0x00000000      0xc98
 CREATE_OBJECT_SYMBOLS
                0x00000000                PROVIDE (__cy_interrupt_vector, RomVectors)
 *(.romvectors)
 .romvectors    0x00000000       0x10 .\ARM_GCC_541\Debug\Cm0Start.o
                0x00000000                RomVectors
                0x00000001                ASSERT ((. != __cy_interrupt_vector), No interrupt vector)
                0x00000001                ASSERT (CY_APPL_ORIGIN?(SIZEOF (.cybootloader) <= CY_APPL_ORIGIN):0x1, Wrong image location)
                0x00000010                PROVIDE (__cy_reset, Reset)
 *(.text.Reset)
 .text.Reset    0x00000010        0x8 .\ARM_GCC_541\Debug\Cm0Start.o
                0x00000010                Reset
                0x00000001                ASSERT ((. != __cy_reset), No reset code)
 *(.psocinit)
 .psocinit      0x00000018      0x188 .\ARM_GCC_541\Debug\cyfitter_cfg.o
                0x000000d0                cyfitter_cfg
                0x000001a0                . = MAX (., 0x100)
 *(.text .text.* .gnu.linkonce.t.*)
 .text          0x000001a0       0x60 c:/program files (x86)/cypress/psoc creator/4.2/psoc creator/import/gnu/arm/5.4.1/bin/../lib/gcc/arm-none-eabi/5.4.1/armv6-m/crtbegin.o
 .text.main     0x00000200       0x68 .\ARM_GCC_541\Debug\main.o
                0x00000200                main
 .text.CYMEMZERO
                0x00000268       0x20 .\ARM_GCC_541\Debug\cyfitter_cfg.o
 .text.AnalogSetDefault
                0x00000288       0x28 .\ARM_GCC_541\Debug\cyfitter_cfg.o
 .text.IntDefaultHandler
                0x000002b0       0x14 .\ARM_GCC_541\Debug\Cm0Start.o
                0x000002b0                IntDefaultHandler
 .text.Start_c  0x000002c4       0x98 .\ARM_GCC_541\Debug\Cm0Start.o
                0x000002c4                Start_c
 .text.initialize_psoc
                0x0000035c       0x70 .\ARM_GCC_541\Debug\Cm0Start.o
                0x0000035c                initialize_psoc
 .text.LCD_Init
                0x000003cc       0x7c .\ARM_GCC_541\Debug\LCD_40x2.a(LCD.o)
                0x000003cc                LCD_Init
 .text.LCD_Enable
                0x00000448       0x1c .\ARM_GCC_541\Debug\LCD_40x2.a(LCD.o)
                0x00000448                LCD_Enable
 .text.LCD_Start
                0x00000464       0x24 .\ARM_GCC_541\Debug\LCD_40x2.a(LCD.o)
                0x00000464                LCD_Start
 .text.LCD_Position
                0x00000488       0x74 .\ARM_GCC_541\Debug\LCD_40x2.a(LCD.o)
                0x00000488                LCD_Position
 .text.LCD_PrintString
                0x000004fc       0x5c .\ARM_GCC_541\Debug\LCD_40x2.a(LCD.o)
                0x000004fc                LCD_PrintString
 .text.LCD_WriteData
                0x00000558       0x4c .\ARM_GCC_541\Debug\LCD_40x2.a(LCD.o)
                0x00000558                LCD_WriteData
 .text.LCD_WriteControl
                0x000005a4       0x4c .\ARM_GCC_541\Debug\LCD_40x2.a(LCD.o)
                0x000005a4                LCD_WriteControl
 .text.LCD_IsReady
                0x000005f0      0x100 .\ARM_GCC_541\Debug\LCD_40x2.a(LCD.o)
                0x000005f0                LCD_IsReady
 .text.LCD_WrDatNib
                0x000006f0       0x68 .\ARM_GCC_541\Debug\LCD_40x2.a(LCD.o)
 .text.LCD_WrCntrlNib
                0x00000758       0x58 .\ARM_GCC_541\Debug\LCD_40x2.a(LCD.o)
 .text.CySysClkWriteImoFreq
                0x000007b0      0x1ec .\ARM_GCC_541\Debug\LCD_40x2.a(CyLib.o)
                0x000007b0                CySysClkWriteImoFreq
 .text.CySysClkEcoStart
                0x0000099c       0x74 .\ARM_GCC_541\Debug\LCD_40x2.a(CyLib.o)
                0x0000099c                CySysClkEcoStart
 .text.CySysClkEcoReadStatus
                0x00000a10       0x20 .\ARM_GCC_541\Debug\LCD_40x2.a(CyLib.o)
                0x00000a10                CySysClkEcoReadStatus
 .text.CyHalt   0x00000a30       0x18 .\ARM_GCC_541\Debug\LCD_40x2.a(CyLib.o)
                0x00000a30                CyHalt
 .text.CyDelay  0x00000a48       0x4c .\ARM_GCC_541\Debug\LCD_40x2.a(CyLib.o)
                0x00000a48                CyDelay
 .text.CyDelayUs
                0x00000a94       0x28 .\ARM_GCC_541\Debug\LCD_40x2.a(CyLib.o)
                0x00000a94                CyDelayUs
 .text.CySysClkWcoSetHighPowerMode
                0x00000abc       0x4c .\ARM_GCC_541\Debug\LCD_40x2.a(CyLFClk.o)
 .text.CySysClkWcoSetLowPowerMode
                0x00000b08       0x4c .\ARM_GCC_541\Debug\LCD_40x2.a(CyLFClk.o)
 .text.CySysClkWcoStart
                0x00000b54       0x20 .\ARM_GCC_541\Debug\LCD_40x2.a(CyLFClk.o)
                0x00000b54                CySysClkWcoStart
 .text.CySysClkWcoSetPowerMode
                0x00000b74       0x40 .\ARM_GCC_541\Debug\LCD_40x2.a(CyLFClk.o)
                0x00000b74                CySysClkWcoSetPowerMode
 *fill*         0x00000bb4        0x4 
 .text          0x00000bb8       0x20 .\ARM_GCC_541\Debug\LCD_40x2.a(CyBootAsmGnu.o)
                0x00000bb8                CyDelayCycles
                0x00000bca                CyEnterCriticalSection
                0x00000bd2                CyExitCriticalSection
 .text.LCD_LoadCustomFonts
                0x00000bd8       0x58 .\ARM_GCC_541\Debug\LCD_40x2.a(LCD_BarGraph.o)
                0x00000bd8                LCD_LoadCustomFonts
 .text.__errno  0x00000c30        0xc c:/program files (x86)/cypress/psoc creator/4.2/psoc creator/import/gnu/arm/5.4.1/bin/../lib/gcc/arm-none-eabi/5.4.1/../../../../arm-none-eabi/lib/armv6-m\libg_nano.a(lib_a-errno.o)
                0x00000c30                __errno
 .text.__libc_init_array
                0x00000c3c       0x4c c:/program files (x86)/cypress/psoc creator/4.2/psoc creator/import/gnu/arm/5.4.1/bin/../lib/gcc/arm-none-eabi/5.4.1/../../../../arm-none-eabi/lib/armv6-m\libg_nano.a(lib_a-init.o)
                0x00000c3c                __libc_init_array
 .text.memset   0x00000c88       0x10 c:/program files (x86)/cypress/psoc creator/4.2/psoc creator/import/gnu/arm/5.4.1/bin/../lib/gcc/arm-none-eabi/5.4.1/../../../../arm-none-eabi/lib/armv6-m\libg_nano.a(lib_a-memset.o)
                0x00000c88                memset
 *(.plt)
 *(.gnu.warning)
 *(.glue_7t)
 .glue_7t       0x00000c98        0x0 linker stubs
 *(.glue_7)
 .glue_7        0x00000c98        0x0 linker stubs
 *(.vfp11_veneer)
 .vfp11_veneer  0x00000c98        0x0 linker stubs
 *(.bootloader)
 *(.ARM.extab* .gnu.linkonce.armextab.*)
 *(.gcc_except_table)

.v4_bx          0x00000c98        0x0
 .v4_bx         0x00000c98        0x0 linker stubs

.iplt           0x00000c98        0x0
 .iplt          0x00000c98        0x0 c:/program files (x86)/cypress/psoc creator/4.2/psoc creator/import/gnu/arm/5.4.1/bin/../lib/gcc/arm-none-eabi/5.4.1/armv6-m/crtbegin.o

.eh_frame_hdr
 *(.eh_frame_hdr)

.eh_frame       0x00000c98        0x4
 *(.eh_frame)
 .eh_frame      0x00000c98        0x0 c:/program files (x86)/cypress/psoc creator/4.2/psoc creator/import/gnu/arm/5.4.1/bin/../lib/gcc/arm-none-eabi/5.4.1/armv6-m/crtbegin.o
 .eh_frame      0x00000c98        0x4 c:/program files (x86)/cypress/psoc creator/4.2/psoc creator/import/gnu/arm/5.4.1/bin/../lib/gcc/arm-none-eabi/5.4.1/armv6-m/crtend.o
                [!provide]                PROVIDE (__exidx_start, .)

.ARM.exidx
 *(.ARM.exidx* .gnu.linkonce.armexidx.*)
                0x00000c9c                __exidx_end = .

.rodata         0x00000c9c       0xd4
 *(.rodata .rodata.* .gnu.linkonce.r.*)
 .rodata        0x00000c9c       0x1a .\ARM_GCC_541\Debug\main.o
 *fill*         0x00000cb6        0x2 
 .rodata        0x00000cb8        0xc .\ARM_GCC_541\Debug\cyfitter_cfg.o
 .rodata        0x00000cc4       0x2e .\ARM_GCC_541\Debug\LCD_40x2.a(CyLib.o)
                0x00000cc4                cyImoFreqMhz2Reg
 *fill*         0x00000cf2        0x2 
 .rodata        0x00000cf4       0x40 .\ARM_GCC_541\Debug\LCD_40x2.a(LCD_BarGraph.o)
                0x00000cf4                LCD_customFonts
 .rodata.str1.1
                0x00000d34        0x2 c:/program files (x86)/cypress/psoc creator/4.2/psoc creator/import/gnu/arm/5.4.1/bin/../lib/gcc/arm-none-eabi/5.4.1/../../../../arm-none-eabi/lib/armv6-m\libg_nano.a(lib_a-impure.o)
                0x00000d38                . = ALIGN (0x4)
 *fill*         0x00000d36        0x2 
 *(.init)
 .init          0x00000d38        0x4 c:/program files (x86)/cypress/psoc creator/4.2/psoc creator/import/gnu/arm/5.4.1/bin/../lib/gcc/arm-none-eabi/5.4.1/armv6-m/crti.o
                0x00000d38                _init
 .init          0x00000d3c        0x8 c:/program files (x86)/cypress/psoc creator/4.2/psoc creator/import/gnu/arm/5.4.1/bin/../lib/gcc/arm-none-eabi/5.4.1/armv6-m/crtn.o
                0x00000d44                . = ALIGN (0x4)
                0x00000d44                __preinit_array_start = .
 *(.preinit_array)
                0x00000d44                __preinit_array_end = .
                0x00000d44                . = ALIGN (0x4)
                0x00000d44                __init_array_start = .
 *(SORT(.init_array.*))
 *(.init_array)
 .init_array    0x00000d44        0x4 c:/program files (x86)/cypress/psoc creator/4.2/psoc creator/import/gnu/arm/5.4.1/bin/../lib/gcc/arm-none-eabi/5.4.1/armv6-m/crtbegin.o
 .init_array    0x00000d48        0x4 .\ARM_GCC_541\Debug\Cm0Start.o
                0x00000d4c                __init_array_end = .
                0x00000d4c                . = ALIGN (0x4)
 *(.fini)
 .fini          0x00000d4c        0x4 c:/program files (x86)/cypress/psoc creator/4.2/psoc creator/import/gnu/arm/5.4.1/bin/../lib/gcc/arm-none-eabi/5.4.1/armv6-m/crti.o
                0x00000d4c                _fini
 .fini          0x00000d50        0x8 c:/program files (x86)/cypress/psoc creator/4.2/psoc creator/import/gnu/arm/5.4.1/bin/../lib/gcc/arm-none-eabi/5.4.1/armv6-m/crtn.o
                0x00000d58                . = ALIGN (0x4)
                0x00000d58                __fini_array_start = .
 *(.fini_array)
 .fini_array    0x00000d58        0x4 c:/program files (x86)/cypress/psoc creator/4.2/psoc creator/import/gnu/arm/5.4.1/bin/../lib/gcc/arm-none-eabi/5.4.1/armv6-m/crtbegin.o
 *(SORT(.fini_array.*))
                0x00000d5c                __fini_array_end = .
                0x00000d5c                . = ALIGN (0x4)
 *crtbegin.o(.ctors)
 *(EXCLUDE_FILE(*crtend.o) .ctors)
 *(SORT(.ctors.*))
 *crtend.o(.ctors)
                0x00000d5c                . = ALIGN (0x4)
 *crtbegin.o(.dtors)
 *(EXCLUDE_FILE(*crtend.o) .dtors)
 *(SORT(.dtors.*))
 *crtend.o(.dtors)
                0x00000d5c                . = ALIGN (0x4)
                0x00000d5c                __cy_regions = .
                0x00000d5c        0x4 LONG 0xd70 __cy_region_init_ram
                0x00000d60        0x4 LONG 0x200000c8 __cy_region_start_data
                0x00000d64        0x4 LONG 0x80 __cy_region_init_size_ram
                0x00000d68        0x4 LONG 0x20 __cy_region_zero_size_ram
                0x00000d6c                __cy_regions_end = .
                0x00000d70                . = ALIGN (0x8)
 *fill*         0x00000d6c        0x4 
                0x00000d70                _etext = .

.cy_checksum_exclude
                0x00000d70        0x0
 *(.cy_checksum_exclude)

.ramvectors     0x20000000       0xc0
                0x20000000                __cy_region_start_ram = .
 *(.ramvectors)
 .ramvectors    0x20000000       0xc0 .\ARM_GCC_541\Debug\Cm0Start.o
                0x20000000                CyRamVectors

.noinit         0x200000c0        0x4
 *(.noinit)
 .noinit        0x200000c0        0x4 .\ARM_GCC_541\Debug\Cm0Start.o

.data           0x200000c8       0x80 load address 0x00000d70
                0x200000c8                __cy_region_start_data = .
 *(.jcr)
 .jcr           0x200000c8        0x0 c:/program files (x86)/cypress/psoc creator/4.2/psoc creator/import/gnu/arm/5.4.1/bin/../lib/gcc/arm-none-eabi/5.4.1/armv6-m/crtbegin.o
 .jcr           0x200000c8        0x4 c:/program files (x86)/cypress/psoc creator/4.2/psoc creator/import/gnu/arm/5.4.1/bin/../lib/gcc/arm-none-eabi/5.4.1/armv6-m/crtend.o
 *(.got.plt)
 *(.got)
 *(.shdata)
 *(.data .data.* .gnu.linkonce.d.*)
 .data          0x200000cc       0x14 .\ARM_GCC_541\Debug\LCD_40x2.a(CyLib.o)
                0x200000cc                cydelayFreqHz
                0x200000d0                cydelayFreqKhz
                0x200000d4                cydelayFreqMhz
                0x200000d8                cydelay32kMs
                0x200000dc                CySysClkPumpConfig
 .data.impure_data
                0x200000e0       0x60 c:/program files (x86)/cypress/psoc creator/4.2/psoc creator/import/gnu/arm/5.4.1/bin/../lib/gcc/arm-none-eabi/5.4.1/../../../../arm-none-eabi/lib/armv6-m\libg_nano.a(lib_a-impure.o)
 .data._impure_ptr
                0x20000140        0x4 c:/program files (x86)/cypress/psoc creator/4.2/psoc creator/import/gnu/arm/5.4.1/bin/../lib/gcc/arm-none-eabi/5.4.1/../../../../arm-none-eabi/lib/armv6-m\libg_nano.a(lib_a-impure.o)
                0x20000140                _impure_ptr
                0x20000148                . = ALIGN (0x8)
 *fill*         0x20000144        0x4 
 *(.ram)
                0x20000148                _edata = .

.igot.plt       0x20000148        0x0 load address 0x00000df0
 .igot.plt      0x20000148        0x0 c:/program files (x86)/cypress/psoc creator/4.2/psoc creator/import/gnu/arm/5.4.1/bin/../lib/gcc/arm-none-eabi/5.4.1/armv6-m/crtbegin.o

.bss            0x20000148       0x20 load address 0x00000df0
                0x20000148                PROVIDE (__bss_start__, .)
 *(.shbss)
 *(.bss .bss.* .gnu.linkonce.b.*)
 .bss           0x20000148       0x1c c:/program files (x86)/cypress/psoc creator/4.2/psoc creator/import/gnu/arm/5.4.1/bin/../lib/gcc/arm-none-eabi/5.4.1/armv6-m/crtbegin.o
 .bss           0x20000164        0x2 .\ARM_GCC_541\Debug\LCD_40x2.a(LCD.o)
                0x20000164                LCD_enableState
                0x20000165                LCD_initVar
 *(COMMON)
                0x20000168                . = ALIGN (0x8)
 *fill*         0x20000166        0x2 
 *(.ram.b)
                0x20000168                _end = .
                0x20000168                __end = .
                0x20000168                PROVIDE (end, .)
                0x20000168                PROVIDE (__bss_end__, .)
                0x00000d70                __cy_region_init_ram = LOADADDR (.data)
                0x00000080                __cy_region_init_size_ram = (_edata - ADDR (.data))
                0x00000020                __cy_region_zero_size_ram = (_end - _edata)

.heap           0x20000168       0x80 load address 0x00000df0
                0x20000168                . = _end
                0x200001e8                . = (. + 0x80)
 *fill*         0x20000168       0x80 
                0x200001e8                __cy_heap_limit = .

.stack          0x20007c00      0x400
                0x20007c00                __cy_stack_limit = .
                0x20008000                . = (. + 0x400)
 *fill*         0x20007c00      0x400 
                0x00000001                ASSERT ((__cy_stack_limit >= __cy_heap_limit), region RAM overflowed with stack)
                0x00000000                cy_checksum_exclude_size = (CY_APPL_LOADABLE == 0x1)?SIZEOF (.cy_checksum_exclude):0x0
                0x00000001                ASSERT ((cy_checksum_exclude_size <= CY_CHECKSUM_EXCLUDE_SIZE), CY_BOOT: Section .cy_checksum_exclude size exceedes specified limit.)
                0x0003ffc0                cyloadermeta_start = (cy_project_type_bootloader || cy_project_type_app_for_stack_and_copier)?(LENGTH (rom) - CY_METADATA_SIZE):0xf0000000

.cyloadermeta
 *(.cyloadermeta)
                0x0003ffc0                cyloadablemeta_start = cy_project_type_app_for_stack_and_copier?((LENGTH (rom) - CY_FLASH_ROW_SIZE) - CY_METADATA_SIZE):((LENGTH (rom) - (CY_FLASH_ROW_SIZE * (CY_APPL_NUM - 0x1))) - CY_METADATA_SIZE)

.cyloadablemeta
 *(.cyloadablemeta)

.cyflashprotect
                0x90400000       0x80
 *(.cyflashprotect)
 .cyflashprotect
                0x90400000       0x80 .\ARM_GCC_541\Debug\cymetadata.o
                0x90400000                cy_meta_flashprotect

.cymeta         0x90500000        0xc
 *(.cymeta)
 .cymeta        0x90500000        0xc .\ARM_GCC_541\Debug\cymetadata.o
                0x90500000                cy_metadata

.cychipprotect  0x90600000        0x1
 *(.cychipprotect)
 .cychipprotect
                0x90600000        0x1 .\ARM_GCC_541\Debug\cymetadata.o
                0x90600000                cy_meta_chipprotect

.rel.dyn        0x00000df0        0x0 load address 0x90600004
 .rel.iplt      0x00000df0        0x0 c:/program files (x86)/cypress/psoc creator/4.2/psoc creator/import/gnu/arm/5.4.1/bin/../lib/gcc/arm-none-eabi/5.4.1/armv6-m/crtbegin.o

.stab
 *(.stab)

.stabstr
 *(.stabstr)

.debug
 *(.debug)

.line
 *(.line)

.debug_srcinfo
 *(.debug_srcinfo)

.debug_sfnames
 *(.debug_sfnames)

.debug_aranges  0x00000000      0x4f0
 *(.debug_aranges)
 .debug_aranges
                0x00000000       0x20 .\ARM_GCC_541\Debug\main.o
 .debug_aranges
                0x00000020       0x48 .\ARM_GCC_541\Debug\cyfitter_cfg.o
 .debug_aranges
                0x00000068       0x18 .\ARM_GCC_541\Debug\cymetadata.o
 .debug_aranges
                0x00000080       0x48 .\ARM_GCC_541\Debug\Cm0Start.o
 .debug_aranges
                0x000000c8       0x78 .\ARM_GCC_541\Debug\LCD_40x2.a(LCD.o)
 .debug_aranges
                0x00000140      0x1d0 .\ARM_GCC_541\Debug\LCD_40x2.a(CyLib.o)
 .debug_aranges
                0x00000310      0x198 .\ARM_GCC_541\Debug\LCD_40x2.a(CyLFClk.o)
 .debug_aranges
                0x000004a8       0x20 .\ARM_GCC_541\Debug\LCD_40x2.a(CyBootAsmGnu.o)
 .debug_aranges
                0x000004c8       0x28 .\ARM_GCC_541\Debug\LCD_40x2.a(LCD_BarGraph.o)

.debug_pubnames
 *(.debug_pubnames)

.debug_info     0x00000000     0x21bd
 *(.debug_info .gnu.linkonce.wi.*)
 .debug_info    0x00000000       0xdb .\ARM_GCC_541\Debug\main.o
 .debug_info    0x000000db      0x259 .\ARM_GCC_541\Debug\cyfitter_cfg.o
 .debug_info    0x00000334       0xf8 .\ARM_GCC_541\Debug\cymetadata.o
 .debug_info    0x0000042c      0x312 .\ARM_GCC_541\Debug\Cm0Start.o
 .debug_info    0x0000073e      0x2dd .\ARM_GCC_541\Debug\LCD_40x2.a(LCD.o)
 .debug_info    0x00000a1b      0xac4 .\ARM_GCC_541\Debug\LCD_40x2.a(CyLib.o)
 .debug_info    0x000014df      0xab3 .\ARM_GCC_541\Debug\LCD_40x2.a(CyLFClk.o)
 .debug_info    0x00001f92       0xa2 .\ARM_GCC_541\Debug\LCD_40x2.a(CyBootAsmGnu.o)
 .debug_info    0x00002034      0x189 .\ARM_GCC_541\Debug\LCD_40x2.a(LCD_BarGraph.o)

.debug_abbrev   0x00000000      0x98f
 *(.debug_abbrev)
 .debug_abbrev  0x00000000       0x6d .\ARM_GCC_541\Debug\main.o
 .debug_abbrev  0x0000006d      0x136 .\ARM_GCC_541\Debug\cyfitter_cfg.o
 .debug_abbrev  0x000001a3       0x5d .\ARM_GCC_541\Debug\cymetadata.o
 .debug_abbrev  0x00000200      0x1c8 .\ARM_GCC_541\Debug\Cm0Start.o
 .debug_abbrev  0x000003c8      0x131 .\ARM_GCC_541\Debug\LCD_40x2.a(LCD.o)
 .debug_abbrev  0x000004f9      0x1a7 .\ARM_GCC_541\Debug\LCD_40x2.a(CyLib.o)
 .debug_abbrev  0x000006a0      0x22a .\ARM_GCC_541\Debug\LCD_40x2.a(CyLFClk.o)
 .debug_abbrev  0x000008ca       0x14 .\ARM_GCC_541\Debug\LCD_40x2.a(CyBootAsmGnu.o)
 .debug_abbrev  0x000008de       0xb1 .\ARM_GCC_541\Debug\LCD_40x2.a(LCD_BarGraph.o)

.debug_line     0x00000000     0x143d
 *(.debug_line)
 .debug_line    0x00000000       0x6b .\ARM_GCC_541\Debug\main.o
 .debug_line    0x0000006b      0x169 .\ARM_GCC_541\Debug\cyfitter_cfg.o
 .debug_line    0x000001d4      0x141 .\ARM_GCC_541\Debug\cymetadata.o
 .debug_line    0x00000315      0x1d0 .\ARM_GCC_541\Debug\Cm0Start.o
 .debug_line    0x000004e5      0x18d .\ARM_GCC_541\Debug\LCD_40x2.a(LCD.o)
 .debug_line    0x00000672      0x57c .\ARM_GCC_541\Debug\LCD_40x2.a(CyLib.o)
 .debug_line    0x00000bee      0x721 .\ARM_GCC_541\Debug\LCD_40x2.a(CyLFClk.o)
 .debug_line    0x0000130f       0x68 .\ARM_GCC_541\Debug\LCD_40x2.a(CyBootAsmGnu.o)
 .debug_line    0x00001377       0xc6 .\ARM_GCC_541\Debug\LCD_40x2.a(LCD_BarGraph.o)

.debug_frame    0x00000000     0x1150
 *(.debug_frame)
 .debug_frame   0x00000000       0x30 .\ARM_GCC_541\Debug\main.o
 .debug_frame   0x00000030       0xc8 .\ARM_GCC_541\Debug\cyfitter_cfg.o
 .debug_frame   0x000000f8       0xc8 .\ARM_GCC_541\Debug\Cm0Start.o
 .debug_frame   0x000001c0      0x180 .\ARM_GCC_541\Debug\LCD_40x2.a(LCD.o)
 .debug_frame   0x00000340      0x6c4 .\ARM_GCC_541\Debug\LCD_40x2.a(CyLib.o)
 .debug_frame   0x00000a04      0x5f8 .\ARM_GCC_541\Debug\LCD_40x2.a(CyLFClk.o)
 .debug_frame   0x00000ffc       0x58 .\ARM_GCC_541\Debug\LCD_40x2.a(LCD_BarGraph.o)
 .debug_frame   0x00001054       0x20 c:/program files (x86)/cypress/psoc creator/4.2/psoc creator/import/gnu/arm/5.4.1/bin/../lib/gcc/arm-none-eabi/5.4.1/armv6-m\libgcc.a(_udivsi3.o)
 .debug_frame   0x00001074       0x20 c:/program files (x86)/cypress/psoc creator/4.2/psoc creator/import/gnu/arm/5.4.1/bin/../lib/gcc/arm-none-eabi/5.4.1/armv6-m\libgcc.a(_divsi3.o)
 .debug_frame   0x00001094       0x20 c:/program files (x86)/cypress/psoc creator/4.2/psoc creator/import/gnu/arm/5.4.1/bin/../lib/gcc/arm-none-eabi/5.4.1/../../../../arm-none-eabi/lib/armv6-m\libg_nano.a(lib_a-errno.o)
 .debug_frame   0x000010b4       0x28 c:/program files (x86)/cypress/psoc creator/4.2/psoc creator/import/gnu/arm/5.4.1/bin/../lib/gcc/arm-none-eabi/5.4.1/../../../../arm-none-eabi/lib/armv6-m\libg_nano.a(lib_a-exit.o)
 .debug_frame   0x000010dc       0x2c c:/program files (x86)/cypress/psoc creator/4.2/psoc creator/import/gnu/arm/5.4.1/bin/../lib/gcc/arm-none-eabi/5.4.1/../../../../arm-none-eabi/lib/armv6-m\libg_nano.a(lib_a-init.o)
 .debug_frame   0x00001108       0x28 c:/program files (x86)/cypress/psoc creator/4.2/psoc creator/import/gnu/arm/5.4.1/bin/../lib/gcc/arm-none-eabi/5.4.1/../../../../arm-none-eabi/lib/armv6-m\libg_nano.a(lib_a-memcpy-stub.o)
 .debug_frame   0x00001130       0x20 c:/program files (x86)/cypress/psoc creator/4.2/psoc creator/import/gnu/arm/5.4.1/bin/../lib/gcc/arm-none-eabi/5.4.1/../../../../arm-none-eabi/lib/armv6-m\libg_nano.a(lib_a-memset.o)

.debug_str      0x00000000     0x127f
 *(.debug_str)
 .debug_str     0x00000000      0x16d .\ARM_GCC_541\Debug\main.o
                                0x1ad (size before relaxing)
 .debug_str     0x0000016d       0xb7 .\ARM_GCC_541\Debug\cyfitter_cfg.o
                                0x257 (size before relaxing)
 .debug_str     0x00000224       0x63 .\ARM_GCC_541\Debug\cymetadata.o
                                0x1da (size before relaxing)
 .debug_str     0x00000287      0x11f .\ARM_GCC_541\Debug\Cm0Start.o
                                0x2e0 (size before relaxing)
 .debug_str     0x000003a6      0x128 .\ARM_GCC_541\Debug\LCD_40x2.a(LCD.o)
                                0x2cf (size before relaxing)
 .debug_str     0x000004ce      0x60a .\ARM_GCC_541\Debug\LCD_40x2.a(CyLib.o)
                                0x7dd (size before relaxing)
 .debug_str     0x00000ad8      0x715 .\ARM_GCC_541\Debug\LCD_40x2.a(CyLFClk.o)
                                0x90c (size before relaxing)
 .debug_str     0x000011ed       0x92 .\ARM_GCC_541\Debug\LCD_40x2.a(LCD_BarGraph.o)
                                0x243 (size before relaxing)

.debug_loc
 *(.debug_loc)

.debug_macinfo
 *(.debug_macinfo)

.debug_ranges   0x00000000      0x448
 *(.debug_ranges)
 .debug_ranges  0x00000000       0x10 .\ARM_GCC_541\Debug\main.o
 .debug_ranges  0x00000010       0x38 .\ARM_GCC_541\Debug\cyfitter_cfg.o
 .debug_ranges  0x00000048       0x38 .\ARM_GCC_541\Debug\Cm0Start.o
 .debug_ranges  0x00000080       0x68 .\ARM_GCC_541\Debug\LCD_40x2.a(LCD.o)
 .debug_ranges  0x000000e8      0x1c0 .\ARM_GCC_541\Debug\LCD_40x2.a(CyLib.o)
 .debug_ranges  0x000002a8      0x188 .\ARM_GCC_541\Debug\LCD_40x2.a(CyLFClk.o)
 .debug_ranges  0x00000430       0x18 .\ARM_GCC_541\Debug\LCD_40x2.a(LCD_BarGraph.o)

.comment        0x00000000       0x6e
 .comment       0x00000000       0x6e .\ARM_GCC_541\Debug\main.o
                                 0x6f (size before relaxing)
 .comment       0x0000006e       0x6f .\ARM_GCC_541\Debug\cyfitter_cfg.o
 .comment       0x0000006e       0x6f .\ARM_GCC_541\Debug\cymetadata.o
 .comment       0x0000006e       0x6f .\ARM_GCC_541\Debug\Cm0Start.o
 .comment       0x0000006e       0x6f .\ARM_GCC_541\Debug\LCD_40x2.a(LCD.o)
 .comment       0x0000006e       0x6f .\ARM_GCC_541\Debug\LCD_40x2.a(CyLib.o)
 .comment       0x0000006e       0x6f .\ARM_GCC_541\Debug\LCD_40x2.a(CyLFClk.o)
 .comment       0x0000006e       0x6f .\ARM_GCC_541\Debug\LCD_40x2.a(LCD_BarGraph.o)

.debug_weaknames
 *(.debug_weaknames)

.debug_funcnames
 *(.debug_funcnames)

.debug_typenames
 *(.debug_typenames)

.debug_varnames
 *(.debug_varnames)

.note.gnu.arm.ident
 *(.note.gnu.arm.ident)

.ARM.attributes
                0x00000000       0x28
 *(.ARM.attributes)
 .ARM.attributes
                0x00000000       0x1e c:/program files (x86)/cypress/psoc creator/4.2/psoc creator/import/gnu/arm/5.4.1/bin/../lib/gcc/arm-none-eabi/5.4.1/armv6-m/crti.o
 .ARM.attributes
                0x0000001e       0x2c c:/program files (x86)/cypress/psoc creator/4.2/psoc creator/import/gnu/arm/5.4.1/bin/../lib/gcc/arm-none-eabi/5.4.1/armv6-m/crtbegin.o
 .ARM.attributes
                0x0000004a       0x1b c:/program files (x86)/cypress/psoc creator/4.2/psoc creator/import/gnu/arm/5.4.1/bin/../lib/gcc/arm-none-eabi/5.4.1/../../../../arm-none-eabi/lib/armv6-m/crt0.o
 .ARM.attributes
                0x00000065       0x31 .\ARM_GCC_541\Debug\main.o
 .ARM.attributes
                0x00000096       0x31 .\ARM_GCC_541\Debug\cyfitter_cfg.o
 .ARM.attributes
                0x000000c7       0x31 .\ARM_GCC_541\Debug\cymetadata.o
 .ARM.attributes
                0x000000f8       0x31 .\ARM_GCC_541\Debug\Cm0Start.o
 .ARM.attributes
                0x00000129       0x31 .\ARM_GCC_541\Debug\LCD_40x2.a(LCD.o)
 .ARM.attributes
                0x0000015a       0x31 .\ARM_GCC_541\Debug\LCD_40x2.a(CyLib.o)
 .ARM.attributes
                0x0000018b       0x31 .\ARM_GCC_541\Debug\LCD_40x2.a(CyLFClk.o)
 .ARM.attributes
                0x000001bc       0x21 .\ARM_GCC_541\Debug\LCD_40x2.a(CyBootAsmGnu.o)
 .ARM.attributes
                0x000001dd       0x31 .\ARM_GCC_541\Debug\LCD_40x2.a(LCD_BarGraph.o)
 .ARM.attributes
                0x0000020e       0x1e c:/program files (x86)/cypress/psoc creator/4.2/psoc creator/import/gnu/arm/5.4.1/bin/../lib/gcc/arm-none-eabi/5.4.1/armv6-m\libgcc.a(_udivsi3.o)
 .ARM.attributes
                0x0000022c       0x1e c:/program files (x86)/cypress/psoc creator/4.2/psoc creator/import/gnu/arm/5.4.1/bin/../lib/gcc/arm-none-eabi/5.4.1/armv6-m\libgcc.a(_divsi3.o)
 .ARM.attributes
                0x0000024a       0x1e c:/program files (x86)/cypress/psoc creator/4.2/psoc creator/import/gnu/arm/5.4.1/bin/../lib/gcc/arm-none-eabi/5.4.1/armv6-m\libgcc.a(_dvmd_tls.o)
 .ARM.attributes
                0x00000268       0x2c c:/program files (x86)/cypress/psoc creator/4.2/psoc creator/import/gnu/arm/5.4.1/bin/../lib/gcc/arm-none-eabi/5.4.1/../../../../arm-none-eabi/lib/armv6-m\libg_nano.a(lib_a-errno.o)
 .ARM.attributes
                0x00000294       0x2c c:/program files (x86)/cypress/psoc creator/4.2/psoc creator/import/gnu/arm/5.4.1/bin/../lib/gcc/arm-none-eabi/5.4.1/../../../../arm-none-eabi/lib/armv6-m\libg_nano.a(lib_a-exit.o)
 .ARM.attributes
                0x000002c0       0x2c c:/program files (x86)/cypress/psoc creator/4.2/psoc creator/import/gnu/arm/5.4.1/bin/../lib/gcc/arm-none-eabi/5.4.1/../../../../arm-none-eabi/lib/armv6-m\libg_nano.a(lib_a-impure.o)
 .ARM.attributes
                0x000002ec       0x2c c:/program files (x86)/cypress/psoc creator/4.2/psoc creator/import/gnu/arm/5.4.1/bin/../lib/gcc/arm-none-eabi/5.4.1/../../../../arm-none-eabi/lib/armv6-m\libg_nano.a(lib_a-init.o)
 .ARM.attributes
                0x00000318       0x2c c:/program files (x86)/cypress/psoc creator/4.2/psoc creator/import/gnu/arm/5.4.1/bin/../lib/gcc/arm-none-eabi/5.4.1/../../../../arm-none-eabi/lib/armv6-m\libg_nano.a(lib_a-memcpy-stub.o)
 .ARM.attributes
                0x00000344       0x2c c:/program files (x86)/cypress/psoc creator/4.2/psoc creator/import/gnu/arm/5.4.1/bin/../lib/gcc/arm-none-eabi/5.4.1/../../../../arm-none-eabi/lib/armv6-m\libg_nano.a(lib_a-memset.o)
 .ARM.attributes
                0x00000370       0x2c c:/program files (x86)/cypress/psoc creator/4.2/psoc creator/import/gnu/arm/5.4.1/bin/../lib/gcc/arm-none-eabi/5.4.1/armv6-m/crtend.o
 .ARM.attributes
                0x0000039c       0x1e c:/program files (x86)/cypress/psoc creator/4.2/psoc creator/import/gnu/arm/5.4.1/bin/../lib/gcc/arm-none-eabi/5.4.1/armv6-m/crtn.o

/DISCARD/
 *(.note.GNU-stack)
OUTPUT(C:\Users\User\Documents\PSoC Creator\Char_LCD_Horizontal_Bar_Graph01\LCD_40x2.cydsn\ARM_GCC_541\Debug\LCD_40x2.elf elf32-littlearm)
